[01:13:31.674] [info] Logger initialized.
[01:13:31.684] [info] Use Adapter:NVIDIA GeForce RTX 3060 Laptop GPU
[01:13:31.912] [info] FeatureLevel : 12.2
[01:13:31.912] [info] dx device create success!!
[01:13:31.946] [info] dx command create success!!
[01:13:31.947] [info] dx descriptor heap rtv create success!!
[01:13:31.947] [info] dx descriptor heap cbv,srv,uav create success!!
[01:13:31.947] [info] dx descriptor heap dsv create success!!
[01:13:32.064] [info] dx swap chain create success!!
[01:13:32.076] [info] [Load Resource] type:Shader, path:"./Packages/Shader/Render/Line/Line2D.vs.hlsl", profile:"vs_6_0"
[01:13:32.082] [info] [Load Resource] type:Shader, path:"./Packages/Shader/Render/Line/Line2D.ps.hlsl", profile:"ps_6_0"
[01:13:32.099] [info] [Load Resource] type:Shader, path:"Packages/Shader/Render/Sprite/Sprite.vs.hlsl", profile:"vs_6_0"
[01:13:32.114] [info] [Load Resource] type:Shader, path:"Packages/Shader/Render/Sprite/Sprite.ps.hlsl", profile:"ps_6_0"
[01:13:32.125] [info] [Load Resource] type:Shader, path:"Packages/Shader/Render/Text/Text.vs.hlsl", profile:"vs_6_0"
[01:13:32.142] [info] [Load Resource] type:Shader, path:"Packages/Shader/Render/Text/Text.ps.hlsl", profile:"ps_6_0"
[01:13:32.166] [info] [Load Resource] type:Shader, path:"Packages/Shader/Render/ParticleSystem2D/ParticleSystem2D.vs.hlsl", profile:"vs_6_0"
[01:13:32.177] [info] [Load Resource] type:Shader, path:"Packages/Shader/Render/ParticleSystem2D/ParticleSystem2D.ps.hlsl", profile:"ps_6_0"
[01:13:32.207] [info] [Load Resource] type:Shader, path:"./Packages/Shader/Render/Line/Line3D.vs.hlsl", profile:"vs_6_0"
[01:13:32.213] [info] [Load Resource] type:Shader, path:"./Packages/Shader/Render/Line/Line3D.ps.hlsl", profile:"ps_6_0"
[01:13:32.229] [info] [Load Resource] type:Shader, path:"Packages/Shader/Render/Skybox/Skybox.vs.hlsl", profile:"vs_6_0"
[01:13:32.238] [info] [Load Resource] type:Shader, path:"Packages/Shader/Render/Skybox/Skybox.ps.hlsl", profile:"ps_6_0"
[01:13:32.254] [info] [Load Resource] type:Shader, path:"./Packages/Shader/Render/Mesh/Mesh.vs.hlsl", profile:"vs_6_0"
[01:13:32.269] [info] [Load Resource] type:Shader, path:"./Packages/Shader/Render/Mesh/Mesh.ps.hlsl", profile:"ps_6_0"
[01:13:32.284] [info] [Load Resource] type:Shader, path:"./Packages/Shader/Render/Mesh/DissolveMesh.vs.hlsl", profile:"vs_6_0"
[01:13:32.298] [info] [Load Resource] type:Shader, path:"./Packages/Shader/Render/Mesh/DissolveMesh.ps.hlsl", profile:"ps_6_0"
[01:13:32.322] [info] [Load Resource] type:Shader, path:"./Packages/Shader/Render/Mesh/SkinMesh.vs.hlsl", profile:"vs_6_0"
[01:13:32.336] [info] [Load Resource] type:Shader, path:"./Packages/Shader/Render/Mesh/SkinMesh.ps.hlsl", profile:"ps_6_0"
[01:13:32.354] [info] [Load Resource] type:Shader, path:"Packages/Shader/Render/Effect/Effect.vs.hlsl", profile:"vs_6_0"
[01:13:32.365] [info] [Load Resource] type:Shader, path:"Packages/Shader/Render/Effect/Effect.ps.hlsl", profile:"ps_6_0"
[01:13:32.408] [info] [Load Resource] type:Shader, path:"Packages/Shader/Render/ParticleSystem/ParticleSystem.vs.hlsl", profile:"vs_6_0"
[01:13:32.422] [info] [Load Resource] type:Shader, path:"Packages/Shader/Render/ParticleSystem/ParticleSystem.ps.hlsl", profile:"ps_6_0"
[01:13:32.466] [info] [Load Resource] type:Shader, path:"./Packages/Shader/Render/Grass/Grass.as.hlsl", profile:"as_6_5"
[01:13:32.504] [info] [Load Resource] type:Shader, path:"./Packages/Shader/Render/Grass/Grass.ms.hlsl", profile:"ms_6_5"
[01:13:32.517] [info] [Load Resource] type:Shader, path:"./Packages/Shader/Render/Grass/Grass.ps.hlsl", profile:"ps_6_0"
[01:13:32.528] [info] [Load Resource] type:Shader, path:"./Packages/Shader/Render/Line/Gizmo3D.vs.hlsl", profile:"vs_6_0"
[01:13:32.532] [info] [Load Resource] type:Shader, path:"./Packages/Shader/Render/Line/Gizmo3D.ps.hlsl", profile:"ps_6_0"
[01:13:32.544] [info] [Load Resource] type:Shader, path:"./Packages/Shader/Render/Line/Gizmo3D.vs.hlsl", profile:"vs_6_0"
[01:13:32.548] [info] [Load Resource] type:Shader, path:"./Packages/Shader/Render/Line/Gizmo3D.ps.hlsl", profile:"ps_6_0"
[01:13:32.579] [info] [Load Resource] type:Shader, path:"Packages/Shader/PostProcess/PerObject/Lighting/Lighting.cs.hlsl", profile:"cs_6_6"
[01:13:32.593] [info] [Load Resource] type:Shader, path:"Packages/Shader/PostProcess/PerObject/Grayscale/Grayscale.cs.hlsl", profile:"cs_6_6"
[01:13:32.605] [info] [Load Resource] type:Shader, path:"Packages/Shader/PostProcess/PerObject/TerrainBrush/TerrainBrush.cs.hlsl", profile:"cs_6_6"
[01:13:32.617] [info] [Load Resource] type:Shader, path:"Packages/Shader/PostProcess/PerObject/VoxelTerrainBrush/VoxelTerrainBrush.cs.hlsl", profile:"cs_6_6"
[01:13:32.634] [info] [Load Resource] type:Shader, path:"./Packages/Shader/PostProcess/PerObject/GaussianBlur/GaussianBlur.cs.hlsl", profile:"cs_6_6"
[01:13:32.635] [info] [Bloom] Initializing PostProcessBloom...
[01:13:32.646] [info] [Load Resource] type:Shader, path:"Packages/Shader/PostProcess/PerObject/Bloom/BloomExtract.cs.hlsl", profile:"cs_6_6"
[01:13:32.661] [info] [Load Resource] type:Shader, path:"./Packages/Shader/PostProcess/PerObject/GaussianBlur/GaussianBlur.cs.hlsl", profile:"cs_6_6"
[01:13:32.670] [info] [Load Resource] type:Shader, path:"Packages/Shader/PostProcess/PerObject/Bloom/BloomComposite.cs.hlsl", profile:"cs_6_6"
[01:13:32.683] [info] [Load Resource] type:Shader, path:"Packages/Shader/PostProcess/PerObject/RadialBlur/RadialBlurPerObject.cs.hlsl", profile:"cs_6_6"
[01:13:32.701] [info] [Load Resource] type:Shader, path:"./Packages/Shader/PostProcess/Screen/ShadowMap/ShadowMap.cs.hlsl", profile:"cs_6_6"
[01:13:32.713] [info] [Load Resource] type:Shader, path:"./Packages/Shader/PostProcess/Screen/Fog/Fog.cs.hlsl", profile:"cs_6_6"
[01:13:32.722] [info] [Load Resource] type:Shader, path:"Packages/Shader/PostProcess/Screen/Grayscale/Grayscale.cs.hlsl", profile:"cs_6_6"
[01:13:32.731] [info] [Load Resource] type:Shader, path:"Packages/Shader/PostProcess/Screen/RadialBlur/RadialBlur.cs.hlsl", profile:"cs_6_6"
[01:13:32.756] [info] [Load Resource] type:Shader, path:"Packages/Shader/PostProcess/Screen/WaterCausticsLightShafts/WaterCausticsLightShafts.cs.hlsl", profile:"cs_6_6"
[01:13:32.771] [info] [Load Resource] type:Shader, path:"Packages/Shader/PostProcess/Screen/WaterDepthFogVignette/WaterDepthFogVignette.cs.hlsl", profile:"cs_6_6"
[01:13:32.785] [info] [Load Resource] type:Shader, path:"Packages/Shader/PostProcess/Screen/WaterColorGrading/WaterColorGrading.cs.hlsl", profile:"cs_6_6"
[01:13:32.795] [info] [Load Resource] type:Shader, path:"Packages/Shader/PostProcess/Screen/WaterDistortion/WaterDistortion.cs.hlsl", profile:"cs_6_6"
[01:13:32.807] [info] [Load Resource] type:Shader, path:"Packages/Shader/PostProcess/Screen/Fisheye/Fisheye.cs.hlsl", profile:"cs_6_6"
[01:13:32.815] [info] [Load Resource] type:Shader, path:"Packages/Shader/PostProcess/Screen/Pixelate/Pixelate.cs.hlsl", profile:"cs_6_6"
[01:13:32.829] [info] [Success Texture Info] Path: "./Packages/Textures/white.png"
[01:13:32.829] [info]  - DescriptorIndex: 0
[01:13:32.829] [info] AssetCollection: Scanning directory: ./Packages/
[01:13:32.835] [info] AssetCollection: Found 125 assets in ./Packages/
[01:13:32.835] [info] [Load] [Model] - Starting load: "./Packages/Models/BackgroundObjects/Bush2.obj" (ext: ".obj")
[01:13:32.835] [info] [Load] [Model] - Starting load: "./Packages/Models/BackgroundObjects/Bush1.obj" (ext: ".obj")
[01:13:32.835] [info] [Load] [Model] - Starting load: "./Packages/Models/BackgroundObjects/Grass1.obj" (ext: ".obj")
[01:13:32.835] [info] [Load] [Model] - Starting load: "./Packages/Models/BackgroundObjects/Bush3.obj" (ext: ".obj")
[01:13:32.842] [info] [Success Texture Info] Path: "./Packages/Textures/Dirt.jpg"
[01:13:32.842] [info]  - DescriptorIndex: 1
[01:13:32.846] [info] [Success Texture Info] Path: "./Packages/Textures/Grass.jpg"
[01:13:32.846] [info]  - DescriptorIndex: 2
[01:13:32.848] [info]   Mesh[0]: "Grass1_Cube", Vertices: 152, Bones: 0
[01:13:32.848] [info]   Mesh[0]: "Bush3_Icosphere.004", Vertices: 72, Bones: 0
[01:13:32.848] [info]   Mesh[0]: "Bush1_Icosphere", Vertices: 113, Bones: 0
[01:13:32.848] [info]   Mesh[0]: "Bush2_Icosphere.002", Vertices: 172, Bones: 0
[01:13:32.849] [info] [Load] [Model] - Finished: "./Packages/Models/BackgroundObjects/Grass1.obj", Total Meshes: 1, Total Clips: 0
[01:13:32.849] [info] [Load] [Model] - Starting load: "./Packages/Models/BackgroundObjects/Grass2.obj" (ext: ".obj")
[01:13:32.849] [info]   Mesh[1]: "Tree.002", Vertices: 138, Bones: 0
[01:13:32.849] [info]   Mesh[1]: "Tree", Vertices: 83, Bones: 0
[01:13:32.849] [info]   Mesh[1]: "Tree.001", Vertices: 222, Bones: 0
[01:13:32.850] [info] [Load] [Model] - Finished: "./Packages/Models/BackgroundObjects/Bush3.obj", Total Meshes: 2, Total Clips: 0
[01:13:32.850] [info] [Load] [Model] - Finished: "./Packages/Models/BackgroundObjects/Bush1.obj", Total Meshes: 2, Total Clips: 0
[01:13:32.851] [info] [Load] [Model] - Starting load: "./Packages/Models/BackgroundObjects/Rock1.obj" (ext: ".obj")
[01:13:32.851] [info] [Load] [Model] - Starting load: "./Packages/Models/BackgroundObjects/Grass3.obj" (ext: ".obj")
[01:13:32.851] [info] [Success Texture Info] Path: "./Packages/Textures/ImGui/FileIcons/FileIcon.png"
[01:13:32.851] [info] [Load] [Model] - Finished: "./Packages/Models/BackgroundObjects/Bush2.obj", Total Meshes: 2, Total Clips: 0
[01:13:32.851] [info]  - DescriptorIndex: 3
[01:13:32.852] [info] [Load] [Model] - Starting load: "./Packages/Models/BackgroundObjects/Rock2.obj" (ext: ".obj")
[01:13:32.860] [info]   Mesh[0]: "Grass2_Cube.003", Vertices: 366, Bones: 0
[01:13:32.861] [info] [Load] [Model] - Finished: "./Packages/Models/BackgroundObjects/Grass2.obj", Total Meshes: 1, Total Clips: 0
[01:13:32.862] [info] [Load] [Model] - Starting load: "./Packages/Models/BackgroundObjects/Rock3.obj" (ext: ".obj")
[01:13:32.862] [info] [Success Texture Info] Path: "./Packages/Textures/ImGui/FileIcons/FolderIcon.png"
[01:13:32.863] [info]  - DescriptorIndex: 4
[01:13:32.864] [info]   Mesh[0]: "Rock_Icosphere.001", Vertices: 98, Bones: 0
[01:13:32.864] [info]   Mesh[0]: "Icosphere_Icosphere.002", Vertices: 102, Bones: 0
[01:13:32.864] [info]   Mesh[0]: "Grass3_Cube.003", Vertices: 364, Bones: 0
[01:13:32.865] [info] [Load] [Model] - Finished: "./Packages/Models/BackgroundObjects/Rock1.obj", Total Meshes: 1, Total Clips: 0
[01:13:32.865] [info] [Load] [Model] - Finished: "./Packages/Models/BackgroundObjects/Rock2.obj", Total Meshes: 1, Total Clips: 0
[01:13:32.865] [info] [Load] [Model] - Starting load: "./Packages/Models/BackgroundObjects/Tree1.obj" (ext: ".obj")
[01:13:32.865] [info] [Load] [Model] - Finished: "./Packages/Models/BackgroundObjects/Grass3.obj", Total Meshes: 1, Total Clips: 0
[01:13:32.865] [info] [Load] [Model] - Starting load: "./Packages/Models/BackgroundObjects/Tree2.obj" (ext: ".obj")
[01:13:32.866] [info] [Load] [Model] - Starting load: "./Packages/Models/BackgroundObjects/Tree3.obj" (ext: ".obj")
[01:13:32.873] [info]   Mesh[0]: "Rock3_Icosphere", Vertices: 84, Bones: 0
[01:13:32.873] [info] [Success Texture Info] Path: "./Packages/Textures/ImGui/FileIcons/lets-icons-sound-none-256.png"
[01:13:32.873] [info]  - DescriptorIndex: 5
[01:13:32.876] [info] [Load] [Model] - Finished: "./Packages/Models/BackgroundObjects/Rock3.obj", Total Meshes: 1, Total Clips: 0
[01:13:32.876] [info] [Load] [Model] - Starting load: "./Packages/Models/BackgroundObjects/Tree4.obj" (ext: ".obj")
[01:13:32.879] [info]   Mesh[0]: "Tree3_Icosphere.001", Vertices: 598, Bones: 0
[01:13:32.879] [info]   Mesh[0]: "Tree2_Icosphere.001", Vertices: 536, Bones: 0
[01:13:32.879] [info]   Mesh[0]: "Tree1_Icosphere.002", Vertices: 518, Bones: 0
[01:13:32.880] [info]   Mesh[1]: "Leaves.008", Vertices: 118, Bones: 0
[01:13:32.880] [info]   Mesh[1]: "Tree.003", Vertices: 356, Bones: 0
[01:13:32.880] [info]   Mesh[1]: "Tree.004", Vertices: 550, Bones: 0
[01:13:32.881] [info] [Load] [Model] - Finished: "./Packages/Models/BackgroundObjects/Tree3.obj", Total Meshes: 2, Total Clips: 0
[01:13:32.881] [info] [Load] [Model] - Finished: "./Packages/Models/BackgroundObjects/Tree1.obj", Total Meshes: 2, Total Clips: 0
[01:13:32.881] [info] [Load] [Model] - Finished: "./Packages/Models/BackgroundObjects/Tree2.obj", Total Meshes: 2, Total Clips: 0
[01:13:32.881] [info] [Load] [Model] - Starting load: "./Packages/Models/Human/sneakWalk.gltf" (ext: ".gltf")
[01:13:32.881] [info] [Load] [Model] - Starting load: "./Packages/Models/Human/walk.gltf" (ext: ".gltf")
[01:13:32.882] [info] [Load] [Model] - Starting load: "./Packages/Models/primitive/cube.obj" (ext: ".obj")
[01:13:32.886] [info]   Mesh[0]: "Tree4_Cylinder.003", Vertices: 665, Bones: 0
[01:13:32.887] [info]   Mesh[1]: "Leaves.009", Vertices: 1035, Bones: 0
[01:13:32.887] [info]   Mesh[0]: "Cube", Vertices: 24, Bones: 0
[01:13:32.888] [info] [Load] [Model] - Finished: "./Packages/Models/BackgroundObjects/Tree4.obj", Total Meshes: 2, Total Clips: 0
[01:13:32.888] [info] [Load] [Model] - Finished: "./Packages/Models/primitive/cube.obj", Total Meshes: 1, Total Clips: 0
[01:13:32.888] [info] [Load] [Model] - Starting load: "./Packages/Models/primitive/frontToPlane.obj" (ext: ".obj")
[01:13:32.888] [info] [Load] [Model] - Starting load: "./Packages/Models/primitive/cylinder.obj" (ext: ".obj")
[01:13:32.897] [info]   Mesh[0]: "円柱", Vertices: 130, Bones: 0
[01:13:32.897] [info]   Mesh[0]: "frontToPlane", Vertices: 4, Bones: 0
[01:13:32.898] [info] [Load] [Model] - Finished: "./Packages/Models/primitive/cylinder.obj", Total Meshes: 1, Total Clips: 0
[01:13:32.899] [info] [Load] [Model] - Finished: "./Packages/Models/primitive/frontToPlane.obj", Total Meshes: 1, Total Clips: 0
[01:13:32.899] [info] [Load] [Model] - Starting load: "./Packages/Models/primitive/plane.obj" (ext: ".obj")
[01:13:32.899] [info] [Load] [Model] - Starting load: "./Packages/Models/primitive/sphere.obj" (ext: ".obj")
[01:13:32.907] [info]   Mesh[0]: "平面", Vertices: 4, Bones: 0
[01:13:32.907] [info] [Success Texture Info] Path: "./Packages/Textures/ImGui/FileIcons/ObjIcon.png"
[01:13:32.907] [info]  - DescriptorIndex: 6
[01:13:32.908] [info] [Load] [Model] - Finished: "./Packages/Models/primitive/plane.obj", Total Meshes: 1, Total Clips: 0
[01:13:32.908] [info]   Mesh[0]: "Retopology_hp_Plane.002", Vertices: 13538, Bones: 55
[01:13:32.908] [info] [Load] [Model] - Starting load: "./Packages/Models/primitive/tube.obj" (ext: ".obj")
[01:13:32.910] [info]   Mesh[0]: "Retopology_hp_Plane.002", Vertices: 13538, Bones: 55
[01:13:32.911] [info]   Mesh[0]: "球", Vertices: 559, Bones: 0
[01:13:32.911] [info] [Load] [AnimationClip] - name:"Armature|mixamo.com|Layer0", hash: 95722531, duration: 1.03s
[01:13:32.912] [info] [Load] [Model] - Finished: "./Packages/Models/primitive/sphere.obj", Total Meshes: 1, Total Clips: 0
[01:13:32.913] [info] [Load] [Model] - Finished: "./Packages/Models/Human/walk.gltf", Total Meshes: 1, Total Clips: 1
[01:13:32.914] [info] [Load] [AnimationClip] - name:"Armature|mixamo.com|Layer0", hash: 95722531, duration: 0.90s
[01:13:32.915] [info]   Mesh[0]: "円柱", Vertices: 66, Bones: 0
[01:13:32.917] [info] [Load] [Model] - Finished: "./Packages/Models/Human/sneakWalk.gltf", Total Meshes: 1, Total Clips: 1
[01:13:32.917] [info] [Load] [Model] - Finished: "./Packages/Models/primitive/tube.obj", Total Meshes: 1, Total Clips: 0
[01:13:32.917] [info] [Success Texture Info] Path: "./Packages/Textures/ImGui/FileIcons/ph-file-c-sharp-none-256.png"
[01:13:32.917] [info]  - DescriptorIndex: 7
[01:13:32.920] [info] [Success Texture Info] Path: "./Packages/Textures/ImGui/pause.png"
[01:13:32.920] [info]  - DescriptorIndex: 8
[01:13:32.923] [info] [Success Texture Info] Path: "./Packages/Textures/ImGui/play.png"
[01:13:32.923] [info]  - DescriptorIndex: 9
[01:13:32.925] [info] [Success Texture Info] Path: "./Packages/Textures/ImGui/reload.png"
[01:13:32.925] [info]  - DescriptorIndex: 10
[01:13:32.934] [info] [Success Texture Info] Path: "./Packages/Textures/ImGui/skip.png"
[01:13:32.934] [info]  - DescriptorIndex: 11
[01:13:32.939] [info] [Success Texture Info] Path: "./Packages/Textures/ImGui/TerrainEditTextures/BrushModeIcon.png"
[01:13:32.939] [info]  - DescriptorIndex: 12
[01:13:32.950] [error] [Load Failed] File is not a Texture3D DDS: "./Packages/Textures/kloofendal_48d_partly_cloudy_puresky_2k.dds"
[01:13:33.106] [info] [Success Texture Info] Path: "./Packages/Textures/kloofendal_48d_partly_cloudy_puresky_2k.dds"
[01:13:33.106] [info]  - DescriptorIndex: 13
[01:13:33.195] [info] [Success Texture Info] Path: "./Packages/Textures/Rock.png"
[01:13:33.195] [info]  - DescriptorIndex: 14
[01:13:33.200] [error] [Load Failed] File is not a Texture3D DDS: "./Packages/Textures/rostock_laage_airport_4k.dds"
[01:13:33.209] [info] [Success Texture Info] Path: "./Packages/Textures/rostock_laage_airport_4k.dds"
[01:13:33.209] [info]  - DescriptorIndex: 15
[01:13:33.211] [warning] [GenerateMipMaps Failed] Using original image: "./Packages/Textures/Sample3DTexture.dds"
[01:13:33.211] [warning] [GenerateMipMaps Failed] Using original image: "./Packages/Textures/Sample3DTexture.dds"
[01:13:33.212] [info] [Texture DDS Info] Path: "./Packages/Textures/Sample3DTexture.dds"
[01:13:33.214] [info] [Success Texture Info] Path: "./Packages/Textures/Snow.jpg"
[01:13:33.214] [info]  - DescriptorIndex: 17
[01:13:33.236] [info] [Success Texture Info] Path: "./Packages/Textures/uvChecker.png"
[01:13:33.236] [info]  - DescriptorIndex: 18
[01:13:33.236] [info] AssetCollection: Scanning directory: ./Assets/
[01:13:33.240] [info] AssetCollection: Found 134 assets in ./Assets/
[01:13:33.244] [info] [Success Texture Info] Path: "./Assets/assets/backGround/cloud.png"
[01:13:33.244] [info]  - DescriptorIndex: 19
[01:13:33.246] [info] [Success Texture Info] Path: "./Assets/assets/backGround/coral_blue.png"
[01:13:33.246] [info]  - DescriptorIndex: 20
[01:13:33.247] [info] [Success Texture Info] Path: "./Assets/assets/backGround/coral_pink.png"
[01:13:33.247] [info]  - DescriptorIndex: 21
[01:13:33.249] [info] [Success Texture Info] Path: "./Assets/assets/backGround/coral_red.png"
[01:13:33.249] [info]  - DescriptorIndex: 22
[01:13:33.251] [info] [Success Texture Info] Path: "./Assets/assets/backGround/coral_yellow.png"
[01:13:33.251] [info]  - DescriptorIndex: 23
[01:13:33.253] [info] [Success Texture Info] Path: "./Assets/assets/backGround/fish.png"
[01:13:33.253] [info]  - DescriptorIndex: 24
[01:13:33.258] [info] [Success Texture Info] Path: "./Assets/assets/backGround/flockFish.png"
[01:13:33.258] [info]  - DescriptorIndex: 25
[01:13:33.260] [info] [Success Texture Info] Path: "./Assets/assets/backGround/foam.png"
[01:13:33.260] [info]  - DescriptorIndex: 26
[01:13:33.263] [info] [Success Texture Info] Path: "./Assets/assets/backGround/lock.png"
[01:13:33.263] [info]  - DescriptorIndex: 27
[01:13:33.265] [info] [Success Texture Info] Path: "./Assets/assets/backGround/lock1.png"
[01:13:33.265] [info]  - DescriptorIndex: 28
[01:13:33.267] [info] [Success Texture Info] Path: "./Assets/assets/backGround/lock2.png"
[01:13:33.267] [info]  - DescriptorIndex: 29
[01:13:33.269] [info] [Success Texture Info] Path: "./Assets/assets/backGround/lock3.png"
[01:13:33.270] [info]  - DescriptorIndex: 30
[01:13:33.272] [info] [Success Texture Info] Path: "./Assets/assets/backGround/lock4.png"
[01:13:33.272] [info]  - DescriptorIndex: 31
[01:13:33.273] [info] [Success Texture Info] Path: "./Assets/assets/backGround/sand.png"
[01:13:33.273] [info]  - DescriptorIndex: 32
[01:13:33.275] [info] [Success Texture Info] Path: "./Assets/assets/backGround/seaBackGround1x1.png"
[01:13:33.275] [info]  - DescriptorIndex: 33
[01:13:33.277] [info] [Success Texture Info] Path: "./Assets/assets/backGround/seaweed.png"
[01:13:33.277] [info]  - DescriptorIndex: 34
[01:13:33.278] [info] [Success Texture Info] Path: "./Assets/assets/backGround/wave.png"
[01:13:33.278] [info]  - DescriptorIndex: 35
[01:13:33.280] [info] [Success Texture Info] Path: "./Assets/assets/background-sample.png"
[01:13:33.280] [info]  - DescriptorIndex: 36
[01:13:33.282] [info] [Success Texture Info] Path: "./Assets/assets/BasicGauge.png"
[01:13:33.282] [info]  - DescriptorIndex: 37
[01:13:33.306] [info] [Success Texture Info] Path: "./Assets/assets/boss/castleCrab.png"
[01:13:33.306] [info]  - DescriptorIndex: 38
[01:13:33.325] [info] [Success Texture Info] Path: "./Assets/assets/boss/giantSquid.png"
[01:13:33.325] [info]  - DescriptorIndex: 39
[01:13:33.327] [info] [Success Texture Info] Path: "./Assets/assets/boss/giantSquid_arm.png"
[01:13:33.327] [info]  - DescriptorIndex: 40
[01:13:33.334] [info] [Success Texture Info] Path: "./Assets/assets/boss/giantSquid_HomingBullet.png"
[01:13:33.334] [info]  - DescriptorIndex: 41
[01:13:33.335] [info] [Success Texture Info] Path: "./Assets/assets/boss/inkBullet.png"
[01:13:33.336] [info]  - DescriptorIndex: 42
[01:13:33.342] [info] [Success Texture Info] Path: "./Assets/assets/boss/jellyfish.png"
[01:13:33.342] [info]  - DescriptorIndex: 43
[01:13:33.346] [info] [Success Texture Info] Path: "./Assets/assets/boss/jellyfishParticle.png"
[01:13:33.347] [info]  - DescriptorIndex: 44
[01:13:33.349] [info] [Success Texture Info] Path: "./Assets/assets/boss/laser.png"
[01:13:33.349] [info]  - DescriptorIndex: 45
[01:13:33.353] [info] [Success Texture Info] Path: "./Assets/assets/boss/laserCenter.png"
[01:13:33.353] [info]  - DescriptorIndex: 46
[01:13:33.355] [info] [Success Texture Info] Path: "./Assets/assets/boss/scissors.png"
[01:13:33.355] [info]  - DescriptorIndex: 47
[01:13:33.357] [info] [Success Texture Info] Path: "./Assets/assets/boss/spark.png"
[01:13:33.357] [info]  - DescriptorIndex: 48
[01:13:33.358] [info] [Success Texture Info] Path: "./Assets/assets/boss/weakness.png"
[01:13:33.358] [info]  - DescriptorIndex: 49
[01:13:33.359] [info] [Success Texture Info] Path: "./Assets/assets/egg.png"
[01:13:33.359] [info]  - DescriptorIndex: 50
[01:13:33.361] [info] [Success Texture Info] Path: "./Assets/assets/enemy/jar.png"
[01:13:33.361] [info]  - DescriptorIndex: 51
[01:13:33.362] [info] [Success Texture Info] Path: "./Assets/assets/enemy/jar2.png"
[01:13:33.362] [info]  - DescriptorIndex: 52
[01:13:33.365] [info] [Success Texture Info] Path: "./Assets/assets/enemy/seaCattle.png"
[01:13:33.365] [info]  - DescriptorIndex: 53
[01:13:33.373] [info] [Success Texture Info] Path: "./Assets/assets/enemy/seaCow.png"
[01:13:33.373] [info]  - DescriptorIndex: 54
[01:13:33.374] [info] [Success Texture Info] Path: "./Assets/assets/enemy/spike.png"
[01:13:33.374] [info]  - DescriptorIndex: 55
[01:13:33.376] [info] [Success Texture Info] Path: "./Assets/assets/enemy/spikeFish.png"
[01:13:33.376] [info]  - DescriptorIndex: 56
[01:13:33.378] [info] [Success Texture Info] Path: "./Assets/assets/enemy/spikeFish_spike.png"
[01:13:33.378] [info]  - DescriptorIndex: 57
[01:13:33.381] [info] [Success Texture Info] Path: "./Assets/assets/enemy/surfaceOctopus.png"
[01:13:33.381] [info]  - DescriptorIndex: 58
[01:13:33.384] [info] [Success Texture Info] Path: "./Assets/assets/enemy/surfaceOctopusHeight.png"
[01:13:33.384] [info]  - DescriptorIndex: 59
[01:13:33.387] [info] [Success Texture Info] Path: "./Assets/assets/enemy/utsubo.png"
[01:13:33.387] [info]  - DescriptorIndex: 60
[01:13:33.390] [info] [Success Texture Info] Path: "./Assets/assets/enemy/utsuboParticle.png"
[01:13:33.390] [info]  - DescriptorIndex: 61
[01:13:33.391] [info] [Success Texture Info] Path: "./Assets/assets/exp.png"
[01:13:33.391] [info]  - DescriptorIndex: 62
[01:13:33.392] [info] [Success Texture Info] Path: "./Assets/assets/fertilized_egg.png"
[01:13:33.392] [info]  - DescriptorIndex: 63
[01:13:33.394] [info] [Success Texture Info] Path: "./Assets/assets/geso.png"
[01:13:33.394] [info]  - DescriptorIndex: 64
[01:13:33.396] [info] [Success Texture Info] Path: "./Assets/assets/Golden dwarf moray.png"
[01:13:33.396] [info]  - DescriptorIndex: 65
[01:13:33.445] [info] [Success Texture Info] Path: "./Assets/assets/kinggeso.png"
[01:13:33.445] [info]  - DescriptorIndex: 66
[01:13:33.447] [info] [Success Texture Info] Path: "./Assets/assets/mendako.png"
[01:13:33.448] [info]  - DescriptorIndex: 67
[01:13:33.450] [info] [Success Texture Info] Path: "./Assets/assets/moray eel.png"
[01:13:33.450] [info]  - DescriptorIndex: 68
[01:13:33.452] [info] [Success Texture Info] Path: "./Assets/assets/player/egg.png"
[01:13:33.452] [info]  - DescriptorIndex: 69
[01:13:33.453] [info] [Success Texture Info] Path: "./Assets/assets/player/larva.png"
[01:13:33.453] [info]  - DescriptorIndex: 70
[01:13:33.455] [info] [Success Texture Info] Path: "./Assets/assets/player/larvaEgg.png"
[01:13:33.456] [info]  - DescriptorIndex: 71
[01:13:33.457] [info] [Success Texture Info] Path: "./Assets/assets/player/player.png"
[01:13:33.457] [info]  - DescriptorIndex: 72
[01:13:33.458] [info] [Success Texture Info] Path: "./Assets/assets/player/playerFace.png"
[01:13:33.459] [info]  - DescriptorIndex: 73
[01:13:33.460] [info] [Success Texture Info] Path: "./Assets/assets/player/playerFeet.png"
[01:13:33.460] [info]  - DescriptorIndex: 74
[01:13:33.461] [info] [Success Texture Info] Path: "./Assets/assets/player/playerHead.png"
[01:13:33.461] [info]  - DescriptorIndex: 75
[01:13:33.463] [info] [Success Texture Info] Path: "./Assets/assets/Porcupine fish.png"
[01:13:33.463] [info]  - DescriptorIndex: 76
[01:13:33.542] [info] [Success Texture Info] Path: "./Assets/assets/smoke.png"
[01:13:33.542] [info]  - DescriptorIndex: 77
[01:13:33.566] [info] [Success Texture Info] Path: "./Assets/assets/title/titleUI.png"
[01:13:33.566] [info]  - DescriptorIndex: 78
[01:13:33.569] [info] [Success Texture Info] Path: "./Assets/assets/title/title_choiceOutline.png"
[01:13:33.569] [info]  - DescriptorIndex: 79
[01:13:33.573] [info] [Success Texture Info] Path: "./Assets/assets/title/title_endUI.png"
[01:13:33.573] [info]  - DescriptorIndex: 80
[01:13:33.576] [info] [Success Texture Info] Path: "./Assets/assets/title/title_optionUI.png"
[01:13:33.576] [info]  - DescriptorIndex: 81
[01:13:33.581] [info] [Success Texture Info] Path: "./Assets/assets/title/title_startUI.png"
[01:13:33.581] [info]  - DescriptorIndex: 82
[01:13:33.586] [info] [Success Texture Info] Path: "./Assets/assets/title.png"
[01:13:33.586] [info]  - DescriptorIndex: 83
[01:13:33.612] [info] [Success Texture Info] Path: "./Assets/assets/tortoise-face.png"
[01:13:33.612] [info]  - DescriptorIndex: 84
[01:13:33.636] [info] [Success Texture Info] Path: "./Assets/assets/tortoise-hip.png"
[01:13:33.636] [info]  - DescriptorIndex: 85
[01:13:33.638] [info] [Success Texture Info] Path: "./Assets/assets/vase.png"
[01:13:33.638] [info]  - DescriptorIndex: 86
[01:13:33.641] [info] [Success Texture Info] Path: "./Assets/assets/waveGauge.png"
[01:13:33.641] [info]  - DescriptorIndex: 87
[01:13:33.642] [info] [Font Loader] Successfully loaded font: "./Assets/Fonts/x8y12pxTheStrongGamer.ttf"
[01:13:33.642] [info] [Font Loader] Successfully loaded font: "./Assets/Fonts/FiraMono-Regular_0.ttf"
[01:13:33.645] [info] [Font Loader] Successfully loaded font: "./Assets/Fonts/MPLUSRounded1c-Black.ttf"
[01:13:33.709] [info] [Success Texture Info] Path: "./Assets/Models/Block/ruins.png"
[01:13:33.709] [info]  - DescriptorIndex: 88
[01:13:33.710] [info] [Load] [Model] - Starting load: "./Assets/Models/Block/ruins_block2.obj" (ext: ".obj")
[01:13:33.710] [info] [Load] [Model] - Starting load: "./Assets/Models/Block/ruins_block3.obj" (ext: ".obj")
[01:13:33.710] [info] [Load] [Model] - Starting load: "./Assets/Models/Block/ruins_big.obj" (ext: ".obj")
[01:13:33.710] [info] [Load] [Model] - Starting load: "./Assets/Models/Block/ruins_block1.obj" (ext: ".obj")
[01:13:33.711] [info] [Success Texture Info] Path: "./Assets/Models/Block/terrian.png"
[01:13:33.711] [info]  - DescriptorIndex: 89
[01:13:33.722] [info]   Mesh[0]: "立方体.002", Vertices: 96, Bones: 0
[01:13:33.724] [info] [Load] [Model] - Finished: "./Assets/Models/Block/ruins_block1.obj", Total Meshes: 1, Total Clips: 0
[01:13:33.724] [info]   Mesh[0]: "立方体.001", Vertices: 488, Bones: 0
[01:13:33.724] [info] [Load] [Model] - Starting load: "./Assets/Models/Block/ruins_block4.obj" (ext: ".obj")
[01:13:33.725] [info]   Mesh[0]: "立方体", Vertices: 578, Bones: 0
[01:13:33.725] [info] [Load] [Model] - Finished: "./Assets/Models/Block/ruins_block2.obj", Total Meshes: 1, Total Clips: 0
[01:13:33.725] [info] [Load] [Model] - Starting load: "./Assets/Models/Block/terrian.obj" (ext: ".obj")
[01:13:33.725] [info] [Load] [Model] - Finished: "./Assets/Models/Block/ruins_block3.obj", Total Meshes: 1, Total Clips: 0
[01:13:33.726] [info] [Load] [Model] - Starting load: "./Assets/Models/Bomb/bomb.obj" (ext: ".obj")
[01:13:33.729] [info]   Mesh[0]: "Cube", Vertices: 1776, Bones: 0
[01:13:33.730] [info] [Load] [Model] - Finished: "./Assets/Models/Block/ruins_big.obj", Total Meshes: 1, Total Clips: 0
[01:13:33.733] [info]   Mesh[0]: "Cube", Vertices: 394, Bones: 0
[01:13:33.733] [info] [Load] [Model] - Finished: "./Assets/Models/Block/ruins_block4.obj", Total Meshes: 1, Total Clips: 0
[01:13:33.734] [info]   Mesh[0]: "立方体", Vertices: 48, Bones: 0
[01:13:33.735] [info] [Load] [Model] - Finished: "./Assets/Models/Block/terrian.obj", Total Meshes: 1, Total Clips: 0
[01:13:33.737] [info]   Mesh[0]: "円柱.001", Vertices: 2520, Bones: 0
[01:13:33.737] [info] [Load] [Model] - Finished: "./Assets/Models/Bomb/bomb.obj", Total Meshes: 1, Total Clips: 0
[01:13:33.788] [info] [Success Texture Info] Path: "./Assets/Models/Bomb/bomb.png"
[01:13:33.789] [info]  - DescriptorIndex: 90
[01:13:33.790] [info] [Load] [Model] - Starting load: "./Assets/Models/Boss/boss.obj" (ext: ".obj")
[01:13:33.796] [info]   Mesh[0]: "立方体.027", Vertices: 2175, Bones: 0
[01:13:33.797] [info] [Load] [Model] - Finished: "./Assets/Models/Boss/boss.obj", Total Meshes: 1, Total Clips: 0
[01:13:33.869] [info] [Success Texture Info] Path: "./Assets/Models/Boss/boss.png"
[01:13:33.869] [info]  - DescriptorIndex: 91
[01:13:33.870] [info] [Load] [Model] - Starting load: "./Assets/Models/objects/Outscene/boss_head.gltf" (ext: ".gltf")
[01:13:33.870] [info] [Load] [Model] - Starting load: "./Assets/Models/objects/PlayerLeftHand/PlayerLeftHand.obj" (ext: ".obj")
[01:13:33.870] [info] [Load] [Model] - Starting load: "./Assets/Models/objects/FieldCell/FieldCell.obj" (ext: ".obj")
[01:13:33.870] [info] [Load] [Model] - Starting load: "./Assets/Models/Boss/boss_animation.gltf" (ext: ".gltf")
[01:13:33.871] [info]   Mesh[0]: "立方体.002", Vertices: 436, Bones: 0
[01:13:33.872] [info] [Load] [Model] - Finished: "./Assets/Models/objects/Outscene/boss_head.gltf", Total Meshes: 1, Total Clips: 0
[01:13:33.872] [info] [Load] [Model] - Starting load: "./Assets/Models/objects/PlayerRightHand/PlayerRightHand.obj" (ext: ".obj")
[01:13:33.875] [error] AssetLoader<Model>::ValidateModel: aiScene is null.
[01:13:33.875] [error] [Load] [Model] - Assimp Error: "GLTF: Invalid byteLength exceeds size of actual data.", path: "./Assets/Models/Boss/boss_animation.gltf"
[01:13:33.875] [info] [Load] [Model] - Starting load: "./Assets/Models/Outgame/bg/bonfire.gltf" (ext: ".gltf")
[01:13:33.876] [info]   Mesh[0]: "円柱.001", Vertices: 624, Bones: 0
[01:13:33.877] [info]   Mesh[0]: "Cube", Vertices: 24, Bones: 0
[01:13:33.877] [info]   Mesh[0]: "Cube", Vertices: 24, Bones: 0
[01:13:33.877] [info] [Load] [Model] - Finished: "./Assets/Models/objects/PlayerLeftHand/PlayerLeftHand.obj", Total Meshes: 1, Total Clips: 0
[01:13:33.878] [info] [Load] [Model] - Finished: "./Assets/Models/Outgame/bg/bonfire.gltf", Total Meshes: 1, Total Clips: 0
[01:13:33.878] [info] [Load] [Model] - Finished: "./Assets/Models/objects/FieldCell/FieldCell.obj", Total Meshes: 1, Total Clips: 0
[01:13:33.879] [info]   Mesh[0]: "Cube", Vertices: 24, Bones: 0
[01:13:33.879] [info] [Load] [Model] - Finished: "./Assets/Models/objects/PlayerRightHand/PlayerRightHand.obj", Total Meshes: 1, Total Clips: 0
[01:13:33.946] [info] [Success Texture Info] Path: "./Assets/Models/Outgame/bg/bonfire.png"
[01:13:33.946] [info]  - DescriptorIndex: 92
[01:13:33.947] [info] [Load] [Model] - Starting load: "./Assets/Models/Outgame/bg/ground.gltf" (ext: ".gltf")
[01:13:33.955] [info]   Mesh[0]: "平面.002", Vertices: 10201, Bones: 0
[01:13:33.957] [info] [Load] [Model] - Finished: "./Assets/Models/Outgame/bg/ground.gltf", Total Meshes: 1, Total Clips: 0
[01:13:34.024] [info] [Success Texture Info] Path: "./Assets/Models/Outgame/boss.png"
[01:13:34.024] [info]  - DescriptorIndex: 93
[01:13:34.025] [info] [Load] [Model] - Starting load: "./Assets/Models/Outgame/boss_head.gltf" (ext: ".gltf")
[01:13:34.025] [info] [Load] [Model] - Starting load: "./Assets/Models/pillar.obj" (ext: ".obj")
[01:13:34.027] [info]   Mesh[0]: "円錐.009", Vertices: 1208, Bones: 0
[01:13:34.027] [info] [Load] [Model] - Finished: "./Assets/Models/Outgame/boss_head.gltf", Total Meshes: 1, Total Clips: 0
[01:13:34.030] [info]   Mesh[0]: "立方体.003", Vertices: 734, Bones: 0
[01:13:34.031] [info] [Load] [Model] - Finished: "./Assets/Models/pillar.obj", Total Meshes: 1, Total Clips: 0
[01:13:34.084] [info] [Success Texture Info] Path: "./Assets/Models/pillar.png"
[01:13:34.085] [info]  - DescriptorIndex: 94
[01:13:34.086] [info] [Load] [Model] - Starting load: "./Assets/Models/Player/hand.obj" (ext: ".obj")
[01:13:34.086] [info] [Load] [Model] - Starting load: "./Assets/Models/Player/hand.gltf" (ext: ".gltf")
[01:13:34.089] [error] AssetLoader<Model>::ValidateModel: aiScene is null.
[01:13:34.089] [error] [Load] [Model] - Assimp Error: "GLTF: could not open referenced file "hand.bin"", path: "./Assets/Models/Player/hand.gltf"
[01:13:34.091] [info]   Mesh[0]: "立方体", Vertices: 732, Bones: 0
[01:13:34.092] [info] [Load] [Model] - Finished: "./Assets/Models/Player/hand.obj", Total Meshes: 1, Total Clips: 0
[01:13:34.146] [info] [Success Texture Info] Path: "./Assets/Models/Player/hand.png"
[01:13:34.146] [info]  - DescriptorIndex: 95
[01:13:34.147] [info] [Load] [Model] - Starting load: "./Assets/Models/Soldier/soldier.obj" (ext: ".obj")
[01:13:34.147] [info] [Load] [Model] - Starting load: "./Assets/Models/Soldier/soldier.gltf" (ext: ".gltf")
[01:13:34.147] [info] [Load] [Model] - Starting load: "./Assets/Models/primitive/front_cube.obj" (ext: ".obj")
[01:13:34.149] [info]   Mesh[0]: "円柱", Vertices: 1243, Bones: 9
[01:13:34.149] [info] [Load] [AnimationClip] - name:"appear", hash: 4138087844, duration: 0.33s
[01:13:34.149] [info] [Load] [AnimationClip] - name:"dance", hash: 4162136220, duration: 1.33s
[01:13:34.149] [info] [Load] [AnimationClip] - name:"leaving", hash: 17007323, duration: 0.33s
[01:13:34.149] [info] [Load] [AnimationClip] - name:"move", hash: 407568404, duration: 0.33s
[01:13:34.150] [info] [Load] [Model] - Finished: "./Assets/Models/Soldier/soldier.gltf", Total Meshes: 1, Total Clips: 4
[01:13:34.152] [info]   Mesh[0]: "Cube", Vertices: 24, Bones: 0
[01:13:34.153] [info] [Load] [Model] - Finished: "./Assets/Models/primitive/front_cube.obj", Total Meshes: 1, Total Clips: 0
[01:13:34.155] [info]   Mesh[0]: "立方体", Vertices: 2206, Bones: 0
[01:13:34.155] [info] [Load] [Model] - Finished: "./Assets/Models/Soldier/soldier.obj", Total Meshes: 1, Total Clips: 0
[01:13:34.219] [info] [Success Texture Info] Path: "./Assets/Models/Soldier/soldier.png"
[01:13:34.219] [info]  - DescriptorIndex: 96
[01:13:34.220] [info] [Load] [Model] - Starting load: "./Assets/Models/Soldier/soldier_support.gltf" (ext: ".gltf")
[01:13:34.222] [info]   Mesh[0]: "立方体.001", Vertices: 1017, Bones: 9
[01:13:34.222] [info] [Load] [AnimationClip] - name:"beating", hash: 4182670843, duration: 0.67s
[01:13:34.223] [info] [Load] [Model] - Finished: "./Assets/Models/Soldier/soldier_support.gltf", Total Meshes: 1, Total Clips: 1
[01:13:34.297] [info] [Success Texture Info] Path: "./Assets/Models/Soldier/soldier_support.png"
[01:13:34.297] [info]  - DescriptorIndex: 97
[01:13:34.321] [info] [Load] [AudioClip] - path:"./Assets/Sounds/pause-ui-select.mp3"
[01:13:34.321] [info] [Success Texture Info] Path: "./Assets/Textures/AButton.png"
[01:13:34.321] [info]  - DescriptorIndex: 98
[01:13:34.345] [info] [Success Texture Info] Path: "./Assets/Textures/circle.png"
[01:13:34.345] [info]  - DescriptorIndex: 99
[01:13:34.369] [info] [Success Texture Info] Path: "./Assets/Textures/GameClear/GameClearText.png"
[01:13:34.370] [info]  - DescriptorIndex: 100
[01:13:34.381] [info] [Success Texture Info] Path: "./Assets/Textures/GameClear/GameOverText.png"
[01:13:34.381] [info]  - DescriptorIndex: 101
[01:13:34.397] [info] [Success Texture Info] Path: "./Assets/Textures/gradation.png"
[01:13:34.397] [info]  - DescriptorIndex: 102
[01:13:34.417] [info] [Success Texture Info] Path: "./Assets/Textures/gradationLine.png"
[01:13:34.417] [info]  - DescriptorIndex: 103
[01:13:34.438] [info] [Success Texture Info] Path: "./Assets/Textures/noise.png"
[01:13:34.438] [info]  - DescriptorIndex: 104
[01:13:34.458] [info] [Success Texture Info] Path: "./Assets/Textures/ring.png"
[01:13:34.458] [info]  - DescriptorIndex: 105
[01:13:34.460] [info] [Success Texture Info] Path: "./Assets/Textures/seaweed.png"
[01:13:34.460] [info]  - DescriptorIndex: 106
[01:13:34.492] [info] [Success Texture Info] Path: "./Assets/Textures/smoke.png"
[01:13:34.492] [info]  - DescriptorIndex: 107
[01:13:34.502] [info] [Load] [AudioClip] - path:"./Assets/Sounds/test-bgm.mp3"
[01:13:34.511] [info] [Success Texture Info] Path: "./Assets/Textures/UI/checkpoint-restrat.png"
[01:13:34.511] [info]  - DescriptorIndex: 108
[01:13:34.528] [info] [Success Texture Info] Path: "./Assets/Textures/UI/exit-game.png"
[01:13:34.528] [info]  - DescriptorIndex: 109
[01:13:34.531] [info] [Success Texture Info] Path: "./Assets/Textures/UI/Gamepad/gamePad.png"
[01:13:34.531] [info]  - DescriptorIndex: 110
[01:13:34.532] [info] [Success Texture Info] Path: "./Assets/Textures/UI/Gamepad/padA.png"
[01:13:34.532] [info]  - DescriptorIndex: 111
[01:13:34.533] [info] [Success Texture Info] Path: "./Assets/Textures/UI/Gamepad/padShoulderL.png"
[01:13:34.533] [info]  - DescriptorIndex: 112
[01:13:34.534] [info] [Success Texture Info] Path: "./Assets/Textures/UI/Gamepad/padShoulderR.png"
[01:13:34.535] [info]  - DescriptorIndex: 113
[01:13:34.536] [info] [Success Texture Info] Path: "./Assets/Textures/UI/Gamepad/padStick.png"
[01:13:34.536] [info]  - DescriptorIndex: 114
[01:13:34.539] [info] [Success Texture Info] Path: "./Assets/Textures/UI/Keyboard/keyBoard.png"
[01:13:34.539] [info]  - DescriptorIndex: 115
[01:13:34.540] [info] [Success Texture Info] Path: "./Assets/Textures/UI/Keyboard/moveKey.png"
[01:13:34.540] [info]  - DescriptorIndex: 116
[01:13:34.541] [info] [Success Texture Info] Path: "./Assets/Textures/UI/Keyboard/shiftKey.png"
[01:13:34.541] [info]  - DescriptorIndex: 117
[01:13:34.543] [info] [Success Texture Info] Path: "./Assets/Textures/UI/Keyboard/spaceKey.png"
[01:13:34.543] [info]  - DescriptorIndex: 118
[01:13:34.562] [info] [Success Texture Info] Path: "./Assets/Textures/UI/main-menu.png"
[01:13:34.562] [info]  - DescriptorIndex: 119
[01:13:34.571] [info] [Success Texture Info] Path: "./Assets/Textures/UI/restart.png"
[01:13:34.571] [info]  - DescriptorIndex: 120
[01:13:34.588] [info] [Success Texture Info] Path: "./Assets/Textures/UI/Resume.png"
[01:13:34.589] [info]  - DescriptorIndex: 121
[01:13:34.592] [info] [Success Texture Info] Path: "./Assets/Textures/UI/TriggerKey.png"
[01:13:34.593] [info]  - DescriptorIndex: 122
[01:13:34.595] [info] [Success Texture Info] Path: "./Assets/Textures/Vignette.png"
[01:13:34.595] [info]  - DescriptorIndex: 123
[01:13:34.596] [info] dx depth stencil create success!!
[01:13:34.602] [info] dx depth stencil create success!!
[01:13:34.609] [info] dx depth stencil create success!!
[01:13:34.615] [info] dx depth stencil create success!!
[01:13:34.627] [info] [Load Resource] type:Shader, path:"Packages/Shader/Render/CopyImage/CopyImage.vs.hlsl", profile:"vs_6_0"
[01:13:34.632] [info] [Load Resource] type:Shader, path:"Packages/Shader/Render/CopyImage/CopyImage.ps.hlsl", profile:"ps_6_0"
[01:13:34.647] [info] dx swap chain create success!!
[01:13:34.655] [info] [Mono] Building C# project...
[01:13:35.967] [info] [Mono] C# project built successfully.
[01:13:35.968] [info] [Mono] Non-Debug Mode: Debugger Disabled (suspend=n)
[01:13:35.968] [info] Mono version: 6.12.0 (Visual Studio built mono)
[01:13:35.984] [info] Latest DLL found: ./Packages/Scripts\CSharpLibrary_20260722_011335.dll (Last Modified: 2026-07-22 00:34:43)
[01:13:35.984] [info] [Mono] LoadAssemblyWithSymbols started for: C:\Users\k023g\source\repos\TD4-2-Clone\Project\Packages\Scripts\CSharpLibrary_20260722_011335.dll
[01:13:35.984] [info] [Mono]   DLL last modified: 2026-07-22 00:34:43
[01:13:35.986] [info] [Mono] LoadAssembly: Copied DLL to logical path: ./Packages/Scripts/CSharpLibrary.dll
[01:13:35.987] [info] [Mono] LoadAssembly: Copied PDB to logical path: ./Packages/Scripts/CSharpLibrary.pdb
[01:13:36.071] [info] [JIT_DEBUG] TextRenderer MonoClass pointer: 0x21e03f8a658
[01:13:36.071] [info] [JIT_DEBUG] sizeof(TextBatch) = 124
[01:13:36.071] [info] [JIT_DEBUG] sizeof(SpriteBatch) = 80
[01:13:36.071] [info] [JIT_DEBUG] Registered TextRenderer in maps successfully.
[01:13:36.444] [info] [SOURCE_DETECTOR] Engine creating Entity (Internal)
[01:13:36.444] [info] [CPP ECS] FromJson - Adding component 'CameraComponent' to entity 'Camera'
[01:13:36.445] [info] [CPP ECS] FromJson - Adding component 'Transform' to entity 'Camera'
[01:13:36.445] [info] [CPP ECS] FromJson - Adding component 'Variables' to entity 'Camera'
[01:13:36.445] [info] [SOURCE_DETECTOR] Engine creating Entity (Internal)
[01:13:36.445] [info] [CPP ECS] FromJson - Adding component 'Transform' to entity 'SideBB'
[01:13:36.445] [info] [CPP ECS] FromJson - Adding component 'Variables' to entity 'SideBB'
[01:13:36.445] [info] [SOURCE_DETECTOR] Engine creating Entity (Internal)
[01:13:36.445] [info] [CPP ECS] FromJson - Adding component 'Transform' to entity 'RightUIRoot'
[01:13:36.445] [info] [CPP ECS] FromJson - Adding component 'Variables' to entity 'RightUIRoot'
[01:13:36.446] [info] [SOURCE_DETECTOR] Engine creating Entity (Internal)
[01:13:36.446] [info] [CPP ECS] FromJson - Adding component 'Transform' to entity 'ProgressUI'
[01:13:36.446] [info] [CPP ECS] FromJson - Adding component 'Variables' to entity 'ProgressUI'
[01:13:36.446] [info] [CPP ECS] FromJson - Adding component 'Script' to entity 'ProgressUI'
[01:13:36.446] [info] [CPP ECS] FromJson - Adding component 'TextRenderer' to entity 'ProgressUI'
[01:13:36.446] [info] [SOURCE_DETECTOR] Engine creating Entity (Internal)
[01:13:36.446] [info] [CPP ECS] FromJson - Adding component 'Transform' to entity 'ProgressUI_1'
[01:13:36.446] [info] [CPP ECS] FromJson - Adding component 'Variables' to entity 'ProgressUI_1'
[01:13:36.447] [info] [CPP ECS] FromJson - Adding component 'Script' to entity 'ProgressUI_1'
[01:13:36.447] [info] [CPP ECS] FromJson - Adding component 'SpriteRenderer' to entity 'ProgressUI_1'
[01:13:36.447] [info] [SOURCE_DETECTOR] Engine creating Entity (Internal)
[01:13:36.447] [info] [CPP ECS] FromJson - Adding component 'Transform' to entity 'BlackBelt'
[01:13:36.447] [info] [CPP ECS] FromJson - Adding component 'Variables' to entity 'BlackBelt'
[01:13:36.447] [info] [CPP ECS] FromJson - Adding component 'SpriteRenderer' to entity 'BlackBelt'
[01:13:36.447] [info] [SOURCE_DETECTOR] Engine creating Entity (Internal)
[01:13:36.447] [info] [CPP ECS] FromJson - Adding component 'Transform' to entity 'TutorialSkipButtonUI'
[01:13:36.447] [info] [CPP ECS] FromJson - Adding component 'Variables' to entity 'TutorialSkipButtonUI'
[01:13:36.448] [info] [CPP ECS] FromJson - Adding component 'Script' to entity 'TutorialSkipButtonUI'
[01:13:36.448] [info] [CPP ECS] FromJson - Adding component 'TextRenderer' to entity 'TutorialSkipButtonUI'
[01:13:36.448] [info] [SOURCE_DETECTOR] Engine creating Entity (Internal)
[01:13:36.448] [info] [CPP ECS] FromJson - Adding component 'Transform' to entity 'TutorialSkipButtonGauge'
[01:13:36.448] [info] [CPP ECS] FromJson - Adding component 'Variables' to entity 'TutorialSkipButtonGauge'
[01:13:36.448] [info] [CPP ECS] FromJson - Adding component 'Script' to entity 'TutorialSkipButtonGauge'
[01:13:36.448] [info] [CPP ECS] FromJson - Adding component 'SpriteRenderer' to entity 'TutorialSkipButtonGauge'
[01:13:36.448] [info] [SOURCE_DETECTOR] Engine creating Entity (Internal)
[01:13:36.448] [info] [CPP ECS] FromJson - Adding component 'Transform' to entity 'BlackBelt_1'
[01:13:36.449] [info] [CPP ECS] FromJson - Adding component 'Variables' to entity 'BlackBelt_1'
[01:13:36.449] [info] [CPP ECS] FromJson - Adding component 'SpriteRenderer' to entity 'BlackBelt_1'
[01:13:36.449] [info] [SOURCE_DETECTOR] Engine creating Entity (Internal)
[01:13:36.449] [info] [CPP ECS] FromJson - Adding component 'Transform' to entity 'ProgressLabelTutorial'
[01:13:36.449] [info] [CPP ECS] FromJson - Adding component 'Variables' to entity 'ProgressLabelTutorial'
[01:13:36.449] [info] [CPP ECS] FromJson - Adding component 'Script' to entity 'ProgressLabelTutorial'
[01:13:36.449] [info] [CPP ECS] FromJson - Adding component 'TextRenderer' to entity 'ProgressLabelTutorial'
[01:13:36.449] [info] [SOURCE_DETECTOR] Engine creating Entity (Internal)
[01:13:36.449] [info] [CPP ECS] FromJson - Adding component 'Transform' to entity 'MovingTutorial'
[01:13:36.449] [info] [CPP ECS] FromJson - Adding component 'Variables' to entity 'MovingTutorial'
[01:13:36.450] [info] [CPP ECS] FromJson - Adding component 'Script' to entity 'MovingTutorial'
[01:13:36.450] [info] [CPP ECS] FromJson - Adding component 'TextRenderer' to entity 'MovingTutorial'
[01:13:36.450] [info] [SOURCE_DETECTOR] Engine creating Entity (Internal)
[01:13:36.450] [info] [CPP ECS] FromJson - Adding component 'Transform' to entity 'DashTutorial'
[01:13:36.450] [info] [CPP ECS] FromJson - Adding component 'Variables' to entity 'DashTutorial'
[01:13:36.450] [info] [CPP ECS] FromJson - Adding component 'Script' to entity 'DashTutorial'
[01:13:36.450] [info] [CPP ECS] FromJson - Adding component 'TextRenderer' to entity 'DashTutorial'
[01:13:36.450] [info] [SOURCE_DETECTOR] Engine creating Entity (Internal)
[01:13:36.450] [info] [CPP ECS] FromJson - Adding component 'Transform' to entity 'EnemyTutorial'
[01:13:36.450] [info] [CPP ECS] FromJson - Adding component 'Variables' to entity 'EnemyTutorial'
[01:13:36.450] [info] [CPP ECS] FromJson - Adding component 'Script' to entity 'EnemyTutorial'
[01:13:36.451] [info] [CPP ECS] FromJson - Adding component 'TextRenderer' to entity 'EnemyTutorial'
[01:13:36.451] [info] [SOURCE_DETECTOR] Engine creating Entity (Internal)
[01:13:36.451] [info] [CPP ECS] FromJson - Adding component 'Transform' to entity 'ShotTutorial'
[01:13:36.451] [info] [CPP ECS] FromJson - Adding component 'Variables' to entity 'ShotTutorial'
[01:13:36.451] [info] [CPP ECS] FromJson - Adding component 'Script' to entity 'ShotTutorial'
[01:13:36.451] [info] [CPP ECS] FromJson - Adding component 'TextRenderer' to entity 'ShotTutorial'
[01:13:36.451] [info] [SOURCE_DETECTOR] Engine creating Entity (Internal)
[01:13:36.451] [info] [CPP ECS] FromJson - Adding component 'Transform' to entity 'ProgressLabelHunt'
[01:13:36.451] [info] [CPP ECS] FromJson - Adding component 'Variables' to entity 'ProgressLabelHunt'
[01:13:36.452] [info] [CPP ECS] FromJson - Adding component 'Script' to entity 'ProgressLabelHunt'
[01:13:36.452] [info] [CPP ECS] FromJson - Adding component 'TextRenderer' to entity 'ProgressLabelHunt'
[01:13:36.452] [info] [SOURCE_DETECTOR] Engine creating Entity (Internal)
[01:13:36.452] [info] [CPP ECS] FromJson - Adding component 'Transform' to entity 'BossBattlePhase_1'
[01:13:36.452] [info] [CPP ECS] FromJson - Adding component 'Variables' to entity 'BossBattlePhase_1'
[01:13:36.452] [info] [CPP ECS] FromJson - Adding component 'Script' to entity 'BossBattlePhase_1'
[01:13:36.452] [info] [CPP ECS] FromJson - Adding component 'TextRenderer' to entity 'BossBattlePhase_1'
[01:13:36.452] [info] [SOURCE_DETECTOR] Engine creating Entity (Internal)
[01:13:36.452] [info] [CPP ECS] FromJson - Adding component 'Transform' to entity 'BossBattlePhase_2'
[01:13:36.452] [info] [CPP ECS] FromJson - Adding component 'Variables' to entity 'BossBattlePhase_2'
[01:13:36.452] [info] [CPP ECS] FromJson - Adding component 'Script' to entity 'BossBattlePhase_2'
[01:13:36.453] [info] [CPP ECS] FromJson - Adding component 'TextRenderer' to entity 'BossBattlePhase_2'
[01:13:36.453] [info] [SOURCE_DETECTOR] Engine creating Entity (Internal)
[01:13:36.453] [info] [CPP ECS] FromJson - Adding component 'Transform' to entity 'BossBattlePhase_3'
[01:13:36.453] [info] [CPP ECS] FromJson - Adding component 'Variables' to entity 'BossBattlePhase_3'
[01:13:36.453] [info] [CPP ECS] FromJson - Adding component 'Script' to entity 'BossBattlePhase_3'
[01:13:36.453] [info] [CPP ECS] FromJson - Adding component 'TextRenderer' to entity 'BossBattlePhase_3'
[01:13:36.453] [info] [SOURCE_DETECTOR] Engine creating Entity (Internal)
[01:13:36.453] [info] [CPP ECS] FromJson - Adding component 'Transform' to entity 'GamePhase'
[01:13:36.453] [info] [CPP ECS] FromJson - Adding component 'Variables' to entity 'GamePhase'
[01:13:36.453] [info] [SOURCE_DETECTOR] Engine creating Entity (Internal)
[01:13:36.454] [info] [CPP ECS] FromJson - Adding component 'Transform' to entity 'InputUI'
[01:13:36.454] [info] [CPP ECS] FromJson - Adding component 'Variables' to entity 'InputUI'
[01:13:36.454] [info] [CPP ECS] FromJson - Adding component 'Script' to entity 'InputUI'
[01:13:36.454] [info] [SOURCE_DETECTOR] Engine creating Entity (Internal)
[01:13:36.454] [info] [CPP ECS] FromJson - Adding component 'Transform' to entity 'KeyboardUIRoot'
[01:13:36.454] [info] [CPP ECS] FromJson - Adding component 'Variables' to entity 'KeyboardUIRoot'
[01:13:36.454] [info] [CPP ECS] FromJson - Adding component 'Transform' to entity 'KeyboardUIRoot'
[01:13:36.454] [info] [SOURCE_DETECTOR] Engine creating Entity (Internal)
[01:13:36.454] [info] [CPP ECS] FromJson - Adding component 'Transform' to entity 'Frame'
[01:13:36.454] [info] [CPP ECS] FromJson - Adding component 'Variables' to entity 'Frame'
[01:13:36.454] [info] [CPP ECS] FromJson - Adding component 'SpriteRenderer' to entity 'Frame'
[01:13:36.454] [info] [SOURCE_DETECTOR] Engine creating Entity (Internal)
[01:13:36.455] [info] [CPP ECS] FromJson - Adding component 'Transform' to entity 'Buttons'
[01:13:36.455] [info] [CPP ECS] FromJson - Adding component 'Variables' to entity 'Buttons'
[01:13:36.455] [info] [SOURCE_DETECTOR] Engine creating Entity (Internal)
[01:13:36.455] [info] [CPP ECS] FromJson - Adding component 'Transform' to entity 'WASD'
[01:13:36.455] [info] [CPP ECS] FromJson - Adding component 'Variables' to entity 'WASD'
[01:13:36.455] [info] [CPP ECS] FromJson - Adding component 'SpriteRenderer' to entity 'WASD'
[01:13:36.455] [info] [CPP ECS] FromJson - Adding component 'Script' to entity 'WASD'
[01:13:36.455] [info] [SOURCE_DETECTOR] Engine creating Entity (Internal)
[01:13:36.455] [info] [CPP ECS] FromJson - Adding component 'Transform' to entity 'Shift'
[01:13:36.455] [info] [CPP ECS] FromJson - Adding component 'Variables' to entity 'Shift'
[01:13:36.455] [info] [CPP ECS] FromJson - Adding component 'SpriteRenderer' to entity 'Shift'
[01:13:36.456] [info] [CPP ECS] FromJson - Adding component 'Script' to entity 'Shift'
[01:13:36.456] [info] [SOURCE_DETECTOR] Engine creating Entity (Internal)
[01:13:36.456] [info] [CPP ECS] FromJson - Adding component 'Transform' to entity 'Space'
[01:13:36.456] [info] [CPP ECS] FromJson - Adding component 'Variables' to entity 'Space'
[01:13:36.456] [info] [CPP ECS] FromJson - Adding component 'SpriteRenderer' to entity 'Space'
[01:13:36.456] [info] [CPP ECS] FromJson - Adding component 'Script' to entity 'Space'
[01:13:36.456] [info] [SOURCE_DETECTOR] Engine creating Entity (Internal)
[01:13:36.456] [info] [CPP ECS] FromJson - Adding component 'Transform' to entity 'GamepadUIRoot'
[01:13:36.456] [info] [CPP ECS] FromJson - Adding component 'Variables' to entity 'GamepadUIRoot'
[01:13:36.456] [info] [CPP ECS] FromJson - Adding component 'Transform' to entity 'GamepadUIRoot'
[01:13:36.457] [info] [SOURCE_DETECTOR] Engine creating Entity (Internal)
[01:13:36.457] [info] [CPP ECS] FromJson - Adding component 'Transform' to entity 'Frame'
[01:13:36.457] [info] [CPP ECS] FromJson - Adding component 'Variables' to entity 'Frame'
[01:13:36.457] [info] [CPP ECS] FromJson - Adding component 'SpriteRenderer' to entity 'Frame'
[01:13:36.457] [info] [SOURCE_DETECTOR] Engine creating Entity (Internal)
[01:13:36.457] [info] [CPP ECS] FromJson - Adding component 'Transform' to entity 'Buttons'
[01:13:36.457] [info] [CPP ECS] FromJson - Adding component 'Variables' to entity 'Buttons'
[01:13:36.457] [info] [SOURCE_DETECTOR] Engine creating Entity (Internal)
[01:13:36.457] [info] [CPP ECS] FromJson - Adding component 'Transform' to entity 'A'
[01:13:36.457] [info] [CPP ECS] FromJson - Adding component 'Variables' to entity 'A'
[01:13:36.457] [info] [CPP ECS] FromJson - Adding component 'SpriteRenderer' to entity 'A'
[01:13:36.458] [info] [CPP ECS] FromJson - Adding component 'Script' to entity 'A'
[01:13:36.458] [info] [SOURCE_DETECTOR] Engine creating Entity (Internal)
[01:13:36.458] [info] [CPP ECS] FromJson - Adding component 'Transform' to entity 'Stick'
[01:13:36.458] [info] [CPP ECS] FromJson - Adding component 'Variables' to entity 'Stick'
[01:13:36.458] [info] [CPP ECS] FromJson - Adding component 'SpriteRenderer' to entity 'Stick'
[01:13:36.458] [info] [CPP ECS] FromJson - Adding component 'Script' to entity 'Stick'
[01:13:36.458] [info] [SOURCE_DETECTOR] Engine creating Entity (Internal)
[01:13:36.458] [info] [CPP ECS] FromJson - Adding component 'Transform' to entity 'ShoulderLeft'
[01:13:36.458] [info] [CPP ECS] FromJson - Adding component 'Variables' to entity 'ShoulderLeft'
[01:13:36.458] [info] [CPP ECS] FromJson - Adding component 'SpriteRenderer' to entity 'ShoulderLeft'
[01:13:36.459] [info] [CPP ECS] FromJson - Adding component 'Script' to entity 'ShoulderLeft'
[01:13:36.459] [info] [SOURCE_DETECTOR] Engine creating Entity (Internal)
[01:13:36.459] [info] [CPP ECS] FromJson - Adding component 'Transform' to entity 'ShoulderRight'
[01:13:36.459] [info] [CPP ECS] FromJson - Adding component 'Variables' to entity 'ShoulderRight'
[01:13:36.459] [info] [CPP ECS] FromJson - Adding component 'SpriteRenderer' to entity 'ShoulderRight'
[01:13:36.459] [info] [CPP ECS] FromJson - Adding component 'Script' to entity 'ShoulderRight'
[01:13:36.459] [info] [SOURCE_DETECTOR] Engine creating Entity (Internal)
[01:13:36.459] [info] [CPP ECS] FromJson - Adding component 'Transform' to entity 'TextRoot'
[01:13:36.459] [info] [CPP ECS] FromJson - Adding component 'Variables' to entity 'TextRoot'
[01:13:36.459] [info] [SOURCE_DETECTOR] Engine creating Entity (Internal)
[01:13:36.460] [info] [CPP ECS] FromJson - Adding component 'Transform' to entity 'DushText'
[01:13:36.460] [info] [CPP ECS] FromJson - Adding component 'Variables' to entity 'DushText'
[01:13:36.460] [info] [CPP ECS] FromJson - Adding component 'TextRenderer' to entity 'DushText'
[01:13:36.460] [info] [SOURCE_DETECTOR] Engine creating Entity (Internal)
[01:13:36.460] [info] [CPP ECS] FromJson - Adding component 'Transform' to entity 'ShotText'
[01:13:36.460] [info] [CPP ECS] FromJson - Adding component 'Variables' to entity 'ShotText'
[01:13:36.460] [info] [CPP ECS] FromJson - Adding component 'TextRenderer' to entity 'ShotText'
[01:13:36.460] [info] [SOURCE_DETECTOR] Engine creating Entity (Internal)
[01:13:36.460] [info] [CPP ECS] FromJson - Adding component 'Transform' to entity 'DushUIRoot'
[01:13:36.460] [info] [CPP ECS] FromJson - Adding component 'Variables' to entity 'DushUIRoot'
[01:13:36.460] [info] [CPP ECS] FromJson - Adding component 'Script' to entity 'DushUIRoot'
[01:13:36.461] [info] [SOURCE_DETECTOR] Engine creating Entity (Internal)
[01:13:36.461] [info] [CPP ECS] FromJson - Adding component 'Transform' to entity 'Key_DushButton'
[01:13:36.461] [info] [CPP ECS] FromJson - Adding component 'Variables' to entity 'Key_DushButton'
[01:13:36.461] [info] [CPP ECS] FromJson - Adding component 'SpriteRenderer' to entity 'Key_DushButton'
[01:13:36.461] [info] [SOURCE_DETECTOR] Engine creating Entity (Internal)
[01:13:36.461] [info] [CPP ECS] FromJson - Adding component 'Transform' to entity 'Pad_DushButton'
[01:13:36.461] [info] [CPP ECS] FromJson - Adding component 'Variables' to entity 'Pad_DushButton'
[01:13:36.461] [info] [CPP ECS] FromJson - Adding component 'SpriteRenderer' to entity 'Pad_DushButton'
[01:13:36.461] [info] [SOURCE_DETECTOR] Engine creating Entity (Internal)
[01:13:36.461] [info] [CPP ECS] FromJson - Adding component 'Transform' to entity 'A'
[01:13:36.462] [info] [CPP ECS] FromJson - Adding component 'Variables' to entity 'A'
[01:13:36.462] [info] [CPP ECS] FromJson - Adding component 'TextRenderer' to entity 'A'
[01:13:36.462] [info] [SOURCE_DETECTOR] Engine creating Entity (Internal)
[01:13:36.462] [info] [CPP ECS] FromJson - Adding component 'Transform' to entity 'ShotUIRoot'
[01:13:36.462] [info] [CPP ECS] FromJson - Adding component 'Variables' to entity 'ShotUIRoot'
[01:13:36.462] [info] [CPP ECS] FromJson - Adding component 'Script' to entity 'ShotUIRoot'
[01:13:36.462] [info] [SOURCE_DETECTOR] Engine creating Entity (Internal)
[01:13:36.462] [info] [CPP ECS] FromJson - Adding component 'Transform' to entity 'Key_ShotButton'
[01:13:36.462] [info] [CPP ECS] FromJson - Adding component 'Variables' to entity 'Key_ShotButton'
[01:13:36.462] [info] [CPP ECS] FromJson - Adding component 'SpriteRenderer' to entity 'Key_ShotButton'
[01:13:36.463] [info] [SOURCE_DETECTOR] Engine creating Entity (Internal)
[01:13:36.463] [info] [CPP ECS] FromJson - Adding component 'Transform' to entity 'Pad_ShotButton'
[01:13:36.463] [info] [CPP ECS] FromJson - Adding component 'Variables' to entity 'Pad_ShotButton'
[01:13:36.463] [info] [CPP ECS] FromJson - Adding component 'SpriteRenderer' to entity 'Pad_ShotButton'
[01:13:36.463] [info] [SOURCE_DETECTOR] Engine creating Entity (Internal)
[01:13:36.463] [info] [CPP ECS] FromJson - Adding component 'Transform' to entity 'LT'
[01:13:36.463] [info] [CPP ECS] FromJson - Adding component 'Variables' to entity 'LT'
[01:13:36.463] [info] [CPP ECS] FromJson - Adding component 'TextRenderer' to entity 'LT'
[01:13:36.463] [info] [SOURCE_DETECTOR] Engine creating Entity (Internal)
[01:13:36.463] [info] [CPP ECS] FromJson - Adding component 'Transform' to entity 'RT'
[01:13:36.463] [info] [CPP ECS] FromJson - Adding component 'Variables' to entity 'RT'
[01:13:36.464] [info] [CPP ECS] FromJson - Adding component 'TextRenderer' to entity 'RT'
[01:13:36.492] [info] Successfully synced initial components to C# for group: GameUIScene
[01:13:36.494] [info] [SOURCE_DETECTOR] Engine creating Entity (Internal)
[01:13:36.494] [info] [CPP ECS] FromJson - Adding component 'CameraComponent' to entity 'DebugCamera'
[01:13:36.494] [info] [CPP ECS] FromJson - Adding component 'Transform' to entity 'DebugCamera'
[01:13:36.494] [info] [CPP ECS] FromJson - Adding component 'Variables' to entity 'DebugCamera'
[01:13:36.494] [info] [CPP ECS] FromJson - Adding component 'Script' to entity 'DebugCamera'
[01:13:36.494] [info] [SOURCE_DETECTOR] Engine creating Entity (Internal)
[01:13:36.494] [info] [CPP ECS] FromJson - Adding component 'CameraComponent' to entity '2DCamera'
[01:13:36.494] [info] [CPP ECS] FromJson - Adding component 'Transform' to entity '2DCamera'
[01:13:36.495] [info] [CPP ECS] FromJson - Adding component 'Variables' to entity '2DCamera'
[01:13:36.495] [info] [CPP ECS] FromJson - Adding component 'Script' to entity '2DCamera'
[01:13:36.495] [info] Successfully synced initial components to C# for group: Debug
[01:13:36.501] [info] [Load Resource] type:Shader, path:"./Packages/Shader/Editor/GameEntityPicking.cs.hlsl", profile:"cs_6_6"
[01:13:36.504] [warning] ECSGroup with name 'GameScene' not found.
[01:13:36.504] [info] ################################################################################
[01:13:36.504] [info] #
[01:13:36.504] [info] # Initialization completed in 4833 ms
[01:13:36.505] [info] #
[01:13:36.505] [info] ################################################################################
[01:13:36.518] [info] [MonoDbg] AddEntityToScript - Instantiating and adding script: DebugCamera2D to Entity ID: 2
[01:13:36.524] [info] [SetScriptVars] OK setting fields for: DebugCamera2D
[01:13:36.524] [info] [MonoDbg] AddEntityToScript - Syncing serialized fields for script: DebugCamera2D
[01:13:36.524] [info] [SetScriptVars] OK setting fields for: DebugCamera2D
[01:13:36.548] [info] [MonoDbg] AddEntityToScript - Instantiating and adding script: ObjectiveProgressForText to Entity ID: 4
[01:13:36.548] [info] [SetScriptVars] OK setting fields for: ObjectiveProgressForText
[01:13:36.548] [info] [MonoDbg] AddEntityToScript - Syncing serialized fields for script: ObjectiveProgressForText
[01:13:36.549] [info] [SetScriptVars] OK setting fields for: ObjectiveProgressForText
[01:13:36.549] [info] [MonoDbg] AddEntityToScript - Instantiating and adding script: SpriteGauge to Entity ID: 5
[01:13:36.549] [info] [SetScriptVars] OK setting fields for: SpriteGauge
[01:13:36.549] [info] [MonoDbg] AddEntityToScript - Syncing serialized fields for script: SpriteGauge
[01:13:36.549] [info] [SetScriptVars] OK setting fields for: SpriteGauge
[01:13:36.550] [info] [MonoDbg] AddEntityToScript - Instantiating and adding script: ShowOnPhase to Entity ID: 7
[01:13:36.550] [info] [SetScriptVars] OK setting fields for: ShowOnPhase
[01:13:36.551] [info] [MonoDbg] AddEntityToScript - Syncing serialized fields for script: ShowOnPhase
[01:13:36.551] [info] [SetScriptVars] OK setting fields for: ShowOnPhase
[01:13:36.551] [info] [MonoDbg] AddEntityToScript - Instantiating and adding script: ShowOnPhase to Entity ID: 8
[01:13:36.552] [info] [SetScriptVars] OK setting fields for: ShowOnPhase
[01:13:36.552] [info] [MonoDbg] AddEntityToScript - Syncing serialized fields for script: ShowOnPhase
[01:13:36.552] [info] [SetScriptVars] OK setting fields for: ShowOnPhase
[01:13:36.552] [info] [MonoDbg] AddEntityToScript - Instantiating and adding script: SpriteGauge to Entity ID: 8
[01:13:36.552] [info] [SetScriptVars] OK setting fields for: SpriteGauge
[01:13:36.552] [info] [MonoDbg] AddEntityToScript - Syncing serialized fields for script: SpriteGauge
[01:13:36.552] [info] [SetScriptVars] OK setting fields for: SpriteGauge
[01:13:36.552] [info] [MonoDbg] AddEntityToScript - Instantiating and adding script: ShowOnPhase to Entity ID: 10
[01:13:36.552] [info] [SetScriptVars] OK setting fields for: ShowOnPhase
[01:13:36.552] [info] [MonoDbg] AddEntityToScript - Syncing serialized fields for script: ShowOnPhase
[01:13:36.553] [info] [SetScriptVars] OK setting fields for: ShowOnPhase
[01:13:36.553] [info] [MonoDbg] AddEntityToScript - Instantiating and adding script: ShowOnPhase to Entity ID: 11
[01:13:36.553] [info] [SetScriptVars] OK setting fields for: ShowOnPhase
[01:13:36.553] [info] [MonoDbg] AddEntityToScript - Syncing serialized fields for script: ShowOnPhase
[01:13:36.553] [info] [SetScriptVars] OK setting fields for: ShowOnPhase
[01:13:36.553] [info] [MonoDbg] AddEntityToScript - Instantiating and adding script: ShowOnPhase to Entity ID: 12
[01:13:36.553] [info] [SetScriptVars] OK setting fields for: ShowOnPhase
[01:13:36.553] [info] [MonoDbg] AddEntityToScript - Syncing serialized fields for script: ShowOnPhase
[01:13:36.553] [info] [SetScriptVars] OK setting fields for: ShowOnPhase
[01:13:36.553] [info] [MonoDbg] AddEntityToScript - Instantiating and adding script: ShowOnPhase to Entity ID: 13
[01:13:36.554] [info] [SetScriptVars] OK setting fields for: ShowOnPhase
[01:13:36.554] [info] [MonoDbg] AddEntityToScript - Syncing serialized fields for script: ShowOnPhase
[01:13:36.554] [info] [SetScriptVars] OK setting fields for: ShowOnPhase
[01:13:36.554] [info] [MonoDbg] AddEntityToScript - Instantiating and adding script: ShowOnPhase to Entity ID: 14
[01:13:36.554] [info] [SetScriptVars] OK setting fields for: ShowOnPhase
[01:13:36.554] [info] [MonoDbg] AddEntityToScript - Syncing serialized fields for script: ShowOnPhase
[01:13:36.554] [info] [SetScriptVars] OK setting fields for: ShowOnPhase
[01:13:36.554] [info] [MonoDbg] AddEntityToScript - Instantiating and adding script: ShowOnPhase to Entity ID: 15
[01:13:36.554] [info] [SetScriptVars] OK setting fields for: ShowOnPhase
[01:13:36.555] [info] [MonoDbg] AddEntityToScript - Syncing serialized fields for script: ShowOnPhase
[01:13:36.555] [info] [SetScriptVars] OK setting fields for: ShowOnPhase
[01:13:36.555] [info] [MonoDbg] AddEntityToScript - Instantiating and adding script: ShowOnPhase to Entity ID: 16
[01:13:36.555] [info] [SetScriptVars] OK setting fields for: ShowOnPhase
[01:13:36.555] [info] [MonoDbg] AddEntityToScript - Syncing serialized fields for script: ShowOnPhase
[01:13:36.555] [info] [SetScriptVars] OK setting fields for: ShowOnPhase
[01:13:36.555] [info] [MonoDbg] AddEntityToScript - Instantiating and adding script: ShowOnPhase to Entity ID: 17
[01:13:36.555] [info] [SetScriptVars] OK setting fields for: ShowOnPhase
[01:13:36.555] [info] [MonoDbg] AddEntityToScript - Syncing serialized fields for script: ShowOnPhase
[01:13:36.556] [info] [SetScriptVars] OK setting fields for: ShowOnPhase
[01:13:36.556] [info] [MonoDbg] AddEntityToScript - Instantiating and adding script: ShowOnPhase to Entity ID: 18
[01:13:36.556] [info] [SetScriptVars] OK setting fields for: ShowOnPhase
[01:13:36.556] [info] [MonoDbg] AddEntityToScript - Syncing serialized fields for script: ShowOnPhase
[01:13:36.556] [info] [SetScriptVars] OK setting fields for: ShowOnPhase
[01:13:36.556] [info] [MonoDbg] AddEntityToScript - Instantiating and adding script: LastInputType to Entity ID: 20
[01:13:36.556] [info] [SetScriptVars] OK setting fields for: LastInputType
[01:13:36.556] [info] [MonoDbg] AddEntityToScript - Syncing serialized fields for script: LastInputType
[01:13:36.556] [info] [SetScriptVars] OK setting fields for: LastInputType
[01:13:36.558] [info] [MonoDbg] AddEntityToScript - Instantiating and adding script: KeyColorChanger to Entity ID: 24
[01:13:36.558] [info] [SetScriptVars] OK setting fields for: KeyColorChanger
[01:13:36.560] [info] [MonoDbg] AddEntityToScript - Syncing serialized fields for script: KeyColorChanger
[01:13:36.560] [info] [SetScriptVars] OK setting fields for: KeyColorChanger
[01:13:36.560] [info] [MonoDbg] AddEntityToScript - Instantiating and adding script: KeyColorChanger to Entity ID: 25
[01:13:36.560] [info] [SetScriptVars] OK setting fields for: KeyColorChanger
[01:13:36.560] [info] [MonoDbg] AddEntityToScript - Syncing serialized fields for script: KeyColorChanger
[01:13:36.560] [info] [SetScriptVars] OK setting fields for: KeyColorChanger
[01:13:36.560] [info] [MonoDbg] AddEntityToScript - Instantiating and adding script: KeyColorChanger to Entity ID: 26
[01:13:36.560] [info] [SetScriptVars] OK setting fields for: KeyColorChanger
[01:13:36.561] [info] [MonoDbg] AddEntityToScript - Syncing serialized fields for script: KeyColorChanger
[01:13:36.561] [info] [SetScriptVars] OK setting fields for: KeyColorChanger
[01:13:36.561] [info] [MonoDbg] AddEntityToScript - Instantiating and adding script: KeyColorChanger to Entity ID: 30
[01:13:36.561] [info] [SetScriptVars] OK setting fields for: KeyColorChanger
[01:13:36.562] [info] [MonoDbg] AddEntityToScript - Syncing serialized fields for script: KeyColorChanger
[01:13:36.562] [info] [SetScriptVars] OK setting fields for: KeyColorChanger
[01:13:36.562] [info] [MonoDbg] AddEntityToScript - Instantiating and adding script: StickColorChanger to Entity ID: 31
[01:13:36.562] [info] [SetScriptVars] OK setting fields for: StickColorChanger
[01:13:36.563] [info] [MonoDbg] AddEntityToScript - Syncing serialized fields for script: StickColorChanger
[01:13:36.563] [info] [SetScriptVars] OK setting fields for: StickColorChanger
[01:13:36.563] [info] [MonoDbg] AddEntityToScript - Instantiating and adding script: TriggerColorChanger to Entity ID: 32
[01:13:36.563] [info] [SetScriptVars] OK setting fields for: TriggerColorChanger
[01:13:36.563] [info] [MonoDbg] AddEntityToScript - Syncing serialized fields for script: TriggerColorChanger
[01:13:36.563] [info] [SetScriptVars] OK setting fields for: TriggerColorChanger
[01:13:36.563] [info] [MonoDbg] AddEntityToScript - Instantiating and adding script: TriggerColorChanger to Entity ID: 33
[01:13:36.563] [info] [SetScriptVars] OK setting fields for: TriggerColorChanger
[01:13:36.564] [info] [MonoDbg] AddEntityToScript - Syncing serialized fields for script: TriggerColorChanger
[01:13:36.564] [info] [SetScriptVars] OK setting fields for: TriggerColorChanger
[01:13:36.564] [info] [MonoDbg] AddEntityToScript - Instantiating and adding script: LastInputType to Entity ID: 37
[01:13:36.564] [info] [SetScriptVars] OK setting fields for: LastInputType
[01:13:36.564] [info] [MonoDbg] AddEntityToScript - Syncing serialized fields for script: LastInputType
[01:13:36.564] [info] [SetScriptVars] OK setting fields for: LastInputType
[01:13:36.564] [info] [MonoDbg] AddEntityToScript - Instantiating and adding script: LastInputType to Entity ID: 41
[01:13:36.564] [info] [SetScriptVars] OK setting fields for: LastInputType
[01:13:36.564] [info] [MonoDbg] AddEntityToScript - Syncing serialized fields for script: LastInputType
[01:13:36.564] [info] [SetScriptVars] OK setting fields for: LastInputType
[01:13:36.671] [info] dx depth stencil create success!!
[01:13:36.685] [info] [RenderingFramework] Drawing group: GameUIScene | Index: 0 | groupRenderTex: 2328555422912 | colorResource: 2328556433200 | ClearColor: (0.000000, 0.000000, 0.000000, 0.000000)
[01:13:36.686] [info] [RenderingCollection] DrawEntities2D executing. Group: GameUIScene Camera: 2328547492096
[01:13:36.687] [info] [SpritePipeline] Drawing 9 sorted sprites.
[01:13:36.688] [info] [RenderingCollection] ExecutePostProcess3D for scene: ./Assets/Scene/RenderTexture/GameUIScene
[01:13:36.688] [info] [Engine] CopyResource: Copying to resource at 2328556433200
[01:13:36.688] [info] [Engine] CopyResource: Copying to resource at 2328556433200
[01:13:36.688] [info] [Engine] CopyResource: Copying to resource at 2328556433200
[01:13:36.688] [info] [Engine] CopyResource: Copying to resource at 2328556433200
[01:13:36.689] [info] [RenderingCollection] ExecutePostProcessScreen for scene: ./Assets/Scene/RenderTexture/GameUIScene
[01:13:36.689] [warning] [WaterCaustics] Execute skipped: ScreenPostEffectTag not found in group: GameUIScene
[01:13:36.689] [warning] [WaterDepthFog] Execute skipped: ScreenPostEffectTag not found in group: GameUIScene
[01:13:36.689] [warning] [WaterColorGrading] Execute skipped: ScreenPostEffectTag not found in group: GameUIScene
[01:13:36.689] [warning] [WaterDistortion] Execute skipped: ScreenPostEffectTag not found in group: GameUIScene
[01:13:36.724] [info] [RenderingCollection] DrawEntities2D executing. Group: GameUIScene Camera: 2328547492096
[01:13:36.724] [info] [SpritePipeline] Drawing 9 sorted sprites.
[01:13:36.724] [info] [RenderingCollection] ExecutePostProcess3D for scene: ./Assets/Scene/RenderTexture/GameUIScene
[01:13:36.724] [info] [Engine] CopyResource: Copying to resource at 2328556433200
[01:13:36.725] [info] [Engine] CopyResource: Copying to resource at 2328556433200
[01:13:36.725] [info] [Engine] CopyResource: Copying to resource at 2328556433200
[01:13:36.725] [info] [Engine] CopyResource: Copying to resource at 2328556433200
[01:13:36.725] [info] [RenderingCollection] ExecutePostProcessScreen for scene: ./Assets/Scene/RenderTexture/GameUIScene
[01:13:36.749] [info] [RenderingCollection] DrawEntities2D executing. Group: GameUIScene Camera: 2328547492096
[01:13:36.749] [info] [SpritePipeline] Drawing 9 sorted sprites.
[01:13:36.750] [info] [RenderingCollection] ExecutePostProcess3D for scene: ./Assets/Scene/RenderTexture/GameUIScene
[01:13:36.750] [info] [Engine] CopyResource: Copying to resource at 2328556433200
[01:13:36.750] [info] [Engine] CopyResource: Copying to resource at 2328556433200
[01:13:36.750] [info] [RenderingCollection] ExecutePostProcessScreen for scene: ./Assets/Scene/RenderTexture/GameUIScene
[01:13:36.779] [info] [RenderingCollection] DrawEntities2D executing. Group: GameUIScene Camera: 2328547492096
[01:13:36.779] [info] [SpritePipeline] Drawing 9 sorted sprites.
[01:13:36.779] [info] [Renderin