[04:45:39.190] [info] Logger initialized.
[04:45:39.201] [info] Use Adapter:NVIDIA GeForce RTX 3060 Laptop GPU
[04:45:39.418] [info] FeatureLevel : 12.2
[04:45:39.419] [info] dx device create success!!
[04:45:39.450] [info] dx command create success!!
[04:45:39.450] [info] dx descriptor heap rtv create success!!
[04:45:39.450] [info] dx descriptor heap cbv,srv,uav create success!!
[04:45:39.450] [info] dx descriptor heap dsv create success!!
[04:45:39.521] [info] dx swap chain create success!!
[04:45:39.528] [info] [Load Resource] type:Shader, path:"./Packages/Shader/Render/Line/Line2D.vs.hlsl", profile:"vs_6_0"
[04:45:39.532] [info] [Load Resource] type:Shader, path:"./Packages/Shader/Render/Line/Line2D.ps.hlsl", profile:"ps_6_0"
[04:45:39.541] [info] [Load Resource] type:Shader, path:"Packages/Shader/Render/Sprite/Sprite.vs.hlsl", profile:"vs_6_0"
[04:45:39.549] [info] [Load Resource] type:Shader, path:"Packages/Shader/Render/Sprite/Sprite.ps.hlsl", profile:"ps_6_0"
[04:45:39.566] [info] [Load Resource] type:Shader, path:"Packages/Shader/Render/ParticleSystem2D/ParticleSystem2D.vs.hlsl", profile:"vs_6_0"
[04:45:39.575] [info] [Load Resource] type:Shader, path:"Packages/Shader/Render/ParticleSystem2D/ParticleSystem2D.ps.hlsl", profile:"ps_6_0"
[04:45:39.596] [info] [Load Resource] type:Shader, path:"./Packages/Shader/Render/Line/Line3D.vs.hlsl", profile:"vs_6_0"
[04:45:39.599] [info] [Load Resource] type:Shader, path:"./Packages/Shader/Render/Line/Line3D.ps.hlsl", profile:"ps_6_0"
[04:45:39.612] [info] [Load Resource] type:Shader, path:"Packages/Shader/Render/Skybox/Skybox.vs.hlsl", profile:"vs_6_0"
[04:45:39.618] [info] [Load Resource] type:Shader, path:"Packages/Shader/Render/Skybox/Skybox.ps.hlsl", profile:"ps_6_0"
[04:45:39.629] [info] [Load Resource] type:Shader, path:"./Packages/Shader/Render/Mesh/Mesh.vs.hlsl", profile:"vs_6_0"
[04:45:39.637] [info] [Load Resource] type:Shader, path:"./Packages/Shader/Render/Mesh/Mesh.ps.hlsl", profile:"ps_6_0"
[04:45:39.647] [info] [Load Resource] type:Shader, path:"./Packages/Shader/Render/Mesh/DissolveMesh.vs.hlsl", profile:"vs_6_0"
[04:45:39.657] [info] [Load Resource] type:Shader, path:"./Packages/Shader/Render/Mesh/DissolveMesh.ps.hlsl", profile:"ps_6_0"
[04:45:39.675] [info] [Load Resource] type:Shader, path:"./Packages/Shader/Render/Mesh/SkinMesh.vs.hlsl", profile:"vs_6_0"
[04:45:39.684] [info] [Load Resource] type:Shader, path:"./Packages/Shader/Render/Mesh/SkinMesh.ps.hlsl", profile:"ps_6_0"
[04:45:39.697] [info] [Load Resource] type:Shader, path:"Packages/Shader/Render/Effect/Effect.vs.hlsl", profile:"vs_6_0"
[04:45:39.708] [info] [Load Resource] type:Shader, path:"Packages/Shader/Render/Effect/Effect.ps.hlsl", profile:"ps_6_0"
[04:45:39.741] [info] [Load Resource] type:Shader, path:"Packages/Shader/Render/ParticleSystem/ParticleSystem.vs.hlsl", profile:"vs_6_0"
[04:45:39.752] [info] [Load Resource] type:Shader, path:"Packages/Shader/Render/ParticleSystem/ParticleSystem.ps.hlsl", profile:"ps_6_0"
[04:45:39.785] [info] [Load Resource] type:Shader, path:"./Packages/Shader/Render/Grass/Grass.as.hlsl", profile:"as_6_5"
[04:45:39.823] [info] [Load Resource] type:Shader, path:"./Packages/Shader/Render/Grass/Grass.ms.hlsl", profile:"ms_6_5"
[04:45:39.834] [info] [Load Resource] type:Shader, path:"./Packages/Shader/Render/Grass/Grass.ps.hlsl", profile:"ps_6_0"
[04:45:39.849] [info] [Load Resource] type:Shader, path:"./Packages/Shader/Render/Line/Gizmo3D.vs.hlsl", profile:"vs_6_0"
[04:45:39.853] [info] [Load Resource] type:Shader, path:"./Packages/Shader/Render/Line/Gizmo3D.ps.hlsl", profile:"ps_6_0"
[04:45:39.868] [info] [Load Resource] type:Shader, path:"./Packages/Shader/Render/Line/Gizmo3D.vs.hlsl", profile:"vs_6_0"
[04:45:39.872] [info] [Load Resource] type:Shader, path:"./Packages/Shader/Render/Line/Gizmo3D.ps.hlsl", profile:"ps_6_0"
[04:45:39.908] [info] [Load Resource] type:Shader, path:"Packages/Shader/PostProcess/PerObject/Lighting/Lighting.cs.hlsl", profile:"cs_6_6"
[04:45:39.921] [info] [Load Resource] type:Shader, path:"Packages/Shader/PostProcess/PerObject/Grayscale/Grayscale.cs.hlsl", profile:"cs_6_6"
[04:45:39.930] [info] [Load Resource] type:Shader, path:"Packages/Shader/PostProcess/PerObject/TerrainBrush/TerrainBrush.cs.hlsl", profile:"cs_6_6"
[04:45:39.944] [info] [Load Resource] type:Shader, path:"Packages/Shader/PostProcess/PerObject/VoxelTerrainBrush/VoxelTerrainBrush.cs.hlsl", profile:"cs_6_6"
[04:45:39.955] [info] [Load Resource] type:Shader, path:"./Packages/Shader/PostProcess/PerObject/GaussianBlur/GaussianBlur.cs.hlsl", profile:"cs_6_6"
[04:45:39.975] [info] [Load Resource] type:Shader, path:"./Packages/Shader/PostProcess/Screen/ShadowMap/ShadowMap.cs.hlsl", profile:"cs_6_6"
[04:45:39.992] [info] [Load Resource] type:Shader, path:"./Packages/Shader/PostProcess/Screen/Fog/Fog.cs.hlsl", profile:"cs_6_6"
[04:45:40.003] [info] [Load Resource] type:Shader, path:"Packages/Shader/PostProcess/Screen/Grayscale/Grayscale.cs.hlsl", profile:"cs_6_6"
[04:45:40.015] [info] [Load Resource] type:Shader, path:"Packages/Shader/PostProcess/Screen/RadialBlur/RadialBlur.cs.hlsl", profile:"cs_6_6"
[04:45:40.044] [info] [Load Resource] type:Shader, path:"Packages/Shader/PostProcess/Screen/WaterCausticsLightShafts/WaterCausticsLightShafts.cs.hlsl", profile:"cs_6_6"
[04:45:40.058] [info] [Load Resource] type:Shader, path:"Packages/Shader/PostProcess/Screen/WaterDepthFogVignette/WaterDepthFogVignette.cs.hlsl", profile:"cs_6_6"
[04:45:40.071] [info] [Load Resource] type:Shader, path:"Packages/Shader/PostProcess/Screen/WaterColorGrading/WaterColorGrading.cs.hlsl", profile:"cs_6_6"
[04:45:40.081] [info] [Load Resource] type:Shader, path:"Packages/Shader/PostProcess/Screen/WaterDistortion/WaterDistortion.cs.hlsl", profile:"cs_6_6"
[04:45:40.090] [info] [Load Resource] type:Shader, path:"Packages/Shader/PostProcess/Screen/Fisheye/Fisheye.cs.hlsl", profile:"cs_6_6"
[04:45:40.102] [info] [Success Texture Info] Path: "./Packages/Textures/white.png"
[04:45:40.102] [info]  - DescriptorIndex: 0
[04:45:40.102] [info] AssetCollection: Scanning directory: ./Packages/
[04:45:40.106] [info] AssetCollection: Found 119 assets in ./Packages/
[04:45:40.106] [info] AssetCollection: Scanning directory: ./Assets/
[04:45:40.107] [info] [Load] [Model] - Starting load: "./Packages/Models/BackgroundObjects/Grass1.obj" (ext: ".obj")
[04:45:40.107] [info] [Load] [Model] - Starting load: "./Packages/Models/BackgroundObjects/Bush1.obj" (ext: ".obj")
[04:45:40.107] [info] [Load] [Model] - Starting load: "./Packages/Models/BackgroundObjects/Bush2.obj" (ext: ".obj")
[04:45:40.107] [info] [Load] [Model] - Starting load: "./Packages/Models/BackgroundObjects/Bush3.obj" (ext: ".obj")
[04:45:40.109] [info] AssetCollection: Found 93 assets in ./Assets/
[04:45:40.113] [info]   Mesh[0]: "Bush1_Icosphere", Vertices: 113, Bones: 0
[04:45:40.113] [info]   Mesh[0]: "Bush3_Icosphere.004", Vertices: 72, Bones: 0
[04:45:40.114] [info]   Mesh[1]: "Tree.002", Vertices: 138, Bones: 0
[04:45:40.114] [info]   Mesh[1]: "Tree", Vertices: 83, Bones: 0
[04:45:40.114] [info] [Load] [Model] - Finished: "./Packages/Models/BackgroundObjects/Bush3.obj", Total Meshes: 2, Total Clips: 0
[04:45:40.114] [info] [Load] [Model] - Finished: "./Packages/Models/BackgroundObjects/Bush1.obj", Total Meshes: 2, Total Clips: 0
[04:45:40.114] [info]   Mesh[0]: "Grass1_Cube", Vertices: 152, Bones: 0
[04:45:40.115] [info]   Mesh[0]: "Bush2_Icosphere.002", Vertices: 172, Bones: 0
[04:45:40.115] [info] [Load] [Model] - Starting load: "./Packages/Models/BackgroundObjects/Grass2.obj" (ext: ".obj")
[04:45:40.115] [info] [Load] [Model] - Starting load: "./Packages/Models/BackgroundObjects/Grass3.obj" (ext: ".obj")
[04:45:40.115] [info] [Load] [Model] - Finished: "./Packages/Models/BackgroundObjects/Grass1.obj", Total Meshes: 1, Total Clips: 0
[04:45:40.115] [info]   Mesh[1]: "Tree.001", Vertices: 222, Bones: 0
[04:45:40.115] [info] [Load] [Model] - Starting load: "./Packages/Models/BackgroundObjects/Rock1.obj" (ext: ".obj")
[04:45:40.116] [info] [Load] [Model] - Finished: "./Packages/Models/BackgroundObjects/Bush2.obj", Total Meshes: 2, Total Clips: 0
[04:45:40.116] [info] [Load] [Model] - Starting load: "./Packages/Models/BackgroundObjects/Rock2.obj" (ext: ".obj")
[04:45:40.122] [info]   Mesh[0]: "Grass3_Cube.003", Vertices: 364, Bones: 0
[04:45:40.122] [info]   Mesh[0]: "Icosphere_Icosphere.002", Vertices: 102, Bones: 0
[04:45:40.123] [info] [Load] [Model] - Finished: "./Packages/Models/BackgroundObjects/Grass3.obj", Total Meshes: 1, Total Clips: 0
[04:45:40.123] [info] [Load] [Model] - Finished: "./Packages/Models/BackgroundObjects/Rock2.obj", Total Meshes: 1, Total Clips: 0
[04:45:40.123] [info] [Load] [Model] - Starting load: "./Packages/Models/BackgroundObjects/Rock3.obj" (ext: ".obj")
[04:45:40.123] [info] [Load] [Model] - Starting load: "./Packages/Models/BackgroundObjects/Tree1.obj" (ext: ".obj")
[04:45:40.124] [info]   Mesh[0]: "Grass2_Cube.003", Vertices: 366, Bones: 0
[04:45:40.124] [info]   Mesh[0]: "Rock_Icosphere.001", Vertices: 98, Bones: 0
[04:45:40.124] [info] [Load] [Model] - Finished: "./Packages/Models/BackgroundObjects/Grass2.obj", Total Meshes: 1, Total Clips: 0
[04:45:40.124] [info] [Load] [Model] - Finished: "./Packages/Models/BackgroundObjects/Rock1.obj", Total Meshes: 1, Total Clips: 0
[04:45:40.124] [info] [Load] [Model] - Starting load: "./Packages/Models/BackgroundObjects/Tree2.obj" (ext: ".obj")
[04:45:40.125] [info] [Load] [Model] - Starting load: "./Packages/Models/BackgroundObjects/Tree3.obj" (ext: ".obj")
[04:45:40.131] [info]   Mesh[0]: "Rock3_Icosphere", Vertices: 84, Bones: 0
[04:45:40.132] [info]   Mesh[0]: "Tree1_Icosphere.002", Vertices: 518, Bones: 0
[04:45:40.133] [info] [Load] [Model] - Finished: "./Packages/Models/BackgroundObjects/Rock3.obj", Total Meshes: 1, Total Clips: 0
[04:45:40.133] [info]   Mesh[1]: "Tree.003", Vertices: 356, Bones: 0
[04:45:40.133] [info] [Load] [Model] - Starting load: "./Packages/Models/BackgroundObjects/Tree4.obj" (ext: ".obj")
[04:45:40.133] [info] [Load] [Model] - Finished: "./Packages/Models/BackgroundObjects/Tree1.obj", Total Meshes: 2, Total Clips: 0
[04:45:40.134] [info] [Load] [Model] - Starting load: "./Packages/Models/Human/sneakWalk.gltf" (ext: ".gltf")
[04:45:40.134] [info]   Mesh[0]: "Tree3_Icosphere.001", Vertices: 598, Bones: 0
[04:45:40.135] [info]   Mesh[0]: "Tree2_Icosphere.001", Vertices: 536, Bones: 0
[04:45:40.135] [info]   Mesh[1]: "Leaves.008", Vertices: 118, Bones: 0
[04:45:40.136] [info]   Mesh[1]: "Tree.004", Vertices: 550, Bones: 0
[04:45:40.136] [info] [Load] [Model] - Finished: "./Packages/Models/BackgroundObjects/Tree3.obj", Total Meshes: 2, Total Clips: 0
[04:45:40.136] [info] [Load] [Model] - Starting load: "./Packages/Models/Human/walk.gltf" (ext: ".gltf")
[04:45:40.137] [info] [Load] [Model] - Finished: "./Packages/Models/BackgroundObjects/Tree2.obj", Total Meshes: 2, Total Clips: 0
[04:45:40.137] [info] [Load] [Model] - Starting load: "./Packages/Models/primitive/cube.obj" (ext: ".obj")
[04:45:40.143] [info]   Mesh[0]: "Cube", Vertices: 24, Bones: 0
[04:45:40.143] [info]   Mesh[0]: "Tree4_Cylinder.003", Vertices: 665, Bones: 0
[04:45:40.144] [info] [Load] [Model] - Finished: "./Packages/Models/primitive/cube.obj", Total Meshes: 1, Total Clips: 0
[04:45:40.144] [info]   Mesh[1]: "Leaves.009", Vertices: 1035, Bones: 0
[04:45:40.144] [info] [Load] [Model] - Starting load: "./Packages/Models/primitive/cylinder.obj" (ext: ".obj")
[04:45:40.145] [info] [Load] [Model] - Finished: "./Packages/Models/BackgroundObjects/Tree4.obj", Total Meshes: 2, Total Clips: 0
[04:45:40.145] [info] [Load] [Model] - Starting load: "./Packages/Models/primitive/frontToPlane.obj" (ext: ".obj")
[04:45:40.152] [info]   Mesh[0]: "frontToPlane", Vertices: 4, Bones: 0
[04:45:40.153] [info]   Mesh[0]: "円柱", Vertices: 130, Bones: 0
[04:45:40.153] [info] [Load] [Model] - Finished: "./Packages/Models/primitive/frontToPlane.obj", Total Meshes: 1, Total Clips: 0
[04:45:40.154] [info] [Load] [Model] - Finished: "./Packages/Models/primitive/cylinder.obj", Total Meshes: 1, Total Clips: 0
[04:45:40.154] [info] [Load] [Model] - Starting load: "./Packages/Models/primitive/sphere.obj" (ext: ".obj")
[04:45:40.154] [info] [Load] [Model] - Starting load: "./Packages/Models/primitive/plane.obj" (ext: ".obj")
[04:45:40.156] [info]   Mesh[0]: "Retopology_hp_Plane.002", Vertices: 13538, Bones: 55
[04:45:40.160] [info]   Mesh[0]: "Retopology_hp_Plane.002", Vertices: 13538, Bones: 55
[04:45:40.160] [info] [Load] [AnimationClip] - name:"Armature|mixamo.com|Layer0", hash: 95722531, duration: 0.90s
[04:45:40.161] [info]   Mesh[0]: "平面", Vertices: 4, Bones: 0
[04:45:40.162] [info] [Load] [Model] - Finished: "./Packages/Models/Human/sneakWalk.gltf", Total Meshes: 1, Total Clips: 1
[04:45:40.162] [info] [Load] [Model] - Finished: "./Packages/Models/primitive/plane.obj", Total Meshes: 1, Total Clips: 0
[04:45:40.163] [info] [Load] [Model] - Starting load: "./Packages/Models/primitive/tube.obj" (ext: ".obj")
[04:45:40.163] [info] [Load] [AnimationClip] - name:"Armature|mixamo.com|Layer0", hash: 95722531, duration: 1.03s
[04:45:40.164] [info]   Mesh[0]: "球", Vertices: 559, Bones: 0
[04:45:40.165] [info] [Load] [Model] - Finished: "./Packages/Models/Human/walk.gltf", Total Meshes: 1, Total Clips: 1
[04:45:40.165] [info] [Load] [Model] - Finished: "./Packages/Models/primitive/sphere.obj", Total Meshes: 1, Total Clips: 0
[04:45:40.169] [info]   Mesh[0]: "円柱", Vertices: 66, Bones: 0
[04:45:40.170] [info] [Load] [Model] - Finished: "./Packages/Models/primitive/tube.obj", Total Meshes: 1, Total Clips: 0
[04:45:40.176] [info] [Success Texture Info] Path: "./Packages/Textures/Dirt.jpg"
[04:45:40.176] [info]  - DescriptorIndex: 1
[04:45:40.177] [info] [Success Texture Info] Path: "./Packages/Textures/ImGui/FileIcons/FileIcon.png"
[04:45:40.177] [info]  - DescriptorIndex: 2
[04:45:40.177] [info] [Success Texture Info] Path: "./Packages/Textures/Grass.jpg"
[04:45:40.177] [info]  - DescriptorIndex: 3
[04:45:40.179] [info] [Success Texture Info] Path: "./Packages/Textures/ImGui/FileIcons/FolderIcon.png"
[04:45:40.179] [info]  - DescriptorIndex: 4
[04:45:40.181] [info] [Success Texture Info] Path: "./Packages/Textures/ImGui/pause.png"
[04:45:40.181] [info]  - DescriptorIndex: 5
[04:45:40.182] [info] [Success Texture Info] Path: "./Packages/Textures/ImGui/play.png"
[04:45:40.183] [info]  - DescriptorIndex: 6
[04:45:40.183] [info] [Success Texture Info] Path: "./Packages/Textures/ImGui/FileIcons/lets-icons-sound-none-256.png"
[04:45:40.183] [info]  - DescriptorIndex: 7
[04:45:40.184] [info] [Success Texture Info] Path: "./Packages/Textures/ImGui/FileIcons/ph-file-c-sharp-none-256.png"
[04:45:40.184] [info]  - DescriptorIndex: 8
[04:45:40.185] [info] [Success Texture Info] Path: "./Packages/Textures/ImGui/reload.png"
[04:45:40.185] [info]  - DescriptorIndex: 9
[04:45:40.187] [info] [Success Texture Info] Path: "./Packages/Textures/ImGui/TerrainEditTextures/BrushModeIcon.png"
[04:45:40.187] [info]  - DescriptorIndex: 10
[04:45:40.189] [info] [Success Texture Info] Path: "./Packages/Textures/ImGui/skip.png"
[04:45:40.189] [info]  - DescriptorIndex: 11
[04:45:40.193] [error] [Load Failed] File is not a Texture3D DDS: "./Packages/Textures/kloofendal_48d_partly_cloudy_puresky_2k.dds"
[04:45:40.195] [error] [Load Failed] File is not a Texture3D DDS: "./Packages/Textures/rostock_laage_airport_4k.dds"
[04:45:40.201] [info] [Success Texture Info] Path: "./Packages/Textures/ImGui/FileIcons/ObjIcon.png"
[04:45:40.201] [info]  - DescriptorIndex: 12
[04:45:40.203] [warning] [GenerateMipMaps Failed] Using original image: "./Packages/Textures/Sample3DTexture.dds"
[04:45:40.203] [warning] [GenerateMipMaps Failed] Using original image: "./Packages/Textures/Sample3DTexture.dds"
[04:45:40.204] [info] [Texture DDS Info] Path: "./Packages/Textures/Sample3DTexture.dds"
[04:45:40.205] [info] [Success Texture Info] Path: "./Packages/Textures/rostock_laage_airport_4k.dds"
[04:45:40.205] [info]  - DescriptorIndex: 14
[04:45:40.205] [info] [Success Texture Info] Path: "./Packages/Textures/Snow.jpg"
[04:45:40.205] [info]  - DescriptorIndex: 15
[04:45:40.209] [info] [Success Texture Info] Path: "./Assets/assets/backGround/cloud.png"
[04:45:40.209] [info]  - DescriptorIndex: 16
[04:45:40.211] [info] [Success Texture Info] Path: "./Assets/assets/backGround/fish.png"
[04:45:40.211] [info]  - DescriptorIndex: 17
[04:45:40.216] [info] [Success Texture Info] Path: "./Assets/assets/backGround/flockFish.png"
[04:45:40.216] [info]  - DescriptorIndex: 18
[04:45:40.219] [info] [Success Texture Info] Path: "./Assets/assets/backGround/foam.png"
[04:45:40.219] [info]  - DescriptorIndex: 19
[04:45:40.222] [info] [Success Texture Info] Path: "./Assets/assets/backGround/lock.png"
[04:45:40.222] [info]  - DescriptorIndex: 20
[04:45:40.224] [info] [Success Texture Info] Path: "./Assets/assets/backGround/sand.png"
[04:45:40.224] [info]  - DescriptorIndex: 21
[04:45:40.226] [info] [Success Texture Info] Path: "./Assets/assets/backGround/seaBackGround1x1.png"
[04:45:40.226] [info]  - DescriptorIndex: 22
[04:45:40.229] [info] [Success Texture Info] Path: "./Assets/assets/backGround/seaweed.png"
[04:45:40.229] [info]  - DescriptorIndex: 23
[04:45:40.232] [info] [Success Texture Info] Path: "./Packages/Textures/uvChecker.png"
[04:45:40.232] [info]  - DescriptorIndex: 24
[04:45:40.232] [info] [Success Texture Info] Path: "./Assets/assets/backGround/wave.png"
[04:45:40.232] [info]  - DescriptorIndex: 25
[04:45:40.235] [info] [Success Texture Info] Path: "./Assets/assets/background-sample.png"
[04:45:40.235] [info]  - DescriptorIndex: 26
[04:45:40.239] [info] [Success Texture Info] Path: "./Assets/assets/boss/giantSquid_arm.png"
[04:45:40.239] [info]  - DescriptorIndex: 27
[04:45:40.239] [info] [Success Texture Info] Path: "./Assets/assets/boss/giantSquid.png"
[04:45:40.239] [info]  - DescriptorIndex: 28
[04:45:40.241] [info] [Success Texture Info] Path: "./Assets/assets/boss/weakness.png"
[04:45:40.242] [info]  - DescriptorIndex: 29
[04:45:40.242] [info] [Success Texture Info] Path: "./Assets/assets/egg.png"
[04:45:40.242] [info]  - DescriptorIndex: 30
[04:45:40.244] [info] [Success Texture Info] Path: "./Assets/assets/enemy/jar.png"
[04:45:40.244] [info]  - DescriptorIndex: 31
[04:45:40.244] [info] [Success Texture Info] Path: "./Assets/assets/enemy/jar2.png"
[04:45:40.244] [info]  - DescriptorIndex: 32
[04:45:40.246] [info] [Success Texture Info] Path: "./Assets/assets/enemy/spike.png"
[04:45:40.246] [info]  - DescriptorIndex: 33
[04:45:40.248] [info] [Success Texture Info] Path: "./Assets/assets/enemy/spikeFish.png"
[04:45:40.248] [info]  - DescriptorIndex: 34
[04:45:40.250] [info] [Success Texture Info] Path: "./Assets/assets/enemy/spikeFish_spike.png"
[04:45:40.250] [info]  - DescriptorIndex: 35
[04:45:40.250] [info] [Success Texture Info] Path: "./Assets/assets/enemy/surfaceOctopus.png"
[04:45:40.250] [info]  - DescriptorIndex: 36
[04:45:40.252] [info] [Success Texture Info] Path: "./Assets/assets/exp.png"
[04:45:40.252] [info]  - DescriptorIndex: 37
[04:45:40.253] [info] [Success Texture Info] Path: "./Assets/assets/enemy/utsubo.png"
[04:45:40.253] [info]  - DescriptorIndex: 38
[04:45:40.254] [info] [Success Texture Info] Path: "./Assets/assets/fertilized_egg.png"
[04:45:40.254] [info]  - DescriptorIndex: 39
[04:45:40.255] [info] [Success Texture Info] Path: "./Assets/assets/geso.png"
[04:45:40.255] [info]  - DescriptorIndex: 40
[04:45:40.258] [info] [Success Texture Info] Path: "./Assets/assets/Golden dwarf moray.png"
[04:45:40.258] [info]  - DescriptorIndex: 41
[04:45:40.260] [info] [Success Texture Info] Path: "./Assets/assets/mendako.png"
[04:45:40.261] [info]  - DescriptorIndex: 42
[04:45:40.263] [info] [Success Texture Info] Path: "./Assets/assets/moray eel.png"
[04:45:40.263] [info]  - DescriptorIndex: 43
[04:45:40.266] [info] [Success Texture Info] Path: "./Assets/assets/player/egg.png"
[04:45:40.266] [info]  - DescriptorIndex: 44
[04:45:40.268] [info] [Success Texture Info] Path: "./Assets/assets/player/larva.png"
[04:45:40.268] [info]  - DescriptorIndex: 45
[04:45:40.271] [info] [Success Texture Info] Path: "./Assets/assets/player/larvaEgg.png"
[04:45:40.271] [info]  - DescriptorIndex: 46
[04:45:40.274] [info] [Success Texture Info] Path: "./Assets/assets/player/player.png"
[04:45:40.274] [info]  - DescriptorIndex: 47
[04:45:40.276] [info] [Success Texture Info] Path: "./Assets/assets/player/playerFace.png"
[04:45:40.276] [info]  - DescriptorIndex: 48
[04:45:40.278] [info] [Success Texture Info] Path: "./Assets/assets/player/playerFeet.png"
[04:45:40.278] [info]  - DescriptorIndex: 49
[04:45:40.281] [info] [Success Texture Info] Path: "./Assets/assets/player/playerHead.png"
[04:45:40.281] [info]  - DescriptorIndex: 50
[04:45:40.284] [info] [Success Texture Info] Path: "./Assets/assets/Porcupine fish.png"
[04:45:40.284] [info]  - DescriptorIndex: 51
[04:45:40.315] [info] [Success Texture Info] Path: "./Packages/Textures/Rock.png"
[04:45:40.315] [info]  - DescriptorIndex: 52
[04:45:40.321] [info] [Success Texture Info] Path: "./Assets/assets/title/title_choiceOutline.png"
[04:45:40.321] [info]  - DescriptorIndex: 53
[04:45:40.327] [info] [Success Texture Info] Path: "./Assets/assets/title/titleUI.png"
[04:45:40.327] [info]  - DescriptorIndex: 54
[04:45:40.327] [info] [Success Texture Info] Path: "./Assets/assets/title/title_endUI.png"
[04:45:40.327] [info]  - DescriptorIndex: 55
[04:45:40.333] [info] [Success Texture Info] Path: "./Assets/assets/title/title_startUI.png"
[04:45:40.333] [info]  - DescriptorIndex: 56
[04:45:40.334] [info] [Success Texture Info] Path: "./Assets/assets/title/title_optionUI.png"
[04:45:40.334] [info]  - DescriptorIndex: 57
[04:45:40.337] [info] [Success Texture Info] Path: "./Assets/assets/kinggeso.png"
[04:45:40.338] [info]  - DescriptorIndex: 58
[04:45:40.342] [info] [Success Texture Info] Path: "./Assets/assets/title.png"
[04:45:40.342] [info]  - DescriptorIndex: 59
[04:45:40.344] [info] [Success Texture Info] Path: "./Assets/assets/vase.png"
[04:45:40.344] [info]  - DescriptorIndex: 60
[04:45:40.374] [info] [Success Texture Info] Path: "./Assets/assets/tortoise-face.png"
[04:45:40.374] [info]  - DescriptorIndex: 61
[04:45:40.375] [info] [Load] [Model] - Starting load: "./Assets/Models/Block/ruins_big.obj" (ext: ".obj")
[04:45:40.378] [info] [Success Texture Info] Path: "./Assets/assets/tortoise-hip.png"
[04:45:40.378] [info]  - DescriptorIndex: 62
[04:45:40.379] [info] [Load] [Model] - Starting load: "./Assets/Models/Block/ruins_block1.obj" (ext: ".obj")
[04:45:40.385] [info]   Mesh[0]: "立方体.002", Vertices: 96, Bones: 0
[04:45:40.385] [info]   Mesh[0]: "Cube", Vertices: 1776, Bones: 0
[04:45:40.387] [info] [Load] [Model] - Finished: "./Assets/Models/Block/ruins_block1.obj", Total Meshes: 1, Total Clips: 0
[04:45:40.387] [info] [Load] [Model] - Finished: "./Assets/Models/Block/ruins_big.obj", Total Meshes: 1, Total Clips: 0
[04:45:40.387] [info] [Load] [Model] - Starting load: "./Assets/Models/Block/ruins_block2.obj" (ext: ".obj")
[04:45:40.387] [info] [Load] [Model] - Starting load: "./Assets/Models/Block/ruins_block3.obj" (ext: ".obj")
[04:45:40.394] [info] [Success Texture Info] Path: "./Packages/Textures/kloofendal_48d_partly_cloudy_puresky_2k.dds"
[04:45:40.395] [info]  - DescriptorIndex: 63
[04:45:40.395] [info]   Mesh[0]: "立方体.001", Vertices: 488, Bones: 0
[04:45:40.395] [info]   Mesh[0]: "立方体", Vertices: 578, Bones: 0
[04:45:40.396] [info] [Load] [Model] - Finished: "./Assets/Models/Block/ruins_block2.obj", Total Meshes: 1, Total Clips: 0
[04:45:40.396] [info] [Load] [Model] - Finished: "./Assets/Models/Block/ruins_block3.obj", Total Meshes: 1, Total Clips: 0
[04:45:40.396] [info] [Load] [Model] - Starting load: "./Assets/Models/Block/ruins_block4.obj" (ext: ".obj")
[04:45:40.396] [info] [Load] [Model] - Starting load: "./Assets/Models/Block/terrian.obj" (ext: ".obj")
[04:45:40.398] [info] [Success Texture Info] Path: "./Assets/Models/Block/terrian.png"
[04:45:40.398] [info]  - DescriptorIndex: 64
[04:45:40.398] [info] [Load] [Model] - Starting load: "./Assets/Models/Bomb/bomb.obj" (ext: ".obj")
[04:45:40.404] [info]   Mesh[0]: "立方体", Vertices: 48, Bones: 0
[04:45:40.405] [info]   Mesh[0]: "Cube", Vertices: 394, Bones: 0
[04:45:40.405] [info] [Load] [Model] - Finished: "./Assets/Models/Block/terrian.obj", Total Meshes: 1, Total Clips: 0
[04:45:40.406] [info] [Load] [Model] - Finished: "./Assets/Models/Block/ruins_block4.obj", Total Meshes: 1, Total Clips: 0
[04:45:40.406] [info] [Load] [Model] - Starting load: "./Assets/Models/Boss/boss.obj" (ext: ".obj")
[04:45:40.410] [info]   Mesh[0]: "円柱.001", Vertices: 2520, Bones: 0
[04:45:40.412] [info] [Load] [Model] - Finished: "./Assets/Models/Bomb/bomb.obj", Total Meshes: 1, Total Clips: 0
[04:45:40.416] [info]   Mesh[0]: "立方体.027", Vertices: 2175, Bones: 0
[04:45:40.417] [info] [Load] [Model] - Finished: "./Assets/Models/Boss/boss.obj", Total Meshes: 1, Total Clips: 0
[04:45:40.418] [info] [Load] [Model] - Starting load: "./Assets/Models/Boss/boss_animation.gltf" (ext: ".gltf")
[04:45:40.423] [error] AssetLoader<Model>::ValidateModel: aiScene is null.
[04:45:40.423] [error] [Load] [Model] - Assimp Error: "GLTF: Invalid byteLength exceeds size of actual data.", path: "./Assets/Models/Boss/boss_animation.gltf"
[04:45:40.424] [info] [Load] [Model] - Starting load: "./Assets/Models/objects/FieldCell/FieldCell.obj" (ext: ".obj")
[04:45:40.430] [info]   Mesh[0]: "Cube", Vertices: 24, Bones: 0
[04:45:40.431] [info] [Load] [Model] - Finished: "./Assets/Models/objects/FieldCell/FieldCell.obj", Total Meshes: 1, Total Clips: 0
[04:45:40.431] [info] [Load] [Model] - Starting load: "./Assets/Models/objects/Outscene/boss_head.gltf" (ext: ".gltf")
[04:45:40.432] [info]   Mesh[0]: "立方体.002", Vertices: 436, Bones: 0
[04:45:40.433] [info] [Load] [Model] - Finished: "./Assets/Models/objects/Outscene/boss_head.gltf", Total Meshes: 1, Total Clips: 0
[04:45:40.434] [info] [Load] [Model] - Starting load: "./Assets/Models/objects/PlayerLeftHand/PlayerLeftHand.obj" (ext: ".obj")
[04:45:40.440] [info]   Mesh[0]: "Cube", Vertices: 24, Bones: 0
[04:45:40.440] [info] [Load] [Model] - Finished: "./Assets/Models/objects/PlayerLeftHand/PlayerLeftHand.obj", Total Meshes: 1, Total Clips: 0
[04:45:40.441] [info] [Load] [Model] - Starting load: "./Assets/Models/objects/PlayerRightHand/PlayerRightHand.obj" (ext: ".obj")
[04:45:40.445] [info] [Success Texture Info] Path: "./Assets/Models/Block/ruins.png"
[04:45:40.446] [info]  - DescriptorIndex: 65
[04:45:40.446] [info]   Mesh[0]: "Cube", Vertices: 24, Bones: 0
[04:45:40.447] [info] [Load] [Model] - Finished: "./Assets/Models/objects/PlayerRightHand/PlayerRightHand.obj", Total Meshes: 1, Total Clips: 0
[04:45:40.447] [info] [Load] [Model] - Starting load: "./Assets/Models/Outgame/bg/bonfire.gltf" (ext: ".gltf")
[04:45:40.449] [info]   Mesh[0]: "円柱.001", Vertices: 624, Bones: 0
[04:45:40.449] [info] [Load] [Model] - Finished: "./Assets/Models/Outgame/bg/bonfire.gltf", Total Meshes: 1, Total Clips: 0
[04:45:40.450] [info] [Load] [Model] - Starting load: "./Assets/Models/Outgame/bg/ground.gltf" (ext: ".gltf")
[04:45:40.459] [info]   Mesh[0]: "平面.002", Vertices: 10201, Bones: 0
[04:45:40.462] [info] [Load] [Model] - Finished: "./Assets/Models/Outgame/bg/ground.gltf", Total Meshes: 1, Total Clips: 0
[04:45:40.495] [info] [Success Texture Info] Path: "./Assets/Models/Bomb/bomb.png"
[04:45:40.495] [info]  - DescriptorIndex: 66
[04:45:40.496] [info] [Load] [Model] - Starting load: "./Assets/Models/Outgame/boss_head.gltf" (ext: ".gltf")
[04:45:40.498] [info]   Mesh[0]: "円錐.009", Vertices: 1208, Bones: 0
[04:45:40.499] [info] [Load] [Model] - Finished: "./Assets/Models/Outgame/boss_head.gltf", Total Meshes: 1, Total Clips: 0
[04:45:40.499] [info] [Load] [Model] - Starting load: "./Assets/Models/pillar.obj" (ext: ".obj")
[04:45:40.505] [info]   Mesh[0]: "立方体.003", Vertices: 734, Bones: 0
[04:45:40.508] [info] [Load] [Model] - Finished: "./Assets/Models/pillar.obj", Total Meshes: 1, Total Clips: 0
[04:45:40.508] [info] [Success Texture Info] Path: "./Assets/Models/Boss/boss.png"
[04:45:40.508] [info]  - DescriptorIndex: 67
[04:45:40.509] [info] [Load] [Model] - Starting load: "./Assets/Models/Player/hand.gltf" (ext: ".gltf")
[04:45:40.512] [error] AssetLoader<Model>::ValidateModel: aiScene is null.
[04:45:40.512] [error] [Load] [Model] - Assimp Error: "GLTF: could not open referenced file "hand.bin"", path: "./Assets/Models/Player/hand.gltf"
[04:45:40.513] [info] [Load] [Model] - Starting load: "./Assets/Models/Player/hand.obj" (ext: ".obj")
[04:45:40.518] [info]   Mesh[0]: "立方体", Vertices: 732, Bones: 0
[04:45:40.519] [info] [Load] [Model] - Finished: "./Assets/Models/Player/hand.obj", Total Meshes: 1, Total Clips: 0
[04:45:40.548] [info] [Success Texture Info] Path: "./Assets/Models/Outgame/bg/bonfire.png"
[04:45:40.548] [info]  - DescriptorIndex: 68
[04:45:40.549] [info] [Load] [Model] - Starting load: "./Assets/Models/primitive/front_cube.obj" (ext: ".obj")
[04:45:40.554] [info] [Success Texture Info] Path: "./Assets/Models/Outgame/boss.png"
[04:45:40.555] [info]  - DescriptorIndex: 69
[04:45:40.555] [info]   Mesh[0]: "Cube", Vertices: 24, Bones: 0
[04:45:40.555] [info] [Load] [Model] - Finished: "./Assets/Models/primitive/front_cube.obj", Total Meshes: 1, Total Clips: 0
[04:45:40.556] [info] [Load] [Model] - Starting load: "./Assets/Models/Soldier/soldier.gltf" (ext: ".gltf")
[04:45:40.556] [info] [Load] [Model] - Starting load: "./Assets/Models/Soldier/soldier.obj" (ext: ".obj")
[04:45:40.558] [info]   Mesh[0]: "円柱", Vertices: 1243, Bones: 9
[04:45:40.558] [info] [Load] [AnimationClip] - name:"appear", hash: 4138087844, duration: 0.33s
[04:45:40.558] [info] [Load] [AnimationClip] - name:"dance", hash: 4162136220, duration: 1.33s
[04:45:40.559] [info] [Load] [AnimationClip] - name:"leaving", hash: 17007323, duration: 0.33s
[04:45:40.559] [info] [Load] [AnimationClip] - name:"move", hash: 407568404, duration: 0.33s
[04:45:40.559] [info] [Load] [Model] - Finished: "./Assets/Models/Soldier/soldier.gltf", Total Meshes: 1, Total Clips: 4
[04:45:40.565] [info]   Mesh[0]: "立方体", Vertices: 2206, Bones: 0
[04:45:40.565] [info] [Load] [Model] - Finished: "./Assets/Models/Soldier/soldier.obj", Total Meshes: 1, Total Clips: 0
[04:45:40.565] [info] [Load] [Model] - Starting load: "./Assets/Models/Soldier/soldier_support.gltf" (ext: ".gltf")
[04:45:40.568] [info]   Mesh[0]: "立方体.001", Vertices: 1017, Bones: 9
[04:45:40.568] [info] [Load] [AnimationClip] - name:"beating", hash: 4182670843, duration: 0.67s
[04:45:40.569] [info] [Load] [Model] - Finished: "./Assets/Models/Soldier/soldier_support.gltf", Total Meshes: 1, Total Clips: 1
[04:45:40.586] [info] [Success Texture Info] Path: "./Assets/Models/pillar.png"
[04:45:40.586] [info]  - DescriptorIndex: 70
[04:45:40.603] [info] [Success Texture Info] Path: "./Assets/Models/Player/hand.png"
[04:45:40.603] [info]  - DescriptorIndex: 71
[04:45:40.607] [info] [Success Texture Info] Path: "./Assets/Textures/AButton.png"
[04:45:40.607] [info]  - DescriptorIndex: 72
[04:45:40.630] [info] [Success Texture Info] Path: "./Assets/Textures/gradation.png"
[04:45:40.631] [info]  - DescriptorIndex: 73
[04:45:40.631] [info] [Success Texture Info] Path: "./Assets/Textures/circle.png"
[04:45:40.631] [info]  - DescriptorIndex: 74
[04:45:40.635] [info] [Success Texture Info] Path: "./Assets/Textures/larvaEgg.png"
[04:45:40.635] [info]  - DescriptorIndex: 75
[04:45:40.657] [info] [Success Texture Info] Path: "./Assets/Textures/gradationLine.png"
[04:45:40.657] [info]  - DescriptorIndex: 76
[04:45:40.663] [info] [Success Texture Info] Path: "./Assets/Models/Soldier/soldier.png"
[04:45:40.663] [info]  - DescriptorIndex: 77
[04:45:40.663] [info] [Success Texture Info] Path: "./Assets/Textures/noise.png"
[04:45:40.663] [info]  - DescriptorIndex: 78
[04:45:40.665] [info] [Success Texture Info] Path: "./Assets/Textures/seaweed.png"
[04:45:40.666] [info]  - DescriptorIndex: 79
[04:45:40.669] [info] [Success Texture Info] Path: "./Assets/Models/Soldier/soldier_support.png"
[04:45:40.670] [info]  - DescriptorIndex: 80
[04:45:40.682] [info] [Success Texture Info] Path: "./Assets/Textures/UI/checkpoint-restrat.png"
[04:45:40.682] [info]  - DescriptorIndex: 81
[04:45:40.686] [info] [Success Texture Info] Path: "./Assets/Textures/UI/exit-game.png"
[04:45:40.686] [info]  - DescriptorIndex: 82
[04:45:40.686] [info] [Success Texture Info] Path: "./Assets/Textures/ring.png"
[04:45:40.686] [info]  - DescriptorIndex: 83
[04:45:40.690] [info] [Success Texture Info] Path: "./Assets/Textures/Vignette.png"
[04:45:40.690] [info]  - DescriptorIndex: 84
[04:45:40.692] [info] [Success Texture Info] Path: "./Assets/Textures/smoke.png"
[04:45:40.692] [info]  - DescriptorIndex: 85
[04:45:40.698] [info] [Success Texture Info] Path: "./Assets/Textures/UI/main-menu.png"
[04:45:40.698] [info]  - DescriptorIndex: 86
[04:45:40.701] [info] [Success Texture Info] Path: "./Assets/Textures/UI/Resume.png"
[04:45:40.701] [info]  - DescriptorIndex: 87
[04:45:40.702] [info] dx depth stencil create success!!
[04:45:40.709] [info] dx depth stencil create success!!
[04:45:40.716] [info] dx depth stencil create success!!
[04:45:40.723] [info] dx depth stencil create success!!
[04:45:40.733] [info] [Load Resource] type:Shader, path:"Packages/Shader/Render/CopyImage/CopyImage.vs.hlsl", profile:"vs_6_0"
[04:45:40.740] [info] [Load Resource] type:Shader, path:"Packages/Shader/Render/CopyImage/CopyImage.ps.hlsl", profile:"ps_6_0"
[04:45:40.757] [info] dx swap chain create success!!
[04:45:40.763] [info] Mono version: 6.12.0 (Visual Studio built mono)
[04:45:40.763] [info] [Mono][info] Config attempting to parse: 'C:\Users\k023g\source\repos\TD4-2-Clone2\Project\Externals\mono\etc\mono\config'.
[04:45:40.765] [info] [Mono][info] Assembly Loader probing location: 'C:\Users\k023g\source\repos\TD4-2-Clone2\Project\Packages\mono\lib\4.5\mscorlib.dll'.
[04:45:40.766] [info] [Mono][info] Image addref mscorlib[0000020ED9DEFC20] (asmctx DEFAULT) -> C:\Users\k023g\source\repos\TD4-2-Clone2\Project\Packages\mono\lib\4.5\mscorlib.dll[0000020EE27A9380]: 2
[04:45:40.766] [info] [Mono][info] Prepared to set up assembly 'mscorlib' (C:\Users\k023g\source\repos\TD4-2-Clone2\Project\Packages\mono\lib\4.5\mscorlib.dll)
[04:45:40.766] [info] [Mono][info] AOT: image 'C:\Users\k023g\source\repos\TD4-2-Clone2\Project\Packages\mono\lib\4.5\mscorlib.dll.dll' not found: 指定されたファイルが見つかりません。

[04:45:40.767] [info] [Mono][info] AOT: image 'C:\Users\k023g\source\repos\TD4-2-Clone2\Project\Packages\Scripts\lib/mono/aot-cache/amd64/mscorlib.dll.dll' not found: 指定されたパスが見つかりません。

[04:45:40.767] [info] [Mono][info] Assembly Loader loaded assembly from location: 'C:\Users\k023g\source\repos\TD4-2-Clone2\Project\Packages\mono\lib\4.5\mscorlib.dll'.
[04:45:40.767] [info] [Mono][info] Config attempting to parse: 'C:\Users\k023g\source\repos\TD4-2-Clone2\Project\Packages\mono\lib\4.5\mscorlib.dll.config'.
[04:45:40.767] [info] [Mono][info] Config attempting to parse: 'C:\Users\k023g\source\repos\TD4-2-Clone2\Project\Externals\mono\etc\mono\assemblies\mscorlib\mscorlib.config'.
[04:45:40.767] [info] [Mono][info] Config attempting to parse: 'C:\Users\k023g\.mono\assemblies\mscorlib\mscorlib.config'.
[04:45:40.784] [info] [Mono][info] Assembly mscorlib[0000020ED9DEFC20] added to domain MyRootDomain, ref_count=1
[04:45:40.784] [info] [Mono][info] Assembly mscorlib[0000020ED9DEFC20] added to domain ReloadedDomain_1, ref_count=2
[04:45:40.787] [info] Latest DLL found: ./Packages/Scripts\CSharpLibrary_20260706_041636.dll
[04:45:40.787] [info] [Mono][info] Assembly Loader probing location: 'C:\Users\k023g\source\repos\TD4-2-Clone2\Project\Packages\Scripts\CSharpLibrary_20260706_041636.dll'.
[04:45:40.787] [info] [Mono][info] Image addref CSharpLibrary[0000020ED9DEFDA0] (asmctx DEFAULT) -> C:\Users\k023g\source\repos\TD4-2-Clone2\Project\Packages\Scripts\CSharpLibrary_20260706_041636.dll[0000020EE27A9AD0]: 2
[04:45:40.787] [info] [Mono][info] Prepared to set up assembly 'CSharpLibrary' (C:\Users\k023g\source\repos\TD4-2-Clone2\Project\Packages\Scripts\CSharpLibrary_20260706_041636.dll)
[04:45:40.787] [info] [Mono][info] Assembly CSharpLibrary[0000020ED9DEFDA0] added to domain ReloadedDomain_1, ref_count=1
[04:45:40.788] [info] [Mono][info] Assembly Loader loaded assembly from location: 'C:\Users\k023g\source\repos\TD4-2-Clone2\Project\Packages\Scripts\CSharpLibrary_20260706_041636.dll'.
[04:45:40.788] [info] [Mono][info] Config attempting to parse: 'C:\Users\k023g\source\repos\TD4-2-Clone2\Project\Packages\Scripts\CSharpLibrary_20260706_041636.dll.config'.
[04:45:40.788] [info] [Mono][info] Config attempting to parse: 'C:\Users\k023g\source\repos\TD4-2-Clone2\Project\Externals\mono\etc\mono\assemblies\CSharpLibrary\CSharpLibrary.config'.
[04:45:40.788] [info] [Mono][info] Config attempting to parse: 'C:\Users\k023g\.mono\assemblies\CSharpLibrary\CSharpLibrary.config'.
[04:45:40.788] [info] [Mono][info] Requesting loading reference 0 (of 4) of C:\Users\k023g\source\repos\TD4-2-Clone2\Project\Packages\Scripts\CSharpLibrary_20260706_041636.dll
[04:45:40.788] [info] [Mono][info] Loading reference 0 of C:\Users\k023g\source\repos\TD4-2-Clone2\Project\Packages\Scripts\CSharpLibrary_20260706_041636.dll asmctx DEFAULT, looking for mscorlib, Version=4.0.0.0, Culture=neutral, PublicKeyToken=b77a5c561934e089
[04:45:40.789] [info] [Mono][info] Assembly Ref addref CSharpLibrary[0000020ED9DEFDA0] -> mscorlib[0000020ED9DEFC20]: 3
[04:45:40.789] [info] [Mono][info] Requesting loading reference 1 (of 4) of C:\Users\k023g\source\repos\TD4-2-Clone2\Project\Packages\Scripts\CSharpLibrary_20260706_041636.dll
[04:45:40.789] [info] [Mono][info] Loading reference 1 of C:\Users\k023g\source\repos\TD4-2-Clone2\Project\Packages\Scripts\CSharpLibrary_20260706_041636.dll asmctx DEFAULT, looking for System.Core, Version=4.0.0.0, Culture=neutral, PublicKeyToken=b77a5c561934e089
[04:45:40.790] [info] [Mono][info] Assembly Loader probing location: 'C:\Users\k023g\source\repos\TD4-2-Clone2\Project\Packages\mono\lib\4.5\System.Core.dll'.
[04:45:40.790] [info] [Mono][info] Image addref System.Core[0000020ED9DF08E0] (asmctx DEFAULT) -> C:\Users\k023g\source\repos\TD4-2-Clone2\Project\Packages\mono\lib\4.5\System.Core.dll[0000020EE27AA220]: 2
[04:45:40.790] [info] [Mono][info] Prepared to set up assembly 'System.Core' (C:\Users\k023g\source\repos\TD4-2-Clone2\Project\Packages\mono\lib\4.5\System.Core.dll)
[04:45:40.790] [info] [Mono][info] Assembly System.Core[0000020ED9DF08E0] added to domain ReloadedDomain_1, ref_count=1
[04:45:40.790] [info] [Mono][info] Assembly Loader loaded assembly from location: 'C:\Users\k023g\source\repos\TD4-2-Clone2\Project\Packages\mono\lib\4.5\System.Core.dll'.
[04:45:40.790] [info] [Mono][info] Config attempting to parse: 'C:\Users\k023g\source\repos\TD4-2-Clone2\Project\Packages\mono\lib\4.5\System.Core.dll.config'.
[04:45:40.790] [info] [Mono][info] Config attempting to parse: 'C:\Users\k023g\source\repos\TD4-2-Clone2\Project\Externals\mono\etc\mono\assemblies\System.Core\System.Core.config'.
[04:45:40.791] [info] [Mono][info] Config attempting to parse: 'C:\Users\k023g\.mono\assemblies\System.Core\System.Core.config'.
[04:45:40.791] [info] [Mono][info] Assembly Ref addref CSharpLibrary[0000020ED9DEFDA0] -> System.Core[0000020ED9DF08E0]: 2
[04:45:40.791] [info] [Mono][info] Requesting loading reference 0 (of 2) of C:\Users\k023g\source\repos\TD4-2-Clone2\Project\Packages\mono\lib\4.5\System.Core.dll
[04:45:40.791] [info] [Mono][info] Loading reference 0 of C:\Users\k023g\source\repos\TD4-2-Clone2\Project\Packages\mono\lib\4.5\System.Core.dll asmctx DEFAULT, looking for mscorlib, Version=4.0.0.0, Culture=neutral, PublicKeyToken=b77a5c561934e089
[04:45:40.791] [info] [Mono][info] Assembly Ref addref System.Core[0000020ED9DF08E0] -> mscorlib[0000020ED9DEFC20]: 4
[04:45:40.792] [info] [Mono][info] Requesting loading reference 1 (of 2) of C:\Users\k023g\source\repos\TD4-2-Clone2\Project\Packages\mono\lib\4.5\System.Core.dll
[04:45:40.792] [info] [Mono][info] Loading reference 1 of C:\Users\k023g\source\repos\TD4-2-Clone2\Project\Packages\mono\lib\4.5\System.Core.dll asmctx DEFAULT, looking for System, Version=4.0.0.0, Culture=neutral, PublicKeyToken=b77a5c561934e089
[04:45:40.792] [info] [Mono][info] Assembly Loader probing location: 'C:\Users\k023g\source\repos\TD4-2-Clone2\Project\Packages\mono\lib\4.5\System.dll'.
[04:45:40.792] [info] [Mono][info] Image addref System[0000020ED9DF0CA0] (asmctx DEFAULT) -> C:\Users\k023g\source\repos\TD4-2-Clone2\Project\Packages\mono\lib\4.5\System.dll[0000020EE27A7640]: 2
[04:45:40.792] [info] [Mono][info] Prepared to set up assembly 'System' (C:\Users\k023g\source\repos\TD4-2-Clone2\Project\Packages\mono\lib\4.5\System.dll)
[04:45:40.792] [info] [Mono][info] Assembly System[0000020ED9DF0CA0] added to domain ReloadedDomain_1, ref_count=1
[04:45:40.792] [info] [Mono][info] Assembly Loader loaded assembly from location: 'C:\Users\k023g\source\repos\TD4-2-Clone2\Project\Packages\mono\lib\4.5\System.dll'.
[04:45:40.793] [info] [Mono][info] Config attempting to parse: 'C:\Users\k023g\source\repos\TD4-2-Clone2\Project\Packages\mono\lib\4.5\System.dll.config'.
[04:45:40.793] [info] [Mono][info] Config attempting to parse: 'C:\Users\k023g\source\repos\TD4-2-Clone2\Project\Externals\mono\etc\mono\assemblies\System\System.config'.
[04:45:40.793] [info] [Mono][info] Config attempting to parse: 'C:\Users\k023g\.mono\assemblies\System\System.config'.
[04:45:40.793] [info] [Mono][info] Assembly Ref addref System.Core[0000020ED9DF08E0] -> System[0000020ED9DF0CA0]: 2
[04:45:40.794] [info] [Mono][info] Requesting loading reference 0 (of 6) of C:\Users\k023g\source\repos\TD4-2-Clone2\Project\Packages\mono\lib\4.5\System.dll
[04:45:40.794] [info] [Mono][info] Loading reference 0 of C:\Users\k023g\source\repos\TD4-2-Clone2\Project\Packages\mono\lib\4.5\System.dll asmctx DEFAULT, looking for mscorlib, Version=4.0.0.0, Culture=neutral, PublicKeyToken=b77a5c561934e089
[04:45:40.794] [info] [Mono][info] Assembly Ref addref System[0000020ED9DF0CA0] -> mscorlib[0000020ED9DEFC20]: 5
[04:45:40.997] [info] [SOURCE_DETECTOR] Engine creating Entity (Internal)
[04:45:40.997] [info] [CPP ECS] FromJson - Adding component 'CameraComponent' to entity 'MainCamera'
[04:45:40.997] [info] [CPP ECS] FromJson - Adding component 'Transform' to entity 'MainCamera'
[04:45:40.997] [info] [CPP ECS] FromJson - Adding component 'Variables' to entity 'MainCamera'
[04:45:40.998] [info] [SOURCE_DETECTOR] Engine creating Entity (Internal)
[04:45:40.998] [info] [CPP ECS] FromJson - Adding component 'Transform' to entity 'Frame'
[04:45:40.998] [info] [CPP ECS] FromJson - Adding component 'Variables' to entity 'Frame'
[04:45:40.998] [info] [CPP ECS] FromJson - Adding component 'SpriteRenderer' to entity 'Frame'
[04:45:40.998] [info] [CPP ECS] FromJson - Adding component 'AnimationPlayer' to entity 'Frame'
[04:45:40.998] [info] [SOURCE_DETECTOR] Engine creating Entity (Internal)
[04:45:40.998] [info] [CPP ECS] FromJson - Adding component 'Transform' to entity 'PauseMenu'
[04:45:40.998] [info] [CPP ECS] FromJson - Adding component 'Variables' to entity 'PauseMenu'
[04:45:40.998] [info] [SOURCE_DETECTOR] Engine creating Entity (Internal)
[04:45:40.998] [info] [CPP ECS] FromJson - Adding component 'Transform' to entity 'Group_0'
[04:45:40.999] [info] [CPP ECS] FromJson - Adding component 'Variables' to entity 'Group_0'
[04:45:40.999] [info] [CPP ECS] FromJson - Adding component 'UIGroupComponent' to entity 'Group_0'
[04:45:40.999] [info] [CPP ECS] FromJson - Adding component 'Script' to entity 'Group_0'
[04:45:40.999] [info] [SOURCE_DETECTOR] Engine creating Entity (Internal)
[04:45:40.999] [info] [CPP ECS] FromJson - Adding component 'UIElementComponent' to entity 'resume'
[04:45:40.999] [info] [CPP ECS] FromJson - Adding component 'Transform' to entity 'resume'
[04:45:40.999] [info] [CPP ECS] FromJson - Adding component 'Variables' to entity 'resume'
[04:45:40.999] [info] [CPP ECS] FromJson - Adding component 'SpriteRenderer' to entity 'resume'
[04:45:40.999] [info] [CPP ECS] FromJson - Adding component 'UILinkNavigationComponent' to entity 'resume'
[04:45:40.999] [info] [CPP ECS] FromJson - Adding component 'Script' to entity 'resume'
[04:45:40.999] [info] [SOURCE_DETECTOR] Engine creating Entity (Internal)
[04:45:40.999] [info] [CPP ECS] FromJson - Adding component 'UIElementComponent' to entity 'main-menu'
[04:45:40.999] [info] [CPP ECS] FromJson - Adding component 'Transform' to entity 'main-menu'
[04:45:41.000] [info] [CPP ECS] FromJson - Adding component 'Variables' to entity 'main-menu'
[04:45:41.000] [info] [CPP ECS] FromJson - Adding component 'SpriteRenderer' to entity 'main-menu'
[04:45:41.000] [info] [CPP ECS] FromJson - Adding component 'UILinkNavigationComponent' to entity 'main-menu'
[04:45:41.000] [info] [CPP ECS] FromJson - Adding component 'Script' to entity 'main-menu'
[04:45:41.000] [info] [SOURCE_DETECTOR] Engine creating Entity (Internal)
[04:45:41.000] [info] [CPP ECS] FromJson - Adding component 'UIElementComponent' to entity 'exit-game'
[04:45:41.000] [info] [CPP ECS] FromJson - Adding component 'Transform' to entity 'exit-game'
[04:45:41.000] [info] [CPP ECS] FromJson - Adding component 'Variables' to entity 'exit-game'
[04:45:41.000] [info] [CPP ECS] FromJson - Adding component 'SpriteRenderer' to entity 'exit-game'
[04:45:41.000] [info] [CPP ECS] FromJson - Adding component 'UILinkNavigationComponent' to entity 'exit-game'
[04:45:41.000] [info] [CPP ECS] FromJson - Adding component 'Script' to entity 'exit-game'
[04:45:41.001] [info] [SOURCE_DETECTOR] Engine creating Entity (Internal)
[04:45:41.001] [info] [CPP ECS] FromJson - Adding component 'UIElementComponent' to entity 'checkpoint'
[04:45:41.001] [info] [CPP ECS] FromJson - Adding component 'Transform' to entity 'checkpoint'
[04:45:41.001] [info] [CPP ECS] FromJson - Adding component 'Variables' to entity 'checkpoint'
[04:45:41.001] [info] [CPP ECS] FromJson - Adding component 'SpriteRenderer' to entity 'checkpoint'
[04:45:41.001] [info] [CPP ECS] FromJson - Adding component 'UILinkNavigationComponent' to entity 'checkpoint'
[04:45:41.001] [info] [CPP ECS] FromJson - Adding component 'Script' to entity 'checkpoint'
[04:45:41.020] [info] Successfully synced initial components to C# for group: PauseScene
[04:45:41.021] [info] [SOURCE_DETECTOR] Engine creating Entity (Internal)
[04:45:41.021] [info] [CPP ECS] FromJson - Adding component 'CameraComponent' to entity 'DebugCamera2D'
[04:45:41.021] [info] [CPP ECS] FromJson - Adding component 'Transform' to entity 'DebugCamera2D'
[04:45:41.021] [info] [CPP ECS] FromJson - Adding component 'Variables' to entity 'DebugCamera2D'
[04:45:41.021] [info] [CPP ECS] FromJson - Adding component 'Script' to entity 'DebugCamera2D'
[04:45:41.021] [info] Successfully synced initial components to C# for group: Debug
[04:45:41.029] [info] [Load Resource] type:Shader, path:"./Packages/Shader/Editor/GameEntityPicking.cs.hlsl", profile:"cs_6_6"
[04:45:41.031] [warning] ECSGroup with name 'GameScene' not found.
[04:45:41.031] [info] ################################################################################
[04:45:41.031] [info] #
[04:45:41.031] [info] # Initialization completed in 1842 ms
[04:45:41.031] [info] #
[04:45:41.031] [info] ################################################################################
[04:45:41.044] [info] [SetScriptVars] OK setting fields for: DebugCamera2D
[04:45:41.044] [info] [SerializeField] field=isActive_ has=true
[04:45:41.044] [info] [SerializeField] field=moveSpeed_ has=true
[04:45:41.044] [info] [SerializeField] field=dragSensitivity_ has=true
[04:45:41.044] [info] [SerializeField] field=position_ has=true
[04:45:41.044] [info] [SerializeField] field=scale_ has=true
[04:45:41.044] [info] [SerializeField] field=velocity_ has=true
[04:45:41.044] [info] [SetScriptVars] OK setting fields for: DebugCamera2D
[04:45:41.044] [info] [SerializeField] field=isActive_ has=true
[04:45:41.044] [info] [SerializeField] field=moveSpeed_ has=true
[04:45:41.045] [info] [SerializeField] field=dragSensitivity_ has=true
[04:45:41.045] [info] [SerializeField] field=position_ has=true
[04:45:41.045] [info] [SerializeField] field=scale_ has=true
[04:45:41.045] [info] [SerializeField] field=velocity_ has=true
[04:45:41.045] [info] [Mono][info] Requesting loading reference 3 (of 4) of C:\Users\k023g\source\repos\TD4-2-Clone2\Project\Packages\Scripts\CSharpLibrary_20260706_041636.dll
[04:45:41.045] [info] [Mono][info] Loading reference 3 of C:\Users\k023g\source\repos\TD4-2-Clone2\Project\Packages\Scripts\CSharpLibrary_20260706_041636.dll asmctx DEFAULT, looking for System, Version=4.0.0.0, Culture=neutral, PublicKeyToken=b77a5c561934e089
[04:45:41.045] [info] [Mono][info] Assembly Ref addref CSharpLibrary[0000020ED9DEFDA0] -> System[0000020ED9DF0CA0]: 3
[04:45:41.059] [info] [UI Hierarchy] Resolved element 'resume' parent group via GUID: 'Group_0'
[04:45:41.059] [info] [UI Hierarchy] Resolved element 'main-menu' parent group via GUID: 'Group_0'
[04:45:41.059] [info] [UI Hierarchy] Resolved element 'exit-game' parent group via GUID: 'Group_0'
[04:45:41.059] [info] [UI Hierarchy] Resolved element 'checkpoint' parent group via GUID: 'Group_0'
[04:45:41.059] [info] [UI Hierarchy] Resolved currentSelected: 'resume' (GUID: 7a55b245537f869f03e93d3b4296d439) for Group 'Group_0'
[04:45:41.059] [info] Script UITest1 enable set to 1
[04:45:41.059] [info] Script UITest1 enable set to 1
[04:45:41.059] [info] Script UITest1 enable set to 1
[04:45:41.060] [info] Script UITest1 enable set to 1
[04:45:41.060] [info] Script PauseGroup enable set to 1
[04:45:41.060] [info] [UI Hierarchy] Guessing prefab name from root entity name: 'PauseMenu' -> 'PauseMenu.prefab'
[04:45:41.061] [info] [SetScriptVars] OK setting fields for: PauseGroup
[04:45:41.061] [info] [SetScriptVars] OK setting fields for: PauseGroup
[04:45:41.061] [info] [SetScriptVars] OK setting fields for: UITest1
[04:45:41.061] [info] [SerializeField] attrs=null for field: isSelect
[04:45:41.061] [info] [SerializeField] attrs=null for field: savePos
[04:45:41.061] [info] [SerializeField] attrs=null for field: time
[04:45:41.061] [info] [SetScriptVars] OK setting fields for: UITest1
[04:45:41.062] [info] [SerializeField] attrs=null for field: isSelect
[04:45:41.062] [info] [SerializeField] attrs=null for field: savePos
[04:45:41.062] [info] [SerializeField] attrs=null for field: time
[04:45:41.062] [info] [SetScriptVars] OK setting fields for: UITest1
[04:45:41.062] [info] [SerializeField] attrs=null for field: isSelect
[04:45:41.062] [info] [SerializeField] attrs=null for field: savePos
[04:45:41.062] [info] [SerializeField] attrs=null for field: time
[04:45:41.062] [info] [SetScriptVars] OK setting fields for: UITest1
[04:45:41.062] [info] [SerializeField] attrs=null for field: isSelect
[04:45:41.062] [info] [SerializeField] attrs=null for field: savePos
[04:45:41.062] [info] [SerializeField] attrs=null for field: time
[04:45:41.062] [info] [SetScriptVars] OK setting fields for: UITest1
[04:45:41.062] [info] [SerializeField] attrs=null for field: isSelect
[04:45:41.062] [info] [SerializeField] attrs=null for field: savePos
[04:45:41.063] [info] [SerializeField] attrs=null for field: time
[04:45:41.063] [info] [SetScriptVars] OK setting fields for: UITest1
[04:45:41.063] [info] [SerializeField] attrs=null for field: isSelect
[04:45:41.063] [info] [SerializeField] attrs=null for field: savePos
[04:45:41.063] [info] [SerializeField] attrs=null for field: time
[04:45:41.063] [info] [SetScriptVars] OK setting fields for: UITest1
[04:45:41.063] [info] [SerializeField] attrs=null for field: isSelect
[04:45:41.063] [info] [SerializeField] attrs=null for field: savePos
[04:45:41.063] [info] [SerializeField] attrs=null for field: time
[04:45:41.063] [info] [SetScriptVars] OK setting fields for: UITest1
[04:45:41.063] [info] [SerializeField] attrs=null for field: isSelect
[04:45:41.063] [info] [SerializeField] attrs=null for field: savePos
[04:45:41.063] [info] [SerializeField] attrs=null for field: time
[04:45:41.064] [info] [UI Hierarchy] Guessing prefab name from root entity name: 'PauseMenu' -> 'PauseMenu.prefab'
[04:45:41.064] [info] [UI Navigation] Group 'Group_0' gained focus. Initial selection: 'resume' (GUID: 7a55b245537f869f03e93d3b4296d439)
[04:45:41.064] [info] [UI Navigation] Focus Change: Group='Group_0', OldSelected='None', NewSelected='resume'
[04:45:41.064] [info] [UI Navigation]   -> Calling OnSelect() on 'resume' (Script: 'UITest1')
[04:45:41.066] [info] [UI Navigation]   -> Calling OnUISelect(elementId='resume') on Group 'Group_0' (Script: 'PauseGroup')
[04:45:41.067] [info] dx depth stencil create success!!
[04:45:41.073] [info] [RenderingFramework] Drawing group: PauseScene | Index: 0 | groupRenderTex: 2263288374064 | colorResource: 2262811014320 | ClearColor: (0.100000, 0.250000, 0.500000, 1.000000)
[04:45:41.073] [info] [RenderingCollection] DrawEntities2D executing. Group: PauseScene Camera: 2263280632320
[04:45:41.074] [info] [SpritePipeline] Drawing 5 sorted sprites.
[04:45:41.074] [info] [RenderingCollection] ExecutePostProcess3D for scene: ./Assets/Scene/RenderTexture/PauseScene
[04:45:41.074] [info] [Engine] CopyResource: Copying to resource at 2262811014320
[04:45:41.074] [info] [Engine] CopyResource: Copying to resource at 2262811014320
[04:45:41.074] [info] [Engine] CopyResource: Copying to resource at 2262811014320
[04:45:41.074] [error] PostProcessFog::Execute: main camera is null
[04:45:41.074] [info] [RenderingCollection] ExecutePostProcessScreen for scene: ./Assets/Scene/RenderTexture/PauseScene
[04:45:41.074] [warning] [WaterCaustics] Execute skipped: ScreenPostEffectTag not found in group: PauseScene
[04:45:41.074] [warning] [WaterDepthFog] Execute skipped: ScreenPostEffectTag not found in group: PauseScene
[04:45:41.074] [warning] [WaterColorGrading] Execute skipped: ScreenPostEffectTag not found in group: PauseScene
[04:45:41.074] [warning] [WaterDistortion] Execute skipped: ScreenPostEffectTag not found in group: PauseScene
[04:45:41.081] [info] [UI Hierarchy] Guessing prefab name from root entity name: 'PauseMenu' -> 'PauseMenu.prefab'
[04:45:41.084] [info] [UI Hierarchy] Guessing prefab name from root entity name: 'PauseMenu' -> 'PauseMenu.prefab'
[04:45:41.084] [info] [RenderingCollection] DrawEntities2D executing. Group: PauseScene Camera: 2263280632320
[04:45:41.084] [info] [SpritePipeline] Drawing 5 sorted sprites.
[04:45:41.084] [info] [RenderingCollection] ExecutePostProcess3D for scene: ./Assets/Scene/RenderTexture/PauseScene
[04:45:41.084] [info] [Engine] CopyResource: Copying to resource at 2262811014320
[04:45:41.084] [info] [Engine] CopyResource: Copying to resource at 2262811014320
[04:45:41.084] [info] [Engine] CopyResource: Copying to resource at 2262811014320
[04:45:41.084] [error] PostProcessFog::Execute: main camera is null
[04:45:41.084] [info] [RenderingCollection] ExecutePostProcessScreen for scene: ./Assets/Scene/RenderTexture/PauseScene
[04:45:41.088] [info] [UI Hierarchy] Guessing prefab name from root entity name: 'PauseMenu' -> 'PauseMenu.prefab'
[04:45:41.088] [info] [UI Hierarchy] Guessing prefab name from root entity name: 'PauseMenu' -> 'PauseMenu.prefab'
[04:45:41.088] [info] [RenderingCollection] DrawEntities2D executing. Group: PauseScene Camera: 2263280632320
[04:45:41.088] [info] [SpritePipeline] Drawing 5 sorted sprites.
[04:45:41.088] [info] [RenderingCollection] ExecutePostProcess3D for scene: ./Assets/Scene/RenderTexture/PauseScene
[04:45:41.088] [info] [Engine] CopyResource: Copying to resource at 2262811014320
[04:45:41.088] [info] [Engine] CopyResource: Copying to resource at 2262811014320
[04:45:41.089] [info] [Engine] CopyResource: Copying to resource at 2262811014320
[04:45:41.089] [error] PostProcessFog::Execute: main camera is null
[04:45:41.089] [info] [RenderingCollection] ExecutePostProcessScreen for scene: ./Assets/Scene/RenderTexture/PauseScene
[04:45:41.092] [info] [UI Hierarchy] Guessing prefab name from root entity name: 'PauseMenu' -> 'PauseMenu.prefab'
[04:45:41.092] [info] [UI Hierarchy] Guessing prefab name from root entity name: 'PauseMenu' -> 'PauseMenu.prefab'
[04:45:41.092] [info] [RenderingCollection] DrawEntities2D executing. Group: PauseScene Camera: 2263280632320
[04:45:41.092] [info] [SpritePipeline] Drawing 5 sorted sprites.
[04:45:41.092] [info] [RenderingCollection] ExecutePostProcess3D for scene: ./Assets/Scene/RenderTexture/PauseScene
[04:45:41.092] [info] [Engine] CopyResource: Copying to resource at 2262811014320
[04:45:41.092] [error] PostProcessFog::Execute: main camera is null
[04:45:41.092] [info] [RenderingCollection] ExecutePostProcessScreen for scene: ./Assets/Scene/RenderTexture/PauseScene
[04:45:41.101] [info] [UI Hierarchy] Guessing prefab name from root entity name: 'PauseMenu' -> 'PauseMenu.prefab'
[04:45:41.101] [info] [UI Hierarchy] Guessing prefab name from root entity name: 'PauseMenu' -> 'PauseMenu.prefab'
[04:45:41.101] [info] [RenderingCollection] DrawEntities2D executing. Group: PauseScene Camera: 2263280632320
[04:45:41.101] [info] [SpritePipeline] Drawing 5 sorted sprites.
[04:45:41.101] [info] [RenderingCollection] ExecutePostProcess3D for scene: ./Assets/Scene/RenderTexture/PauseScene
[04:45:41.101] [error] PostProcessFog::Execute: main camera is null
[04:45:41.101] [info] [RenderingCollection] ExecutePostProcessScreen for scene: ./Assets/Scene/RenderTexture/PauseScene
[04:45:41.111] [info] [UI Hierarchy] Guessing prefab name from root entity name: 'PauseMenu' -> 'PauseMenu.prefab'
[04:45:41.111] [info] [UI Hierarchy] Guessing prefab name from root entity name: 'PauseMenu' -> 'PauseMenu.prefab'
[04:45:41.111] [info] [RenderingCollection] DrawEntities2D executing. Group: PauseScene Camera: 2263280632320
[04:45:41.111] [info] [SpritePipeline] Drawing 5 sorted sprites.
[04:45:41.111] [info] [RenderingCollection] ExecutePostProcess3D for scene: ./Assets/Scene/RenderTexture/PauseScene
[04:45:41.111] [error] PostProcessFog::Execute: main camera is null
[04:45:41.111] [info] [RenderingCollection] ExecutePostProcessScreen for scene: ./Assets/Scene/RenderTexture/PauseScene
[04:45:41.120] [info] [UI Hierarchy] Guessing prefab name from root entity name: 'PauseMenu' -> 'PauseMenu.prefab'
[04:45:41.121] [info] [UI Hierarchy] Guessing prefab name from root entity name: 'PauseMenu' -> 'PauseMenu.prefab'
[04:45:41.121] [info] [RenderingCollection] DrawEntities2D executing. Group: PauseScene Camera: 2263280632320
[04:45:41.121] [info] [SpritePipeline] Drawing 5 sorted sprites.
[04:45:41.121] [info] [RenderingCollection] ExecutePostProcess3D for scene: ./Assets/Scene/RenderTexture/PauseScene
[04:45:41.121] [error] PostProcessFog::Execute: main camera is null
[04:45:41.121] [info] [RenderingCollection] ExecutePostProcessScreen for scene: ./Assets/Scene/RenderTexture/PauseScene
[04:45:41.130] [info] [UI Hierarchy] Guessing prefab name from root entity name: 'PauseMenu' -> 'PauseMenu.prefab'
[04:45:41.131] [info] [UI Hierarchy] Guessing prefab name from root entity name: 'PauseMenu' -> 'PauseMenu.prefab'
[04:45:41.131] [info] [RenderingCollection] DrawEntities2D executing. Group: PauseScene Camera: 2263280632320
[04:45:41.131] [info] [SpritePipeline] Drawing 5 sorted sprites.
[04:45:41.131] [info] [RenderingCollection] ExecutePostProcess3D for scene: ./Assets/Scene/RenderTexture/PauseScene
[04:45:41.131] [error] PostProcessFog::Execute: main camera is null
[04:45:41.131] [info] [RenderingCollection] ExecutePostProcessScreen for scene: ./Assets/Scene/RenderTexture/PauseScene
[04:45:41.141] [info] [UI Hierarchy] Guessing prefab name from root entity name: 'PauseMenu' -> 'PauseMenu.prefab'
[04:45:41.141] [info] [UI Hierarchy] Guessing prefab name from root entity name: 'PauseMenu' -> 'PauseMenu.prefab'
[04:45:41.141] [info] [RenderingCollection] DrawEntities2D executing. Group: PauseScene Camera: 2263280632320
[04:45:41.141] [info] [SpritePipeline] Drawing 5 sorted sprites.
[04:45:41.141] [info] [RenderingCollection] ExecutePostProcess3D for scene: ./Assets/Scene/RenderTexture/PauseScene
[04:45:41.141] [error] PostProcessFog::Execute: main camera is null
[04:45:41.141] [info] [RenderingCollection] ExecutePostProcessScreen for scene: ./Assets/Scene/RenderTexture/PauseScene
[04:45:41.150] [info] [UI Hierarchy] Guessing prefab name from root entity name: 'PauseMenu' -> 'PauseMenu.prefab'
[04:45:41.150] [info] [UI Hierarchy] Guessing prefab name from root entity name: 'PauseMenu' -> 'PauseMenu.prefab'
[04:45:41.150] [info] [RenderingCollection] DrawEntities2D executing. Group: PauseScene Camera: 2263280632320
[04:45:41.150] [info] [SpritePipeline] Drawing 5 sorted sprites.
[04:45:41.150] [info] [RenderingCollection] ExecutePostProcess3D for scene: ./Assets/Scene/RenderTexture/PauseScene
[04:45:41.151] [error] PostProcessFog::Execute: main camera is null
[04:45:41.151] [info] [RenderingCollection] ExecutePostProcessScreen for scene: ./Assets/Scene/RenderTexture/PauseScene
[04:45:41.160] [info] [UI Hierarchy] Guessing prefab name from root entity name: 'PauseMenu' -> 'PauseMenu.prefab'
[04:45:41.160] [info] [UI Hierarchy] Guessing prefab name from root entity name: 'PauseMenu' -> 'PauseMenu.prefab'
[04:45:41.160] [error] PostProcessFog::Execute: main camera is null
[04:45:41.170] [info] [UI Hierarchy] Guessing prefab name from root entity name: 'PauseMenu' -> 'PauseMenu.prefab'
[04:45:41.170] [info] [UI Hierarchy] Guessing prefab name from root entity name: 'PauseMenu' -> 'PauseMenu.prefab'
[04:45:41.170] [error] PostProcessFog::Execute: main camera is null
[04:45:41.180] [info] [UI Hierarchy] Guessing prefab name from root entity name: 'PauseMenu' -> 'PauseMenu.prefab'
[04:45:41.181] [info] [UI Hierarchy] Guessing prefab name from root entity name: 'PauseMenu' -> 'PauseMenu.prefab'
[04:45:41.181] [error] PostProcessFog::Execute: main camera is null
[04:45:41.190] [info] [UI Hierarchy] Guessing prefab name from root entity name: 'PauseMenu' -> 'PauseMenu.prefab'
[04:45:41.191] [info] [UI Hierarchy] Guessing prefab name from root entity name: 'PauseMenu' -> 'PauseMenu.prefab'
[04:45:41.191] [error] PostProcessFog::Execute: main camera is null
[04:45:41.201] [info] [UI Hierarchy] Guessing prefab name from root entity name: 'PauseMenu' -> 'PauseMenu.prefab'
[04:45:41.201] [info] [UI Hierarchy] Guessing prefab name from root entity name: 'PauseMenu' -> 'PauseMenu.prefab'
[04:45:41.201] [error] PostProcessFog::Execute: main camera is null
[04:45:41.210] [info] [UI Hierarchy] Guessing prefab name from root entity name: 'PauseMenu' -> 'PauseMenu.prefab'
[04:45:41.210] [info] [UI Hierarchy] Guessing prefab name from root entity name: 'PauseMenu' -> 'PauseMenu.prefab'
[04:45:41.211] [error] PostProcessFog::Execute: main camera is null
[04:45:41.221] [info] [UI Hierarchy] Guessing prefab name from root entity name: 'PauseMenu' -> 'PauseMenu.prefab'
[04:45:41.221] [info] [UI Hierarchy] Guessing prefab name from root entity name: 'PauseMenu' -> 'PauseMenu.prefab'
[04:45:41.221] [error] PostProcessFog::Execute: main camera is null
[04:45:41.230] [info] [UI Hierarchy] Guessing prefab name from root entity name: 'PauseMenu' -> 'PauseMenu.prefab'
[04:45:41.230] [info] [UI Hierarchy] Guessing prefab name from root entity name: 'PauseMenu' -> 'PauseMenu.prefab'
[04:45:41.231] [error] PostProcessFog::Execute: main camera is null
[04:45:41.241] [info] [UI Hierarchy] Guessing prefab name from root entity name: 'PauseMenu' -> 'PauseMenu.prefab'
[04:45:41.241] [info] [UI Hierarchy] Guessing prefab name from root entity name: 'PauseMenu' -> 'PauseMenu.prefab'
[04:45:41.241] [error] PostProcessFog::Execute: main camera is null
[04:45:41.250] [info] [UI Hierarchy] Guessing prefab name from root entity name: 'PauseMenu' -> 'PauseMenu.prefab'
[04:45:41.250] [info] [UI Hierarchy] Guessing prefab name from root entity name: 'PauseMenu' -> 'PauseMenu.prefab'
[04:45:41.250] [error] PostProcessFog::Execute: main camera is null
[04:45:41.261] [info] [UI Hierarchy] Guessing prefab name from root entity name: 'PauseMenu' -> 'PauseMenu.prefab'
[04:45:41.261] [info] [UI Hierarchy] Guessing prefab name from root entity name: 'PauseMenu' -> 'PauseMenu.prefab'
[04:45:41.261] [error] PostProcessFog::Execute: main camera is null
[04:45:41.270] [info] [UI Hierarchy] Guessing prefab name from root entity name: 'PauseMenu' -> 'PauseMenu.prefab'
[04:45:41.271] [info] [UI Hierarchy] Guessing prefab name from root entity name: 'PauseMenu' -> 'PauseMenu.prefab'
[04:45:41.271] [error] PostProcessFog::Execute: main camera is null
[04:45:41.280] [info] [UI Hierarchy] Guessing prefab name from root entity name: 'PauseMenu' -> 'PauseMenu.prefab'
[04:45:41.281] [info] [UI Hierarchy] Guessing prefab name from root entity name: 'PauseMenu' -> 'PauseMenu.prefab'
[04:45:41.281] [error] PostProcessFog::Execute: main camera is null
[04:45:41.290] [info] [UI Hierarchy] Guessing prefab name from root entity name: 'PauseMenu' -> 'PauseMenu.prefab'
[04:45:41.291] [info] [UI Hierarchy] Guessing prefab name from root entity name: 'PauseMenu' -> 'PauseMenu.prefab'
[04:45:41.291] [error] PostProcessFog::Execute: main camera is null
[04:45:41.300] [info] [UI Hierarchy] Guessing prefab name from root entity name: 'PauseMenu' -> 'PauseMenu.prefab'
[04:45:41.300] [info] [UI Hierarchy] Guessing prefab name from root entity name: 'PauseMenu' -> 'PauseMenu.prefab'
[04:45:41.301] [error] PostProcessFog::Execute: main camera is null
[04:45:41.310] [info] [UI Hierarchy] Guessing prefab name from root entity name: 'PauseMenu' -> 'PauseMenu.prefab'
[04:45:41.310] [info] [UI Hierarchy] Guessing prefab name from root entity name: 'PauseMenu' -> 'PauseMenu.prefab'
[04:45:41.310] [error] PostProcessFog::Execute: main camera is null
[04:45:41.320] [info] [UI Hierarchy] Guessing prefab name from root entity name: 'PauseMenu' -> 'PauseMenu.prefab'
[04:45:41.320] [info] [UI Hierarchy] Guessing prefab name from root entity name: 'PauseMenu' -> 'PauseMenu.prefab'
[04:45:41.320] [error] PostProcessFog::Execute: main camera is null
[04:45:41.330] [info] [UI Hierarchy] Guessing prefab name from root entity name: 'PauseMenu' -> 'PauseMenu.prefab'
[04:45:41.331] [info] [UI Hierarchy] Guessing prefab name from root entity name: 'PauseMenu' -> 'PauseMenu.prefab'
[04:45:41.331] [error] PostProcessFog::Execute: main camera is null
[04:45:41.340] [info] [UI Hierarchy] Guessing prefab name from root entity name: 'PauseMenu' -> 'PauseMenu.prefab'
[04:45:41.340] [info] [UI Hierarchy] Guessing prefab name from root entity name: 'PauseMenu' -> 'PauseMenu.prefab'
[04:45:41.340] [error] PostProcessFog::Execute: main camera is null
[04:45:41.350] [info] [UI Hierarchy] Guessing prefab name from root entity name: 'PauseMenu' -> 'PauseMenu.prefab'
[04:45:41.350] [info] [UI Hierarchy] Guessing prefab name from root entity name: 'PauseMenu' -> 'PauseMenu.prefab'
[04:45:41.351] [error] PostProcessFog::Execute: main camera is null
[04:45:41.360] [info] [UI Hierarchy] Guessing prefab name from root entity name: 'PauseMenu' -> 'PauseMenu.prefab'
[04:45:41.360] [info] [UI Hierarchy] Guessing prefab name from root entity name: 'PauseMenu' -> 'PauseMenu.prefab'
[04:45:41.360] [error] PostProcessFog::Execute: main camera is null
[04:45:41.370] [info] [UI Hierarchy] Guessing prefab name from root entity name: 'PauseMenu' -> 'PauseMenu.prefab'
[04:45:41.370] [info] [UI Hierarchy] Guessing prefab name from root entity name: 'PauseMenu' -> 'PauseMenu.prefab'
[04:45:41.370] [error] PostProcessFog::Execute: main camera is null
[04:45:41.380] [info] [UI Hierarchy] Guessing prefab name from root entity name: 'PauseMenu' -> 'PauseMenu.prefab'
[04:45:41.381] [info] [UI Hierarchy] Guessing prefab name from root entity name: 'PauseMenu' -> 'PauseMenu.prefab'
[04:45:41.381] [error] PostProcessFog::Execute: main camera is null
[04:45:41.390] [info] [UI Hierarchy] Guessing prefab name from root entity name: 'PauseMenu' -> 'PauseMenu.prefab'
[04:45:41.390] [info] [UI Hierarchy] Guessing prefab name from root entity name: 'PauseMenu' -> 'PauseMenu.prefab'
[04:45:41.391] [error] PostProcessFog::Execute: main camera is null
[04:45:41.400] [info] [UI Hierarchy] Guessing prefab name from root entity name: 'PauseMenu' -> 'PauseMenu.prefab'
[04:45:41.400] [info] [UI Hierarchy] Guessing prefab name from root entity name: 'PauseMenu' -> 'PauseMenu.prefab'
[04:45:41.400] [error] PostProcessFog::Execute: main camera is null
[04:45:41.410] [info] [UI Hierarchy] Guessing prefab name from root entity name: 'PauseMenu' -> 'PauseMenu.prefab'
[04:45:41.410] [info] [UI Hierarchy] Guessing prefab name from root entity name: 'PauseMenu' -> 'PauseMenu.prefab'
[04:45:41.411] [error] PostProcessFog::Execute: main camera is null
[04:45:41.420] [info] [UI Hierarchy] Guessing prefab name from root entity name: 'PauseMenu' -> 'PauseMenu.prefab'
[04:45:41.420] [info] [UI Hierarchy] Guessing prefab name from root entity name: 'PauseMenu' -> 'PauseMenu.prefab'
[04:45:41.420] [error] PostProcessFog::Execute: main camera is null
[04:45:41.430] [info] [UI Hierarchy] Guessing prefab name from root entity name: 'PauseMenu' -> 'PauseMenu.prefab'
[04:45:41.430] [info] [UI Hierarchy] Guessing prefab name from root entity name: 'PauseMenu' -> 'PauseMenu.prefab'
[04:45:41.430] [error] PostProcessFog::Execute: main camera is null
[04:45:41.440] [info] [UI Hierarchy] Guessing prefab name from root entity name: 'PauseMenu' -> 'PauseMenu.prefab'
[04:45:41.440] [info] [UI Hierarchy] Guessing prefab name from root entity name: 'PauseMenu' -> 'PauseMenu.prefab'
[04:45:41.440] [error] PostProcessFog::Execute: main camera is null
[04:45:41.450] [info] [UI Hierarchy] Guessing prefab name from root entity name: 'PauseMenu' -> 'PauseMenu.prefab'
[04:45:41.450] [info] [UI Hierarchy] Guessing prefab name from root entity name: 'PauseMenu' -> 'PauseMenu.prefab'
[04:45:41.450] [error] PostProcessFog::Execute: main camera is null
[04:45:41.460] [info] [UI Hierarchy] Guessing prefab name from root entity name: 'PauseMenu' -> 'PauseMenu.prefab'
[04:45:41.460] [info] [UI Hierarchy] Guessing prefab name from root entity name: 'PauseMenu' -> 'PauseMenu.prefab'
[04:45:41.460] [error] PostProcessFog::Execute: main camera is null
[04:45:41.480] [info] [UI Hierarchy] Guessing prefab name from root entity name: 'PauseMenu' -> 'PauseMenu.prefab'
[04:45:41.480] [info] [UI Hierarchy] Guessing prefab name from root entity name: 'PauseMenu' -> 'PauseMenu.prefab'
[04:45:41.480] [error] PostProcessFog::Execute: main camera is null
[04:45:41.490] [info] [UI Hierarchy] Guessing prefab name from root entity name: 'PauseMenu' -> 'PauseMenu.prefab'
[04:45:41.490] [info] [UI Hierarchy] Guessing prefab name from root entity name: 'PauseMenu' -> 'PauseMenu.prefab'
[04:45:41.490] [error] PostProcessFog::Execute: main camera is null
[04:45:41.501] [info] [UI Hierarchy] Guessing prefab name from root entity name: 'PauseMenu' -> 'PauseMenu.prefab'
[04:45:41.501] [info] [UI Hierarchy] Guessing prefab name from root entity name: 'PauseMenu' -> 'PauseMenu.prefab'
[04:45:41.501] [error] PostProcessFog::Execute: main camera is null
[04:45:41.510] [info] [UI Hierarchy] Guessing prefab name from root entity name: 'PauseMenu' -> 'PauseMenu.prefab'
[04:45:41.511] [info] [UI Hierarchy] Guessing prefab name from root entity name: 'PauseMenu' -> 'PauseMenu.prefab'
[04:45:41.511] [error] PostProcessFog::Execute: main camera is null
[04:45:41.520] [info] [UI Hierarchy] Guessing prefab name from root entity name: 'PauseMenu' -> 'PauseMenu.prefab'
[04:45:41.521] [info] [UI Hierarchy] Guessing prefab name from root entity name: 'PauseMenu' -> 'PauseMenu.prefab'
[04:45:41.521] [error] PostProcessFog::Execute: main camera is null
[04:45:41.531] [info] [UI Hierarchy] Guessing prefab name from root entity name: 'PauseMenu' -> 'PauseMenu.prefab'
[04:45:41.531] [info] [UI Hierarchy] Guessing prefab name from root entity name: 'PauseMenu' -> 'PauseMenu.prefab'
[04:45:41.531] [error] PostProcessFog::Execute: main camera is null
[04:45:41.541] [info] [UI Hierarchy] Guessing prefab name from root entity name: 'PauseMenu' -> 'PauseMenu.prefab'
[04:45:41.541] [info] [UI Hierarchy] Guessing prefab name from root entity name: 'PauseMenu' -> 'PauseMenu.prefab'
[04:45:41.541] [error] PostProcessFog::Execute: main camera is null
[04:45:41.550] [info] [UI Hierarchy] Guessing prefab name from root entity name: 'PauseMenu' -> 'PauseMenu.prefab'
[04:45:41.551] [info] [UI Hierarchy] Guessing prefab name from root entity name: 'PauseMenu' -> 'PauseMenu.prefab'
[04:45:41.551] [error] PostProcessFog::Execute: main camera is null
[04:45:41.561] [info] [UI Hierarchy] Guessing prefab name from root entity name: 'PauseMenu' -> 'PauseMenu.prefab'
[04:45:41.561] [info] [UI Hierarchy] Guessing prefab name from root entity name: 'PauseMenu' -> 'PauseMenu.prefab'
[04:45:41.561] [error] PostProcessFog::Execute: main camera is null
[04:45:41.570] [info] [UI Hierarchy] Guessing prefab name from root entity name: 'PauseMenu' -> 'PauseMenu.prefab'
[04:45:41.571] [info] [UI Hierarchy] Guessing prefab name from root entity name: 'PauseMenu' -> 'PauseMenu.prefab'
[04:45:41.571] [error] PostProcessFog::Execute: main camera is null
[04:45:41.580] [info] [UI Hierarchy] Guessing prefab name from root entity name: 'PauseMenu' -> 'PauseMenu.prefab'
[04:45:41.580] [info] [UI Hierarchy] Guessing prefab name from root entity name: 'PauseMenu' -> 'PauseMenu.prefab'
[04:45:41.581] [error] PostProcessFog::Execute: main camera is null
[04:45:41.590] [info] [UI Hierarchy] Guessing prefab name from root entity name: 'PauseMenu' -> 'PauseMenu.prefab'
[04:45:41.591] [info] [UI Hierarchy] Guessing prefab name from root entity name: 'PauseMenu' -> 'PauseMenu.prefab'
[04:45:41.591] [error] PostProcessFog::Execute: main camera is null
[04:45:41.600] [info] [UI Hierarchy] Guessing prefab name from root entity name: 'PauseMenu' -> 'PauseMenu.prefab'
[04:45:41.600] [info] [UI Hierarchy] Guessing prefab name from root entity name: 'PauseMenu' -> 'PauseMenu.prefab'
[04:45:41.601] [error] PostProcessFog::Execute: main camera is null
[04:45:41.610] [info] [UI Hierarchy] Guessing prefab name from root entity name: 'PauseMenu' -> 'PauseMenu.prefab'
[04:45:41.610] [info] [UI Hierarchy] Guessing prefab name from root entity name: 'PauseMenu' -> 'PauseMenu.prefab'
[04:45:41.610] [error] PostProcessFog::Execute: main camera is null
[04:45:41.620] [info] [UI Hierarchy] Guessing prefab name from root entity name: 'PauseMenu' -> 'PauseMenu.prefab'
[04:45:41.620] [info] [UI Hierarchy] Guessing prefab name from root entity name: 'PauseMenu' -> 'PauseMenu.prefab'
[04:45:41.620] [error] PostProcessFog::Execute: main camera is null
[04:45:41.630] [info] [UI Hierarchy] Guessing prefab name from root entity name: 'PauseMenu' -> 'PauseMenu.prefab'
[04:45:41.630] [info] [UI Hierarchy] Guessing prefab name from root entity name: 'PauseMenu' -> 'PauseMenu.prefab'
[04:45:41.631] [error] PostProcessFog::Execute: main camera is null
[04:45:41.640] [info] [UI Hierarchy] Guessing prefab name from root entity name: 'PauseMenu' -> 'PauseMenu.prefab'
[04:45:41.640] [info] [UI Hierarchy] Guessing prefab name from root entity name: 'PauseMenu' -> 'PauseMenu.prefab'
[04:45:41.640] [error] PostProcessFog::Execute: main camera is null
[04:45:41.650] [info] [UI Hierarchy] Guessing prefab name from root entity name: 'PauseMenu' -> 'PauseMenu.prefab'
[04:45:41.650] [info] [UI Hierarchy] Guessing prefab name from root entity name: 'PauseMenu' -> 'PauseMenu.prefab'
[04:45:41.651] [error] PostProcessFog::Execute: main camera is null
[04:45:41.660] [info] [UI Hierarchy] Guessing prefab name from root entity name: 'PauseMenu' -> 'PauseMenu.prefab'
[04:45:41.660] [info] [UI Hierarchy] Guessing prefab name from root entity name: 'PauseMenu' -> 'PauseMenu.prefab'
[04:45:41.660] [error] PostProcessFog::Execute: main camera is null
[04:45:41.757] [info] [UI Hierarchy] Guessing prefab name from root entity name: 'PauseMenu' -> 'PauseMenu.prefab'
[04:45:41.757] [info] [UI Hierarchy] Guessing prefab name from root entity name: 'PauseMenu' -> 'PauseMenu.prefab'
[04:45:41.758] [error] PostProcessFog::Execute: main camera is null
[04:45:41.761] [info] [UI Hierarchy] Guessing prefab name from root entity name: 'PauseMenu' -> 'PauseMenu.prefab'
[04:45:41.761] [info] [UI Hierarchy] Guessing prefab name from root entity name: 'PauseMenu' -> 'PauseMenu.prefab'
[04:45:41.761] [error] PostProcessFog::Execute: main camera is null
[04:45:41.764] [info] [SerializeField] field=isActive_ has=true
[04:45:41.764] [info] [SerializeField] field=moveSpeed_ has=true
[04:45:41.764] [info] [SerializeField] field=dragSensitivity_ has=true
[04:45:41.764] [info] [SerializeField] field=position_ has=true
[04:45:41.764] [info] [SerializeField] field=scale_ has=true
[04:45:41.764] [info] [SerializeField] field=velocity_ has=true
[04:45:41.766] [info] [Mono][info] GC_MAJOR: (user request) time 0.40ms, stw 0.48ms los size: 0K in use: 0K
[04:45:41.766] [info] [Mono][info] GC_MAJOR_SWEEP: major size: 624K in use: 23K
[04:45:41.775] [info] [Mono][info] Unloading domain MyRootDomain[0000020EE2A2D0C0], assembly mscorlib[0000020ED9DEFC20], ref_count=5
[04:45:41.775] [info] [Mono][info] Assembly image 'C:\Users\k023g\source\repos\TD4-2-Clone2\Project\Packages\mono\lib\4.5\mscorlib.dll' [0000020EE27A9380] still loaded at shutdown.
[04:45:41.775] [info] [Mono][info] Assembly image 'C:\Users\k023g\source\repos\TD4-2-Clone2\Project\Packages\mono\lib\4.5\System.Core.dll' [0000020EE27AA220] still loaded at shutdown.
[04:45:41.775] [info] [Mono][info] Assembly image 'C:\Users\k023g\source\repos\TD4-2-Clone2\Project\Packages\mono\lib\4.5\System.dll' [0000020EE27A7640] still loaded at shutdown.
[04:45:41.776] [info] [Mono][info] Assembly image 'C:\Users\k023g\source\repos\TD4-2-Clone2\Project\Packages\Scripts\CSharpLibrary_20260706_041636.dll' [0000020EE27A9AD0] still loaded at shutdown.
[04:45:41.776] [info] Logger finalized.
