C:\Users\k023g\source\repos\TD4-2-Clone2\Project\Externals\imgui-node-editor\crude_json.h(150,28): warning C4996: 'std::aligned_storage<40,8>': warning STL4034: std::aligned_storage and std::aligned_storage_t are deprecated in C++23. Prefer alignas(T) std::byte t_buff[sizeof(T)]. You can define _SILENCE_CXX23_ALIGNED_STORAGE_DEPRECATION_WARNING or _SILENCE_ALL_CXX23_DEPRECATION_WARNINGS to suppress this warning. [C:\Users\k023g\source\repos\TD4-2-Clone2\Project\Externals\ImGui\ImGui.vcxproj]
C:\Users\k023g\source\repos\TD4-2-Clone2\Project\Externals\imgui-node-editor\crude_json.h(150,66): warning C4996: 'std::aligned_storage<40,8>::type': warning STL4034: std::aligned_storage and std::aligned_storage_t are deprecated in C++23. Prefer alignas(T) std::byte t_buff[sizeof(T)]. You can define _SILENCE_CXX23_ALIGNED_STORAGE_DEPRECATION_WARNING or _SILENCE_ALL_CXX23_DEPRECATION_WARNINGS to suppress this warning. [C:\Users\k023g\source\repos\TD4-2-Clone2\Project\Externals\ImGui\ImGui.vcxproj]
C:\Users\k023g\source\repos\TD4-2-Clone2\Project\Externals\imgui-node-editor\crude_json.h(150,28): warning C4996: 'std::aligned_storage<40,8>': warning STL4034: std::aligned_storage and std::aligned_storage_t are deprecated in C++23. Prefer alignas(T) std::byte t_buff[sizeof(T)]. You can define _SILENCE_CXX23_ALIGNED_STORAGE_DEPRECATION_WARNING or _SILENCE_ALL_CXX23_DEPRECATION_WARNINGS to suppress this warning. [C:\Users\k023g\source\repos\TD4-2-Clone2\Project\Externals\ImGui\ImGui.vcxproj]
C:\Users\k023g\source\repos\TD4-2-Clone2\Project\Externals\imgui-node-editor\crude_json.h(150,66): warning C4996: 'std::aligned_storage<40,8>::type': warning STL4034: std::aligned_storage and std::aligned_storage_t are deprecated in C++23. Prefer alignas(T) std::byte t_buff[sizeof(T)]. You can define _SILENCE_CXX23_ALIGNED_STORAGE_DEPRECATION_WARNING or _SILENCE_ALL_CXX23_DEPRECATION_WARNINGS to suppress this warning. [C:\Users\k023g\source\repos\TD4-2-Clone2\Project\Externals\ImGui\ImGui.vcxproj]
C:\Users\k023g\source\repos\TD4-2-Clone2\Project\Externals\imgui-node-editor\crude_json.h(150,28): warning C4996: 'std::aligned_storage<40,8>': warning STL4034: std::aligned_storage and std::aligned_storage_t are deprecated in C++23. Prefer alignas(T) std::byte t_buff[sizeof(T)]. You can define _SILENCE_CXX23_ALIGNED_STORAGE_DEPRECATION_WARNING or _SILENCE_ALL_CXX23_DEPRECATION_WARNINGS to suppress this warning. [C:\Users\k023g\source\repos\TD4-2-Clone2\Project\Externals\ImGui\ImGui.vcxproj]
C:\Users\k023g\source\repos\TD4-2-Clone2\Project\Externals\imgui-node-editor\crude_json.h(150,66): warning C4996: 'std::aligned_storage<40,8>::type': warning STL4034: std::aligned_storage and std::aligned_storage_t are deprecated in C++23. Prefer alignas(T) std::byte t_buff[sizeof(T)]. You can define _SILENCE_CXX23_ALIGNED_STORAGE_DEPRECATION_WARNING or _SILENCE_ALL_CXX23_DEPRECATION_WARNINGS to suppress this warning. [C:\Users\k023g\source\repos\TD4-2-Clone2\Project\Externals\ImGui\ImGui.vcxproj]
C:\Users\k023g\source\repos\TD4-2-Clone2\Project\Engine\Asset\Assets\Shader\ShaderLoader.cpp(25,88): warning C4100: 'src': 参照されないパラメーター [C:\Users\k023g\source\repos\TD4-2-Clone2\Project\ONEngine.vcxproj]
C:\Users\k023g\source\repos\TD4-2-Clone2\Project\Engine\Asset\Assets\Material\Material.cpp(126,47): warning C4458: 'guid' を宣言すると、クラス メンバーが隠蔽されます [C:\Users\k023g\source\repos\TD4-2-Clone2\Project\ONEngine.vcxproj]
C:\Users\k023g\source\repos\TD4-2-Clone2\Project\Engine\Asset\Assets\Material\Material.cpp(144,49): warning C4458: 'guid' を宣言すると、クラス メンバーが隠蔽されます [C:\Users\k023g\source\repos\TD4-2-Clone2\Project\ONEngine.vcxproj]
C:\Users\k023g\source\repos\TD4-2-Clone2\Project\Engine\Core\GameFramework\GameFramework.cpp(120,65): warning C4100: 'config': 参照されないパラメーター [C:\Users\k023g\source\repos\TD4-2-Clone2\Project\ONEngine.vcxproj]
C:\Users\k023g\source\repos\TD4-2-Clone2\Project\Engine\ECS\Component\Components\ComputeComponents\Animator\Animator.cpp(153,31): warning C4457: 'j' を宣言すると、関数パラメーターが隠蔽されます [C:\Users\k023g\source\repos\TD4-2-Clone2\Project\ONEngine.vcxproj]
C:\Users\k023g\source\repos\TD4-2-Clone2\Project\Engine\ECS\Component\Components\ComputeComponents\Animator\Animator.cpp(185,23): warning C4457: 'j' を宣言すると、関数パラメーターが隠蔽されます [C:\Users\k023g\source\repos\TD4-2-Clone2\Project\ONEngine.vcxproj]
C:\Users\k023g\source\repos\TD4-2-Clone2\Project\Engine\ECS\Component\Components\ComputeComponents\ShadowCaster\ShadowCaster.cpp(42,17): warning C4457: 'shadowCaster' を宣言すると、関数パラメーターが隠蔽されます [C:\Users\k023g\source\repos\TD4-2-Clone2\Project\ONEngine.vcxproj]
C:\Users\k023g\source\repos\TD4-2-Clone2\Project\Engine\ECS\Component\Components\ComputeComponents\ShadowCaster\ShadowCaster.cpp(42,1): warning C4700: 初期化されていないローカル変数 'shadowCaster' が使用されます [C:\Users\k023g\source\repos\TD4-2-Clone2\Project\ONEngine.vcxproj]
C:\Users\k023g\source\repos\TD4-2-Clone2\Project\Engine\ECS\Component\Components\RendererComponents\ScreenPostEffectTag\ScreenPostEffectTag.cpp(84,73): warning C4458: 'enable' を宣言すると、クラス メンバーが隠蔽されます [C:\Users\k023g\source\repos\TD4-2-Clone2\Project\ONEngine.vcxproj]
C:\Users\k023g\source\repos\TD4-2-Clone2\Project\Engine\ECS\Component\Components\ComputeComponents\Variables\Variables.cpp(168,1): warning C4702: 制御が渡らないコードです。 [C:\Users\k023g\source\repos\TD4-2-Clone2\Project\ONEngine.vcxproj]
C:\Users\k023g\source\repos\TD4-2-Clone2\Project\Engine\ECS\Component\Components\ComputeComponents\Variables\Variables.cpp(168,1): warning C4702: 制御が渡らないコードです。 [C:\Users\k023g\source\repos\TD4-2-Clone2\Project\ONEngine.vcxproj]
C:\Users\k023g\source\repos\TD4-2-Clone2\Project\Engine\ECS\Component\Components\ComputeComponents\Variables\Variables.cpp(168,1): warning C4702: 制御が渡らないコードです。 [C:\Users\k023g\source\repos\TD4-2-Clone2\Project\ONEngine.vcxproj]
C:\Users\k023g\source\repos\TD4-2-Clone2\Project\Engine\ECS\Component\Components\ComputeComponents\Variables\Variables.cpp(168,1): warning C4702: 制御が渡らないコードです。 [C:\Users\k023g\source\repos\TD4-2-Clone2\Project\ONEngine.vcxproj]
C:\Users\k023g\source\repos\TD4-2-Clone2\Project\Engine\ECS\Component\Components\ComputeComponents\Variables\Variables.cpp(168,1): warning C4702: 制御が渡らないコードです。 [C:\Users\k023g\source\repos\TD4-2-Clone2\Project\ONEngine.vcxproj]
C:\Users\k023g\source\repos\TD4-2-Clone2\Project\Engine\ECS\Component\Components\ComputeComponents\Variables\Variables.cpp(168,1): warning C4702: 制御が渡らないコードです。 [C:\Users\k023g\source\repos\TD4-2-Clone2\Project\ONEngine.vcxproj]
C:\Users\k023g\source\repos\TD4-2-Clone2\Project\Engine\ECS\Component\Components\ComputeComponents\Variables\Variables.cpp(168,1): warning C4702: 制御が渡らないコードです。 [C:\Users\k023g\source\repos\TD4-2-Clone2\Project\ONEngine.vcxproj]
C:\Users\k023g\source\repos\TD4-2-Clone2\Project\Engine\ECS\Component\Components\ComputeComponents\Variables\Variables.cpp(168,1): warning C4702: 制御が渡らないコードです。 [C:\Users\k023g\source\repos\TD4-2-Clone2\Project\ONEngine.vcxproj]
C:\Users\k023g\source\repos\TD4-2-Clone2\Project\Engine\ECS\Component\Components\ComputeComponents\Variables\Variables.cpp(168,1): warning C4702: 制御が渡らないコードです。 [C:\Users\k023g\source\repos\TD4-2-Clone2\Project\ONEngine.vcxproj]
C:\Users\k023g\source\repos\TD4-2-Clone2\Project\Engine\ECS\Component\Components\ComputeComponents\Variables\Variables.cpp(168,1): warning C4702: 制御が渡らないコードです。 [C:\Users\k023g\source\repos\TD4-2-Clone2\Project\ONEngine.vcxproj]
C:\Users\k023g\source\repos\TD4-2-Clone2\Project\Engine\ECS\Component\Components\ComputeComponents\Variables\Variables.cpp(168,1): warning C4702: 制御が渡らないコードです。 [C:\Users\k023g\source\repos\TD4-2-Clone2\Project\ONEngine.vcxproj]
C:\Users\k023g\source\repos\TD4-2-Clone2\Project\Engine\ECS\Component\Components\ComputeComponents\Variables\Variables.cpp(168,1): warning C4702: 制御が渡らないコードです。 [C:\Users\k023g\source\repos\TD4-2-Clone2\Project\ONEngine.vcxproj]
C:\Users\k023g\source\repos\TD4-2-Clone2\Project\Engine\ECS\Component\Components\ComputeComponents\Variables\Variables.cpp(168,1): warning C4702: 制御が渡らないコードです。 [C:\Users\k023g\source\repos\TD4-2-Clone2\Project\ONEngine.vcxproj]
C:\Users\k023g\source\repos\TD4-2-Clone2\Project\Engine\ECS\Component\Components\ComputeComponents\Variables\Variables.cpp(168,1): warning C4702: 制御が渡らないコードです。 [C:\Users\k023g\source\repos\TD4-2-Clone2\Project\ONEngine.vcxproj]
C:\Users\k023g\source\repos\TD4-2-Clone2\Project\Engine\ECS\Component\Components\RendererComponents\SkinMesh\SkinMeshRenderer.cpp(134,8): warning C4189: 'duration': ローカル変数が初期化されましたが、参照されていません [C:\Users\k023g\source\repos\TD4-2-Clone2\Project\ONEngine.vcxproj]
C:\Users\k023g\source\repos\TD4-2-Clone2\Project\Engine\ECS\Component\Components\RendererComponents\SkinMesh\SkinMeshRenderer.cpp(133,8): warning C4189: 'animationTime': ローカル変数が初期化されましたが、参照されていません [C:\Users\k023g\source\repos\TD4-2-Clone2\Project\ONEngine.vcxproj]
C:\Users\k023g\source\repos\TD4-2-Clone2\Project\Engine\ECS\Entity\EntityJsonConverter.cpp(136,103): warning C4100: 'groupName': 参照されないパラメーター [C:\Users\k023g\source\repos\TD4-2-Clone2\Project\ONEngine.vcxproj]
C:\Users\k023g\source\repos\TD4-2-Clone2\Project\Engine\ECS\EntityComponentSystem\ECSGroup.cpp(92,16): warning C4458: 'name' を宣言すると、クラス メンバーが隠蔽されます [C:\Users\k023g\source\repos\TD4-2-Clone2\Project\ONEngine.vcxproj]
C:\Users\k023g\source\repos\TD4-2-Clone2\Project\Engine\ECS\EntityComponentSystem\EntityComponentSystem.cpp(667,71): warning C4100: 'nodeIdHash': 参照されないパラメーター [C:\Users\k023g\source\repos\TD4-2-Clone2\Project\ONEngine.vcxproj]
C:\Users\k023g\source\repos\TD4-2-Clone2\Project\Engine\ECS\System\Animator\AnimatorUpdateSystem.cpp(69,39): warning C4189: 'skinMeshArray': ローカル変数が初期化されましたが、参照されていません [C:\Users\k023g\source\repos\TD4-2-Clone2\Project\ONEngine.vcxproj]
C:\Users\k023g\source\repos\TD4-2-Clone2\Project\Engine\Editor\Math\DragDrop\DragDrop.cpp(12,94): warning C4100: 'guid': 参照されないパラメーター [C:\Users\k023g\source\repos\TD4-2-Clone2\Project\ONEngine.vcxproj]
C:\Users\k023g\source\repos\TD4-2-Clone2\Project\Engine\Editor\Views\Windows\Develop\AnimationEditorWindow.h(25,50): warning C4458: 'clip' を宣言すると、クラス メンバーが隠蔽されます [C:\Users\k023g\source\repos\TD4-2-Clone2\Project\ONEngine.vcxproj]
C:\Users\k023g\source\repos\TD4-2-Clone2\Project\Engine\Editor\Views\Windows\Develop\AnimationEditorWindow.h(41,37): warning C4100: 'typeIndex': 参照されないパラメーター [C:\Users\k023g\source\repos\TD4-2-Clone2\Project\ONEngine.vcxproj]
C:\Users\k023g\source\repos\TD4-2-Clone2\Project\Engine\Editor\Views\Windows\Develop\AnimationEditorWindow.h(62,32): warning C4100: 'index': 参照されないパラメーター [C:\Users\k023g\source\repos\TD4-2-Clone2\Project\ONEngine.vcxproj]
C:\Users\k023g\source\repos\TD4-2-Clone2\Project\Engine\Editor\Views\Windows\Develop\AnimationEditorWindow.h(25,50): warning C4458: 'clip' を宣言すると、クラス メンバーが隠蔽されます [C:\Users\k023g\source\repos\TD4-2-Clone2\Project\ONEngine.vcxproj]
C:\Users\k023g\source\repos\TD4-2-Clone2\Project\Engine\Editor\Views\Windows\Develop\AnimationEditorWindow.h(41,37): warning C4100: 'typeIndex': 参照されないパラメーター [C:\Users\k023g\source\repos\TD4-2-Clone2\Project\ONEngine.vcxproj]
C:\Users\k023g\source\repos\TD4-2-Clone2\Project\Engine\Editor\Views\Windows\Develop\AnimationEditorWindow.h(62,32): warning C4100: 'index': 参照されないパラメーター [C:\Users\k023g\source\repos\TD4-2-Clone2\Project\ONEngine.vcxproj]
C:\Users\k023g\source\repos\TD4-2-Clone2\Project\Engine\Editor\Views\Windows\Develop\AnimationEditorWindow.h(25,50): warning C4458: 'clip' を宣言すると、クラス メンバーが隠蔽されます [C:\Users\k023g\source\repos\TD4-2-Clone2\Project\ONEngine.vcxproj]
C:\Users\k023g\source\repos\TD4-2-Clone2\Project\Engine\Editor\Views\Windows\Develop\AnimationEditorWindow.h(41,37): warning C4100: 'typeIndex': 参照されないパラメーター [C:\Users\k023g\source\repos\TD4-2-Clone2\Project\ONEngine.vcxproj]
C:\Users\k023g\source\repos\TD4-2-Clone2\Project\Engine\Editor\Views\Windows\Develop\AnimationEditorWindow.h(62,32): warning C4100: 'index': 参照されないパラメーター [C:\Users\k023g\source\repos\TD4-2-Clone2\Project\ONEngine.vcxproj]
C:\Users\k023g\source\repos\TD4-2-Clone2\Project\Engine\Editor\Views\Windows\Develop\AnimationEditorWindow.cpp(61,40): warning C4100: 'type': 参照されないパラメーター [C:\Users\k023g\source\repos\TD4-2-Clone2\Project\ONEngine.vcxproj]
C:\Users\k023g\source\repos\TD4-2-Clone2\Project\Engine\Editor\Views\Windows\Develop\AnimationEditorWindow.cpp(373,13): warning C4189: 'oldEnd': ローカル変数が初期化されましたが、参照されていません [C:\Users\k023g\source\repos\TD4-2-Clone2\Project\ONEngine.vcxproj]
C:\Users\k023g\source\repos\TD4-2-Clone2\Project\Engine\Editor\Views\Windows\Develop\AnimationEditorWindow.cpp(372,13): warning C4189: 'oldStart': ローカル変数が初期化されましたが、参照されていません [C:\Users\k023g\source\repos\TD4-2-Clone2\Project\ONEngine.vcxproj]
C:\Users\k023g\source\repos\TD4-2-Clone2\Project\Engine\Editor\Views\Windows\Develop\HierarchyWindow.cpp(198,75): warning C4100: 'userDatas': 参照されないパラメーター [C:\Users\k023g\source\repos\TD4-2-Clone2\Project\ONEngine.vcxproj]
C:\Users\k023g\source\repos\TD4-2-Clone2\Project\Engine\Editor\Views\Windows\Develop\InspectorWindow.cpp(108,81): warning C4100: 'comp': 参照されないパラメーター [C:\Users\k023g\source\repos\TD4-2-Clone2\Project\ONEngine.vcxproj]
C:\Users\k023g\source\repos\TD4-2-Clone2\Project\Engine\Editor\Views\Windows\Develop\InspectorWindow.cpp(109,81): warning C4100: 'comp': 参照されないパラメーター [C:\Users\k023g\source\repos\TD4-2-Clone2\Project\ONEngine.vcxproj]
C:\Users\k023g\source\repos\TD4-2-Clone2\Project\Engine\Editor\Views\Windows\Develop\InspectorWindow.cpp(695,40): warning C4805: '!=': 操作中の型 'int' と型 'bool' の混用は安全ではありません [C:\Users\k023g\source\repos\TD4-2-Clone2\Project\ONEngine.vcxproj]
C:\Users\k023g\source\repos\TD4-2-Clone2\Project\Engine\Editor\Math\MetaData\MetaReflectionUI.h(54,3): warning C4996: 'strncpy': This function or variable may be unsafe. Consider using strncpy_s instead. To disable deprecation, use _CRT_SECURE_NO_WARNINGS. See online help for details. [C:\Users\k023g\source\repos\TD4-2-Clone2\Project\ONEngine.vcxproj]
C:\Users\k023g\source\repos\TD4-2-Clone2\Project\Engine\Graphics\Pipelines\Render\ParticleSystem2D\ParticleSystem2DRenderingPipeline.h(42,5): warning C4324: 'ONEngine::ParticleSystem2DRenderingPipeline::PerSystemData': アラインメント指定子のために構造体がパッドされました [C:\Users\k023g\source\repos\TD4-2-Clone2\Project\ONEngine.vcxproj]
C:\Users\k023g\source\repos\TD4-2-Clone2\Project\Engine\Graphics\Pipelines\Collection\RenderingPipelineCollection.cpp(148,113): warning C4100: '_2dCamera': 参照されないパラメーター [C:\Users\k023g\source\repos\TD4-2-Clone2\Project\ONEngine.vcxproj]
C:\Users\k023g\source\repos\TD4-2-Clone2\Project\Engine\Graphics\Pipelines\Collection\RenderingPipelineCollection.cpp(204,119): warning C4100: '_2dCamera': 参照されないパラメーター [C:\Users\k023g\source\repos\TD4-2-Clone2\Project\ONEngine.vcxproj]
C:\Users\k023g\source\repos\TD4-2-Clone2\Project\Engine\Editor\Views\Windows\Develop\InspectorWindow.cpp(551,1): warning C4702: 制御が渡らないコードです。 [C:\Users\k023g\source\repos\TD4-2-Clone2\Project\ONEngine.vcxproj]
C:\Users\k023g\source\repos\TD4-2-Clone2\Project\Engine\Graphics\Pipelines\Render\Grid\GridRenderingPipeline.cpp(53,44): warning C4100: 'ecs': 参照されないパラメーター [C:\Users\k023g\source\repos\TD4-2-Clone2\Project\ONEngine.vcxproj]
C:\Users\k023g\source\repos\TD4-2-Clone2\Project\Engine\Graphics\Pipelines\Render\ParticleSystem2D\ParticleSystem2DRenderingPipeline.h(42,5): warning C4324: 'ONEngine::ParticleSystem2DRenderingPipeline::PerSystemData': アラインメント指定子のために構造体がパッドされました [C:\Users\k023g\source\repos\TD4-2-Clone2\Project\ONEngine.vcxproj]
C:\Users\k023g\source\repos\TD4-2-Clone2\Project\Engine\Scene\SceneManager.cpp(251,7): warning C4189: 'wasAdditive': ローカル変数が初期化されましたが、参照されていません [C:\Users\k023g\source\repos\TD4-2-Clone2\Project\ONEngine.vcxproj]
